Found eas-cli in your project dependencies.
It's recommended to use the "cli.version" field in eas.json to enforce the eas-cli version for your project.
Learn more: https://github.com/expo/eas-cli#enforcing-eas-cli-version-for-your-project


ÔÜá´©Å Detected that your app uses Expo Go for development, this is not recommended when building production apps.
Learn more: https://expo.fyi/why-not-build-expo-go-for-production
To suppress this warning, set EAS_BUILD_NO_EXPO_GO_WARNING=true.

The field "cli.appVersionSource" is not set, but it will be required in the future. Learn more: https://docs.expo.dev/build-reference/app-versions/
Resolved "production" environment for the build. Learn more: https://docs.expo.dev/eas/environment-variables/#setting-the-environment-for-your-builds
No environment variables with visibility "Plain text" and "Sensitive" found for the "production" environment on EAS.
Environment variables loaded from the "production" build profile "env" configuration: EXPO_PUBLIC_SUPABASE_URL, EXPO_PUBLIC_SUPABASE_KEY.



You need to be on SDK 46 or higher, and use expo-updates >= 0.14.4 to use appVersion runtime policy.
The field "cli.appVersionSource" is not set, but it will be required in the future. Learn more: https://docs.expo.dev/build-reference/app-versions/
Ô£ö Using remote Android credentials (Expo server)
Ô£ö Using Keystore from configuration: Build Credentials jLMp4q6Y_i (default)

Compressing project files and uploading to EAS Build. Learn more: https://expo.fyi/eas-build-archive
- Compressing project files\ Compressing project files| Compressing project files/ Compressing project files- Compressing project files\ Compressing project files| Compressing project files/ Compressing project files- Compressing project filesÔ£ö Compressed project files 2s (5.0 MB)
- Uploading to EAS Build (0 / 5.0 MB)\ Uploading to EAS Build (64.0 KB / 5.0 MB)| Uploading to EAS Build (64.0 KB / 5.0 MB)/ Uploading to EAS Build (64.0 KB / 5.0 MB)- Uploading to EAS Build (64.0 KB / 5.0 MB)\ Uploading to EAS Build (64.0 KB / 5.0 MB)| Uploading to EAS Build (64.0 KB / 5.0 MB)/ Uploading to EAS Build (64.0 KB / 5.0 MB)- Uploading to EAS Build (64.0 KB / 5.0 MB)\ Uploading to EAS Build (64.0 KB / 5.0 MB)| Uploading to EAS Build (64.0 KB / 5.0 MB)/ Uploading to EAS Build (64.0 KB / 5.0 MB)- Uploading to EAS Build (64.0 KB / 5.0 MB)\ Uploading to EAS Build (64.0 KB / 5.0 MB)| Uploading to EAS Build (64.0 KB / 5.0 MB)/ Uploading to EAS Build (64.0 KB / 5.0 MB)- Uploading to EAS Build (64.0 KB / 5.0 MB)\ Uploading to EAS Build (64.0 KB / 5.0 MB)| Uploading to EAS Build (64.0 KB / 5.0 MB)/ Uploading to EAS Build (64.0 KB / 5.0 MB)- Uploading to EAS Build (64.0 KB / 5.0 MB)\ Uploading to EAS Build (64.0 KB / 5.0 MB)| Uploading to EAS Build (64.0 KB / 5.0 MB)/ Uploading to EAS Build (64.0 KB / 5.0 MB)- Uploading to EAS Build (64.0 KB / 5.0 MB)\ Uploading to EAS Build (64.0 KB / 5.0 MB)| Uploading to EAS Build (64.0 KB / 5.0 MB)/ Uploading to EAS Build (64.0 KB / 5.0 MB)- Uploading to EAS Build (64.0 KB / 5.0 MB)\ Uploading to EAS Build (64.0 KB / 5.0 MB)| Uploading to EAS Build (64.0 KB / 5.0 MB)/ Uploading to EAS Build (64.0 KB / 5.0 MB)- Uploading to EAS Build (64.0 KB / 5.0 MB)\ Uploading to EAS Build (64.0 KB / 5.0 MB)| Uploading to EAS Build (64.0 KB / 5.0 MB)/ Uploading to EAS Build (64.0 KB / 5.0 MB)- Uploading to EAS Build (192 KB / 5.0 MB)\ Uploading to EAS Build (192 KB / 5.0 MB)| Uploading to EAS Build (192 KB / 5.0 MB)/ Uploading to EAS Build (192 KB / 5.0 MB)- Uploading to EAS Build (192 KB / 5.0 MB)\ Uploading to EAS Build (192 KB / 5.0 MB)| Uploading to EAS Build (192 KB / 5.0 MB)/ Uploading to EAS Build (192 KB / 5.0 MB)- Uploading to EAS Build (192 KB / 5.0 MB)\ Uploading to EAS Build (192 KB / 5.0 MB)| Uploading to EAS Build (192 KB / 5.0 MB)/ Uploading to EAS Build (192 KB / 5.0 MB)- Uploading to EAS Build (192 KB / 5.0 MB)\ Uploading to EAS Build (192 KB / 5.0 MB)| Uploading to EAS Build (192 KB / 5.0 MB)/ Uploading to EAS Build (192 KB / 5.0 MB)- Uploading to EAS Build (192 KB / 5.0 MB)\ Uploading to EAS Build (192 KB / 5.0 MB)| Uploading to EAS Build (192 KB / 5.0 MB)/ Uploading to EAS Build (192 KB / 5.0 MB)- Uploading to EAS Build (192 KB / 5.0 MB)\ Uploading to EAS Build (192 KB / 5.0 MB)| Uploading to EAS Build (192 KB / 5.0 MB)/ Uploading to EAS Build (192 KB / 5.0 MB)- Uploading to EAS Build (192 KB / 5.0 MB)\ Uploading to EAS Build (192 KB / 5.0 MB)| Uploading to EAS Build (192 KB / 5.0 MB)/ Uploading to EAS Build (256 KB / 5.0 MB)- Uploading to EAS Build (256 KB / 5.0 MB)\ Uploading to EAS Build (256 KB / 5.0 MB)| Uploading to EAS Build (256 KB / 5.0 MB)/ Uploading to EAS Build (256 KB / 5.0 MB)- Uploading to EAS Build (256 KB / 5.0 MB)\ Uploading to EAS Build (448 KB / 5.0 MB)| Uploading to EAS Build (512 KB / 5.0 MB)/ Uploading to EAS Build (512 KB / 5.0 MB)- Uploading to EAS Build (512 KB / 5.0 MB)\ Uploading to EAS Build (576 KB / 5.0 MB)| Uploading to EAS Build (576 KB / 5.0 MB)/ Uploading to EAS Build (576 KB / 5.0 MB)- Uploading to EAS Build (576 KB / 5.0 MB)\ Uploading to EAS Build (576 KB / 5.0 MB)| Uploading to EAS Build (576 KB / 5.0 MB)/ Uploading to EAS Build (640 KB / 5.0 MB)- Uploading to EAS Build (959 KB / 5.0 MB)\ Uploading to EAS Build (1.0 MB / 5.0 MB)| Uploading to EAS Build (1.0 MB / 5.0 MB)/ Uploading to EAS Build (1.6 MB / 5.0 MB)- Uploading to EAS Build (1.8 MB / 5.0 MB)\ Uploading to EAS Build (1.8 MB / 5.0 MB)| Uploading to EAS Build (1.8 MB / 5.0 MB)/ Uploading to EAS Build (1.8 MB / 5.0 MB)- Uploading to EAS Build (1.9 MB / 5.0 MB)\ Uploading to EAS Build (1.9 MB / 5.0 MB)| Uploading to EAS Build (2.1 MB / 5.0 MB)/ Uploading to EAS Build (2.1 MB / 5.0 MB)- Uploading to EAS Build (2.1 MB / 5.0 MB)\ Uploading to EAS Build (2.2 MB / 5.0 MB)| Uploading to EAS Build (2.3 MB / 5.0 MB)/ Uploading to EAS Build (2.4 MB / 5.0 MB)- Uploading to EAS Build (2.6 MB / 5.0 MB)\ Uploading to EAS Build (2.7 MB / 5.0 MB)| Uploading to EAS Build (2.8 MB / 5.0 MB)/ Uploading to EAS Build (2.8 MB / 5.0 MB)- Uploading to EAS Build (2.8 MB / 5.0 MB)\ Uploading to EAS Build (2.8 MB / 5.0 MB)| Uploading to EAS Build (2.9 MB / 5.0 MB)/ Uploading to EAS Build (2.9 MB / 5.0 MB)- Uploading to EAS Build (3.0 MB / 5.0 MB)\ Uploading to EAS Build (3.1 MB / 5.0 MB)| Uploading to EAS Build (3.1 MB / 5.0 MB)/ Uploading to EAS Build (3.2 MB / 5.0 MB)- Uploading to EAS Build (3.2 MB / 5.0 MB)\ Uploading to EAS Build (3.4 MB / 5.0 MB)| Uploading to EAS Build (3.6 MB / 5.0 MB)/ Uploading to EAS Build (5.0 MB / 5.0 MB)- Uploading to EAS Build (5.0 MB / 5.0 MB)\ Uploading to EAS Build (5.0 MB / 5.0 MB)| Uploading to EAS Build (5.0 MB / 5.0 MB)/ Uploading to EAS Build (5.0 MB / 5.0 MB)- Uploading to EAS Build (5.0 MB / 5.0 MB)\ Uploading to EAS Build (5.0 MB / 5.0 MB)| Uploading to EAS Build (5.0 MB / 5.0 MB)/ Uploading to EAS Build (5.0 MB / 5.0 MB)- Uploading to EAS Build (5.0 MB / 5.0 MB)Ô£ö Uploaded to EAS 16s
- Computing project fingerprint\ Computing project fingerprint| Computing project fingerprint/ Computing project fingerprint- Computing project fingerprint\ Computing project fingerprint| Computing project fingerprint/ Computing project fingerprint- Computing project fingerprint\ Computing project fingerprint| Computing project fingerprint/ Computing project fingerprint- Computing project fingerprint\ Computing project fingerprint| Computing project fingerprint/ Computing project fingerprint- Computing project fingerprint\ Computing project fingerprint| Computing project fingerprint/ Computing project fingerprint- Computing project fingerprint\ Computing project fingerprint| Computing project fingerprint/ Computing project fingerprint- Computing project fingerprint\ Computing project fingerprint| Computing project fingerprint/ Computing project fingerprint- Computing project fingerprint\ Computing project fingerprint| Computing project fingerprint/ Computing project fingerprintÔ£ö Computed project fingerprint

See logs: https://expo.dev/accounts/osvaldodelfina02/projects/urnm-congresso/builds/0559fccf-6382-4d19-9bf8-cc1f40bac482

Waiting for build to complete. You can press Ctrl+C to exit.

­ƒñû Android app:
https://expo.dev/artifacts/eas/Ek2quW8WEBgY357UgNrPY.apk

- Waiting for build to complete.\ Waiting for build to complete.| Waiting for build to complete./ Waiting for build to complete.- Waiting for build to complete.\ Build concurrency limit reached for your account. Build will enter queue once a concurrency becomes available. Add additional concurrencies at https://expo.dev/accounts/osvaldodelfina02/settings/billing.| Build concurrency limit reached for your account. Build will enter queue once a concurrency becomes available. Add additional concurrencies at https://expo.dev/accounts/osvaldodelfina02/settings/billing./ Build concurrency limit reached for your account. Build will enter queue once a concurrency becomes available. Add additional concurrencies at https://expo.dev/accounts/osvaldodelfina02/settings/billing.- Build concurrency limit reached for your account. Build will enter queue once a concurrency becomes available. Add additional concurrencies at https://expo.dev/accounts/osvaldodelfina02/settings/billing.\ Build concurrency limit reached for your account. Build will enter queue once a concurrency becomes available. Add additional concurrencies at https://expo.dev/accounts/osvaldodelfina02/settings/billing.| Build concurrency limit reached for your account. Build will enter queue once a concurrency becomes available. Add additional concurrencies at https://expo.dev/accounts/osvaldodelfina02/settings/billing./ Build concurrency limit reached for your account. Build will enter queue once a concurrency becomes available. Add additional concurrencies at https://expo.dev/accounts/osvaldodelfina02/settings/billing.- Build concurrency limit reached for your account. Build will enter queue once a concurrency becomes available. Add additional concurrencies at https://expo.dev/accounts/osvaldodelfina02/settings/billing.\ Build concurrency limit reached for your account. Build will enter queue once a concurrency becomes available. Add additional concurrencies at https://expo.dev/accounts/osvaldodelfina02/settings/billing.| Build concurrency limit reached for your account. Build will enter queue once a concurrency becomes available. Add additional concurrencies at https://expo.dev/accounts/osvaldodelfina02/settings/billing./ Build concurrency limit reached for your account. Build will enter queue once a concurrency becomes available. Add additional concurrencies at https://expo.dev/accounts/osvaldodelfina02/settings/billing.- Build concurrency limit reached for your account. Build will enter queue once a concurrency becomes available. Add additional concurrencies at https://expo.dev/accounts/osvaldodelfina02/settings/billing.\ Build concurrency limit reached for your account. Build will enter queue once a concurrency becomes available. Add additional concurrencies at https://expo.dev/accounts/osvaldodelfina02/settings/billing.| Build concurrency limit reached for your account. Build will enter queue once a concurrency becomes available. Add additional concurrencies at https://expo.dev/accounts/osvaldodelfina02/settings/billing./ Build concurrency limit reached for your account. Build will enter queue once a concurrency becomes available. Add additional concurrencies at https://expo.dev/accounts/osvaldodelfina02/settings/billing.- Build concurrency limit reached for your account. Build will enter queue once a concurrency becomes available. Add additional concurrencies at https://expo.dev/accounts/osvaldodelfina02/settings/billing.\ Build concurrency limit reached for your account. Build will enter queue once a concurrency becomes available. Add additional concurrencies at https://expo.dev/accounts/osvaldodelfina02/settings/billing.| Build concurrency limit reached for your account. Build will enter queue once a concurrency becomes available. Add additional concurrencies at https://expo.dev/accounts/osvaldodelfina02/settings/billing./ Build concurrency limit reached for your account. Build will enter queue once a concurrency becomes available. Add additional concurrencies at https://expo.dev/accounts/osvaldodelfina02/settings/billing.- Build concurrency limit reached for your account. Build will enter queue once a concurrency becomes available. Add additional concurrencies at https://expo.dev/accounts/osvaldodelfina02/settings/billing.\ Build concurrency limit reached for your account. Build will enter queue once a concurrency becomes available. Add additional concurrencies at https://expo.dev/accounts/osvaldodelfina02/settings/billing.| Build concurrency limit reached for your account. Build will enter queue once a concurrency becomes available. Add additional concurrencies at https://expo.dev/accounts/osvaldodelfina02/settings/billing./ Build concurrency limit reached for your account. Build will enter queue once a concurrency becomes available. Add additional concurrencies at https://expo.dev/accounts/osvaldodelfina02/settings/billing.- Build concurrency limit reached for your account. Build will enter queue once a concurrency becomes available. Add additional concurrencies at https://expo.dev/accounts/osvaldodelfina02/settings/billing.\ Build concurrency limit reached for your account. Build will enter queue once a concurrency becomes available. Add additional concurrencies at https://expo.dev/accounts/osvaldodelfina02/settings/billing.| Build concurrency limit reached for your account. Build will enter queue once a concurrency becomes available. Add additional concurrencies at https://expo.dev/accounts/osvaldodelfina02/settings/billing./ Build concurrency limit reached for your account. Build will enter queue once a concurrency becomes available. Add additional concurrencies at https://expo.dev/accounts/osvaldodelfina02/settings/billing.- Build concurrency limit reached for your account. Build will enter queue once a concurrency becomes available. Add additional concurrencies at https://expo.dev/accounts/osvaldodelfina02/settings/billing.\ Build concurrency limit reached for your account. Build will enter queue once a concurrency becomes available. Add additional concurrencies at https://expo.dev/accounts/osvaldodelfina02/settings/billing.| Build concurrency limit reached for your account. Build will enter queue once a concurrency becomes available. Add additional concurrencies at https://expo.dev/accounts/osvaldodelfina02/settings/billing./ Build concurrency limit reached for your account. Build will enter queue once a concurrency becomes available. Add additional concurrencies at https://expo.dev/accounts/osvaldodelfina02/settings/billing.- Build concurrency limit reached for your account. Build will enter queue once a concurrency becomes available. Add additional concurrencies at https://expo.dev/accounts/osvaldodelfina02/settings/billing.\ Build concurrency limit reached for your account. Build will enter queue once a concurrency becomes available. Add additional concurrencies at https://expo.dev/accounts/osvaldodelfina02/settings/billing.| Build concurrency limit reached for your account. Build will enter queue once a concurrency becomes available. Add additional concurrencies at https://expo.dev/accounts/osvaldodelfina02/settings/billing./ Build concurrency limit reached for your account. Build will enter queue once a concurrency becomes available. Add additional concurrencies at https://expo.dev/accounts/osvaldodelfina02/settings/billing.- Build concurrency limit reached for your account. Build will enter queue once a concurrency becomes available. Add additional concurrencies at https://expo.dev/accounts/osvaldodelfina02/settings/billing.\ Build concurrency limit reached for your account. Build will enter queue once a concurrency becomes available. Add additional concurrencies at https://expo.dev/accounts/osvaldodelfina02/settings/billing.| Build concurrency limit reached for your account. Build will enter queue once a concurrency becomes available. Add additional concurrencies at https://expo.dev/accounts/osvaldodelfina02/settings/billing./ Build concurrency limit reached for your account. Build will enter queue once a concurrency becomes available. Add additional concurrencies at https://expo.dev/accounts/osvaldodelfina02/settings/billing.- Build concurrency limit reached for your account. Build will enter queue once a concurrency becomes available. Add additional concurrencies at https://expo.dev/accounts/osvaldodelfina02/settings/billing.\ Build concurrency limit reached for your account. Build will enter queue once a concurrency becomes available. Add additional concurrencies at https://expo.dev/accounts/osvaldodelfina02/settings/billing.| Build concurrency limit reached for your account. Build will enter queue once a concurrency becomes available. Add additional concurrencies at https://expo.dev/accounts/osvaldodelfina02/settings/billing./ Build concurrency limit reached for your account. Build will enter queue once a concurrency becomes available. Add additional concurrencies at https://expo.dev/accounts/osvaldodelfina02/settings/billing.- Build concurrency limit reached for your account. Build will enter queue once a concurrency becomes available. Add additional concurrencies at https://expo.dev/accounts/osvaldodelfina02/settings/billing.\ Build concurrency limit reached for your account. Build will enter queue once a concurrency becomes available. Add additional concurrencies at https://expo.dev/accounts/osvaldodelfina02/settings/billing.| Build concurrency limit reached for your account. Build will enter queue once a concurrency becomes available. Add additional concurrencies at https://expo.dev/accounts/osvaldodelfina02/settings/billing./ Build concurrency limit reached for your account. Build will enter queue once a concurrency becomes available. Add additional concurrencies at https://expo.dev/accounts/osvaldodelfina02/settings/billing.- Build concurrency limit reached for your account. Build will enter queue once a concurrency becomes available. Add additional concurrencies at https://expo.dev/accounts/osvaldodelfina02/settings/billing.\ Build concurrency limit reached for your account. Build will enter queue once a concurrency becomes available. Add additional concurrencies at https://expo.dev/accounts/osvaldodelfina02/settings/billing.| Build concurrency limit reached for your account. Build will enter queue once a concurrency becomes available. Add additional concurrencies at https://expo.dev/accounts/osvaldodelfina02/settings/billing./ Build concurrency limit reached for your account. Build will enter queue once a concurrency becomes available. Add additional concurrencies at https://expo.dev/accounts/osvaldodelfina02/settings/billing.- Build concurrency limit reached for your account. Build will enter queue once a concurrency becomes available. Add additional concurrencies at https://expo.dev/accounts/osvaldodelfina02/settings/billing.\ Build concurrency limit reached for your account. Build will enter queue once a concurrency becomes available. Add additional concurrencies at https://expo.dev/accounts/osvaldodelfina02/settings/billing.| Build concurrency limit reached for your account. Build will enter queue once a concurrency becomes available. Add additional concurrencies at https://expo.dev/accounts/osvaldodelfina02/settings/billing./ Build concurrency limit reached for your account. Build will enter queue once a concurrency becomes available. Add additional concurrencies at https://expo.dev/accounts/osvaldodelfina02/settings/billing.- Build concurrency limit reached for your account. Build will enter queue once a concurrency becomes available. Add additional concurrencies at https://expo.dev/accounts/osvaldodelfina02/settings/billing.\ Build concurrency limit reached for your account. Build will enter queue once a concurrency becomes available. Add additional concurrencies at https://expo.dev/accounts/osvaldodelfina02/settings/billing.| Build concurrency limit reached for your account. Build will enter queue once a concurrency becomes available. Add additional concurrencies at https://expo.dev/accounts/osvaldodelfina02/settings/billing./ Build concurrency limit reached for your account. Build will enter queue once a concurrency becomes available. Add additional concurrencies at https://expo.dev/accounts/osvaldodelfina02/settings/billing.- Build concurrency limit reached for your account. Build will enter queue once a concurrency becomes available. Add additional concurrencies at https://expo.dev/accounts/osvaldodelfina02/settings/billing.\ Build concurrency limit reached for your account. Build will enter queue once a concurrency becomes available. Add additional concurrencies at https://expo.dev/accounts/osvaldodelfina02/settings/billing.| Build concurrency limit reached for your account. Build will enter queue once a concurrency becomes available. Add additional concurrencies at https://expo.dev/accounts/osvaldodelfina02/settings/billing./ Build concurrency limit reached for your account. Build will enter queue once a concurrency becomes available. Add additional concurrencies at https://expo.dev/accounts/osvaldodelfina02/settings/billing.- Build concurrency limit reached for your account. Build will enter queue once a concurrency becomes available. Add additional concurrencies at https://expo.dev/accounts/osvaldodelfina02/settings/billing.\ Build concurrency limit reached for your account. Build will enter queue once a concurrency becomes available. Add additional concurrencies at https://expo.dev/accounts/osvaldodelfina02/settings/billing.| Build concurrency limit reached for your account. Build will enter queue once a concurrency becomes available. Add additional concurrencies at https://expo.dev/accounts/osvaldodelfina02/settings/billing./ Build concurrency limit reached for your account. Build will enter queue once a concurrency becomes available. Add additional concurrencies at https://expo.dev/accounts/osvaldodelfina02/settings/billing.- Build concurrency limit reached for your account. Build will enter queue once a concurrency becomes available. Add additional concurrencies at https://expo.dev/accounts/osvaldodelfina02/settings/billing.\ Build concurrency limit reached for your account. Build will enter queue once a concurrency becomes available. Add additional concurrencies at https://expo.dev/accounts/osvaldodelfina02/settings/billing.| Build concurrency limit reached for your account. Build will enter queue once a concurrency becomes available. Add additional concurrencies at https://expo.dev/accounts/osvaldodelfina02/settings/billing./ Build concurrency limit reached for your account. Build will enter queue once a concurrency becomes available. Add additional concurrencies at https://expo.dev/accounts/osvaldodelfina02/settings/billing.- Build concurrency limit reached for your account. Build will enter queue once a concurrency becomes available. Add additional concurrencies at https://expo.dev/accounts/osvaldodelfina02/settings/billing.\ Build concurrency limit reached for your account. Build will enter queue once a concurrency becomes available. Add additional concurrencies at https://expo.dev/accounts/osvaldodelfina02/settings/billing.| Build concurrency limit reached for your account. Build will enter queue once a concurrency becomes available. Add additional concurrencies at https://expo.dev/accounts/osvaldodelfina02/settings/billing./ Build concurrency limit reached for your account. Build will enter queue once a concurrency becomes available. Add additional concurrencies at https://expo.dev/accounts/osvaldodelfina02/settings/billing.- Build concurrency limit reached for your account. Build will enter queue once a concurrency becomes available. Add additional concurrencies at https://expo.dev/accounts/osvaldodelfina02/settings/billing.\ Build concurrency limit reached for your account. Build will enter queue once a concurrency becomes available. Add additional concurrencies at https://expo.dev/accounts/osvaldodelfina02/settings/billing.| Build concurrency limit reached for your account. Build will enter queue once a concurrency becomes available. Add additional concurrencies at https://expo.dev/accounts/osvaldodelfina02/settings/billing./ Build concurrency limit reached for your account. Build will enter queue once a concurrency becomes available. Add additional concurrencies at https://expo.dev/accounts/osvaldodelfina02/settings/billing.- Build concurrency limit reached for your account. Build will enter queue once a concurrency becomes available. Add additional concurrencies at https://expo.dev/accounts/osvaldodelfina02/settings/billing.\ Build concurrency limit reached for your account. Build will enter queue once a concurrency becomes available. Add additional concurrencies at https://expo.dev/accounts/osvaldodelfina02/settings/billing.| Build concurrency limit reached for your account. Build will enter queue once a concurrency becomes available. Add additional concurrencies at https://expo.dev/accounts/osvaldodelfina02/settings/billing./ Build concurrency limit reached for your account. Build will enter queue once a concurrency becomes available. Add additional concurrencies at https://expo.dev/accounts/osvaldodelfina02/settings/billing.- Build concurrency limit reached for your account. Build will enter queue once a concurrency becomes available. Add additional concurrencies at https://expo.dev/accounts/osvaldodelfina02/settings/billing.\ Build concurrency limit reached for your account. Build will enter queue once a concurrency becomes available. Add additional concurrencies at https://expo.dev/accounts/osvaldodelfina02/settings/billing.| Build concurrency limit reached for your account. Build will enter queue once a concurrency becomes available. Add additional concurrencies at https://expo.dev/accounts/osvaldodelfina02/settings/billing./ Build concurrency limit reached for your account. Build will enter queue once a concurrency becomes available. Add additional concurrencies at https://expo.dev/accounts/osvaldodelfina02/settings/billing.- Build concurrency limit reached for your account. Build will enter queue once a concurrency becomes available. Add additional concurrencies at https://expo.dev/accounts/osvaldodelfina02/settings/billing.\ Build concurrency limit reached for your account. Build will enter queue once a concurrency becomes available. Add additional concurrencies at https://expo.dev/accounts/osvaldodelfina02/settings/billing.| Build concurrency limit reached for your account. Build will enter queue once a concurrency becomes available. Add additional concurrencies at https://expo.dev/accounts/osvaldodelfina02/settings/billing./ Build concurrency limit reached for your account. Build will enter queue once a concurrency becomes available. Add additional concurrencies at https://expo.dev/accounts/osvaldodelfina02/settings/billing.- Build concurrency limit reached for your account. Build will enter queue once a concurrency becomes available. Add additional concurrencies at https://expo.dev/accounts/osvaldodelfina02/settings/billing.\ Build concurrency limit reached for your account. Build will enter queue once a concurrency becomes available. Add additional concurrencies at https://expo.dev/accounts/osvaldodelfina02/settings/billing.| Build concurrency limit reached for your account. Build will enter queue once a concurrency becomes available. Add additional concurrencies at https://expo.dev/accounts/osvaldodelfina02/settings/billing./ Build concurrency limit reached for your account. Build will enter queue once a concurrency becomes available. Add additional concurrencies at https://expo.dev/accounts/osvaldodelfina02/settings/billing.- Build concurrency limit reached for your account. Build will enter queue once a concurrency becomes available. Add additional concurrencies at https://expo.dev/accounts/osvaldodelfina02/settings/billing.\ Build concurrency limit reached for your account. Build will enter queue once a concurrency becomes available. Add additional concurrencies at https://expo.dev/accounts/osvaldodelfina02/settings/billing.| Build concurrency limit reached for your account. Build will enter queue once a concurrency becomes available. Add additional concurrencies at https://expo.dev/accounts/osvaldodelfina02/settings/billing./ Build concurrency limit reached for your account. Build will enter queue once a concurrency becomes available. Add additional concurrencies at https://expo.dev/accounts/osvaldodelfina02/settings/billing.- Build concurrency limit reached for your account. Build will enter queue once a concurrency becomes available. Add additional concurrencies at https://expo.dev/accounts/osvaldodelfina02/settings/billing.\ Build concurrency limit reached for your account. Build will enter queue once a concurrency becomes available. Add additional concurrencies at https://expo.dev/accounts/osvaldodelfina02/settings/billing.| Build concurrency limit reached for your account. Build will enter queue once a concurrency becomes available. Add additional concurrencies at https://expo.dev/accounts/osvaldodelfina02/settings/billing./ Build concurrency limit reached for your account. Build will enter queue once a concurrency becomes available. Add additional concurrencies at https://expo.dev/accounts/osvaldodelfina02/settings/billing.- Build concurrency limit reached for your account. Build will enter queue once a concurrency becomes available. Add additional concurrencies at https://expo.dev/accounts/osvaldodelfina02/settings/billing.\ Build concurrency limit reached for your account. Build will enter queue once a concurrency becomes available. Add additional concurrencies at https://expo.dev/accounts/osvaldodelfina02/settings/billing.| Build concurrency limit reached for your account. Build will enter queue once a concurrency becomes available. Add additional concurrencies at https://expo.dev/accounts/osvaldodelfina02/settings/billing./ Build concurrency limit reached for your account. Build will enter queue once a concurrency becomes available. Add additional concurrencies at https://expo.dev/accounts/osvaldodelfina02/settings/billing.- Build concurrency limit reached for your account. Build will enter queue once a concurrency becomes available. Add additional concurrencies at https://expo.dev/accounts/osvaldodelfina02/settings/billing.\ Build concurrency limit reached for your account. Build will enter queue once a concurrency becomes available. Add additional concurrencies at https://expo.dev/accounts/osvaldodelfina02/settings/billing.| Build concurrency limit reached for your account. Build will enter queue once a concurrency becomes available. Add additional concurrencies at https://expo.dev/accounts/osvaldodelfina02/settings/billing./ Build concurrency limit reached for your account. Build will enter queue once a concurrency becomes available. Add additional concurrencies at https://expo.dev/accounts/osvaldodelfina02/settings/billing.- Build concurrency limit reached for your account. Build will enter queue once a concurrency becomes available. Add additional concurrencies at https://expo.dev/accounts/osvaldodelfina02/settings/billing.\ Build concurrency limit reached for your account. Build will enter queue once a concurrency becomes available. Add additional concurrencies at https://expo.dev/accounts/osvaldodelfina02/settings/billing.| Build concurrency limit reached for your account. Build will enter queue once a concurrency becomes available. Add additional concurrencies at https://expo.dev/accounts/osvaldodelfina02/settings/billing./ Build concurrency limit reached for your account. Build will enter queue once a concurrency becomes available. Add additional concurrencies at https://expo.dev/accounts/osvaldodelfina02/settings/billing.- Build concurrency limit reached for your account. Build will enter queue once a concurrency becomes available. Add additional concurrencies at https://expo.dev/accounts/osvaldodelfina02/settings/billing.\ Build concurrency limit reached for your account. Build will enter queue once a concurrency becomes available. Add additional concurrencies at https://expo.dev/accounts/osvaldodelfina02/settings/billing.| Build concurrency limit reached for your account. Build will enter queue once a concurrency becomes available. Add additional concurrencies at https://expo.dev/accounts/osvaldodelfina02/settings/billing./ Build concurrency limit reached for your account. Build will enter queue once a concurrency becomes available. Add additional concurrencies at https://expo.dev/accounts/osvaldodelfina02/settings/billing.- Build concurrency limit reached for your account. Build will enter queue once a concurrency becomes available. Add additional concurrencies at https://expo.dev/accounts/osvaldodelfina02/settings/billing.\ Build concurrency limit reached for your account. Build will enter queue once a concurrency becomes available. Add additional concurrencies at https://expo.dev/accounts/osvaldodelfina02/settings/billing.| Build concurrency limit reached for your account. Build will enter queue once a concurrency becomes available. Add additional concurrencies at https://expo.dev/accounts/osvaldodelfina02/settings/billing./ Build concurrency limit reached for your account. Build will enter queue once a concurrency becomes available. Add additional concurrencies at https://expo.dev/accounts/osvaldodelfina02/settings/billing.- Build concurrency limit reached for your account. Build will enter queue once a concurrency becomes available. Add additional concurrencies at https://expo.dev/accounts/osvaldodelfina02/settings/billing.\ Build concurrency limit reached for your account. Build will enter queue once a concurrency becomes available. Add additional concurrencies at https://expo.dev/accounts/osvaldodelfina02/settings/billing.| Build concurrency limit reached for your account. Build will enter queue once a concurrency becomes available. Add additional concurrencies at https://expo.dev/accounts/osvaldodelfina02/settings/billing./ Build concurrency limit reached for your account. Build will enter queue once a concurrency becomes available. Add additional concurrencies at https://expo.dev/accounts/osvaldodelfina02/settings/billing.- Build concurrency limit reached for your account. Build will enter queue once a concurrency becomes available. Add additional concurrencies at https://expo.dev/accounts/osvaldodelfina02/settings/billing.\ Build concurrency limit reached for your account. Build will enter queue once a concurrency becomes available. Add additional concurrencies at https://expo.dev/accounts/osvaldodelfina02/settings/billing.| Build concurrency limit reached for your account. Build will enter queue once a concurrency becomes available. Add additional concurrencies at https://expo.dev/accounts/osvaldodelfina02/settings/billing./ Build concurrency limit reached for your account. Build will enter queue once a concurrency becomes available. Add additional concurrencies at https://expo.dev/accounts/osvaldodelfina02/settings/billing.- Build concurrency limit reached for your account. Build will enter queue once a concurrency becomes available. Add additional concurrencies at https://expo.dev/accounts/osvaldodelfina02/settings/billing.\ Build concurrency limit reached for your account. Build will enter queue once a concurrency becomes available. Add additional concurrencies at https://expo.dev/accounts/osvaldodelfina02/settings/billing.| Build concurrency limit reached for your account. Build will enter queue once a concurrency becomes available. Add additional concurrencies at https://expo.dev/accounts/osvaldodelfina02/settings/billing./ Build concurrency limit reached for your account. Build will enter queue once a concurrency becomes available. Add additional concurrencies at https://expo.dev/accounts/osvaldodelfina02/settings/billing.- Build concurrency limit reached for your account. Build will enter queue once a concurrency becomes available. Add additional concurrencies at https://expo.dev/accounts/osvaldodelfina02/settings/billing.\ Build concurrency limit reached for your account. Build will enter queue once a concurrency becomes available. Add additional concurrencies at https://expo.dev/accounts/osvaldodelfina02/settings/billing.| Build concurrency limit reached for your account. Build will enter queue once a concurrency becomes available. Add additional concurrencies at https://expo.dev/accounts/osvaldodelfina02/settings/billing./ Build concurrency limit reached for your account. Build will enter queue once a concurrency becomes available. Add additional concurrencies at https://expo.dev/accounts/osvaldodelfina02/settings/billing.- Build concurrency limit reached for your account. Build will enter queue once a concurrency becomes available. Add additional concurrencies at https://expo.dev/accounts/osvaldodelfina02/settings/billing.\ Build concurrency limit reached for your account. Build will enter queue once a concurrency becomes available. Add additional concurrencies at https://expo.dev/accounts/osvaldodelfina02/settings/billing.| Build concurrency limit reached for your account. Build will enter queue once a concurrency becomes available. Add additional concurrencies at https://expo.dev/accounts/osvaldodelfina02/settings/billing./ Build concurrency limit reached for your account. Build will enter queue once a concurrency becomes available. Add additional concurrencies at https://expo.dev/accounts/osvaldodelfina02/settings/billing.- Build concurrency limit reached for your account. Build will enter queue once a concurrency becomes available. Add additional concurrencies at https://expo.dev/accounts/osvaldodelfina02/settings/billing.\ Build concurrency limit reached for your account. Build will enter queue once a concurrency becomes available. Add additional concurrencies at https://expo.dev/accounts/osvaldodelfina02/settings/billing.| Build concurrency limit reached for your account. Build will enter queue once a concurrency becomes available. Add additional concurrencies at https://expo.dev/accounts/osvaldodelfina02/settings/billing./ Build concurrency limit reached for your account. Build will enter queue once a concurrency becomes available. Add additional concurrencies at https://expo.dev/accounts/osvaldodelfina02/settings/billing.- Build concurrency limit reached for your account. Build will enter queue once a concurrency becomes available. Add additional concurrencies at https://expo.dev/accounts/osvaldodelfina02/settings/billing.\ Build concurrency limit reached for your account. Build will enter queue once a concurrency becomes available. Add additional concurrencies at https://expo.dev/accounts/osvaldodelfina02/settings/billing.| Build concurrency limit reached for your account. Build will enter queue once a concurrency becomes available. Add additional concurrencies at https://expo.dev/accounts/osvaldodelfina02/settings/billing./ Build concurrency limit reached for your account. Build will enter queue once a concurrency becomes available. Add additional concurrencies at https://expo.dev/accounts/osvaldodelfina02/settings/billing.- Build concurrency limit reached for your account. Build will enter queue once a concurrency becomes available. Add additional concurrencies at https://expo.dev/accounts/osvaldodelfina02/settings/billing.\ Build concurrency limit reached for your account. Build will enter queue once a concurrency becomes available. Add additional concurrencies at https://expo.dev/accounts/osvaldodelfina02/settings/billing.| Build concurrency limit reached for your account. Build will enter queue once a concurrency becomes available. Add additional concurrencies at https://expo.dev/accounts/osvaldodelfina02/settings/billing./ Build concurrency limit reached for your account. Build will enter queue once a concurrency becomes available. Add additional concurrencies at https://expo.dev/accounts/osvaldodelfina02/settings/billing.- Build concurrency limit reached for your account. Build will enter queue once a concurrency becomes available. Add additional concurrencies at https://expo.dev/accounts/osvaldodelfina02/settings/billing.\ Build concurrency limit reached for your account. Build will enter queue once a concurrency becomes available. Add additional concurrencies at https://expo.dev/accounts/osvaldodelfina02/settings/billing.| Build concurrency limit reached for your account. Build will enter queue once a concurrency becomes available. Add additional concurrencies at https://expo.dev/accounts/osvaldodelfina02/settings/billing./ Build concurrency limit reached for your account. Build will enter queue once a concurrency becomes available. Add additional concurrencies at https://expo.dev/accounts/osvaldodelfina02/settings/billing.- Build concurrency limit reached for your account. Build will enter queue once a concurrency becomes available. Add additional concurrencies at https://expo.dev/accounts/osvaldodelfina02/settings/billing.\ Build concurrency limit reached for your account. Build will enter queue once a concurrency becomes available. Add additional concurrencies at https://expo.dev/accounts/osvaldodelfina02/settings/billing.| Build concurrency limit reached for your account. Build will enter queue once a concurrency becomes available. Add additional concurrencies at https://expo.dev/accounts/osvaldodelfina02/settings/billing./ Build concurrency limit reached for your account. Build will enter queue once a concurrency becomes available. Add additional concurrencies at https://expo.dev/accounts/osvaldodelfina02/settings/billing.- Build concurrency limit reached for your account. Build will enter queue once a concurrency becomes available. Add additional concurrencies at https://expo.dev/accounts/osvaldodelfina02/settings/billing.\ Build concurrency limit reached for your account. Build will enter queue once a concurrency becomes available. Add additional concurrencies at https://expo.dev/accounts/osvaldodelfina02/settings/billing.| Build concurrency limit reached for your account. Build will enter queue once a concurrency becomes available. Add additional concurrencies at https://expo.dev/accounts/osvaldodelfina02/settings/billing./ Build concurrency limit reached for your account. Build will enter queue once a concurrency becomes available. Add additional concurrencies at https://expo.dev/accounts/osvaldodelfina02/settings/billing.- Build concurrency limit reached for your account. Build will enter queue once a concurrency becomes available. Add additional concurrencies at https://expo.dev/accounts/osvaldodelfina02/settings/billing.\ Build concurrency limit reached for your account. Build will enter queue once a concurrency becomes available. Add additional concurrencies at https://expo.dev/accounts/osvaldodelfina02/settings/billing.| Build concurrency limit reached for your account. Build will enter queue once a concurrency becomes available. Add additional concurrencies at https://expo.dev/accounts/osvaldodelfina02/settings/billing./ Build concurrency limit reached for your account. Build will enter queue once a concurrency becomes available. Add additional concurrencies at https://expo.dev/accounts/osvaldodelfina02/settings/billing.- Build concurrency limit reached for your account. Build will enter queue once a concurrency becomes available. Add additional concurrencies at https://expo.dev/accounts/osvaldodelfina02/settings/billing.\ Build concurrency limit reached for your account. Build will enter queue once a concurrency becomes available. Add additional concurrencies at https://expo.dev/accounts/osvaldodelfina02/settings/billing.| Build concurrency limit reached for your account. Build will enter queue once a concurrency becomes available. Add additional concurrencies at https://expo.dev/accounts/osvaldodelfina02/settings/billing./ Build concurrency limit reached for your account. Build will enter queue once a concurrency becomes available. Add additional concurrencies at https://expo.dev/accounts/osvaldodelfina02/settings/billing.- Build concurrency limit reached for your account. Build will enter queue once a concurrency becomes available. Add additional concurrencies at https://expo.dev/accounts/osvaldodelfina02/settings/billing.\ Build concurrency limit reached for your account. Build will enter queue once a concurrency becomes available. Add additional concurrencies at https://expo.dev/accounts/osvaldodelfina02/settings/billing.| Build concurrency limit reached for your account. Build will enter queue once a concurrency becomes available. Add additional concurrencies at https://expo.dev/accounts/osvaldodelfina02/settings/billing./ Build concurrency limit reached for your account. Build will enter queue once a concurrency becomes available. Add additional concurrencies at https://expo.dev/accounts/osvaldodelfina02/settings/billing.- Build concurrency limit reached for your account. Build will enter queue once a concurrency becomes available. Add additional concurrencies at https://expo.dev/accounts/osvaldodelfina02/settings/billing.\ Build concurrency limit reached for your account. Build will enter queue once a concurrency becomes available. Add additional concurrencies at https://expo.dev/accounts/osvaldodelfina02/settings/billing.| Build concurrency limit reached for your account. Build will enter queue once a concurrency becomes available. Add additional concurrencies at https://expo.dev/accounts/osvaldodelfina02/settings/billing./ Build concurrency limit reached for your account. Build will enter queue once a concurrency becomes available. Add additional concurrencies at https://expo.dev/accounts/osvaldodelfina02/settings/billing.- Build concurrency limit reached for your account. Build will enter queue once a concurrency becomes available. Add additional concurrencies at https://expo.dev/accounts/osvaldodelfina02/settings/billing.\ Build concurrency limit reached for your account. Build will enter queue once a concurrency becomes available. Add additional concurrencies at https://expo.dev/accounts/osvaldodelfina02/settings/billing.| Build concurrency limit reached for your account. Build will enter queue once a concurrency becomes available. Add additional concurrencies at https://expo.dev/accounts/osvaldodelfina02/settings/billing./ Build concurrency limit reached for your account. Build will enter queue once a concurrency becomes available. Add additional concurrencies at https://expo.dev/accounts/osvaldodelfina02/settings/billing.- Build concurrency limit reached for your account. Build will enter queue once a concurrency becomes available. Add additional concurrencies at https://expo.dev/accounts/osvaldodelfina02/settings/billing.\ Build concurrency limit reached for your account. Build will enter queue once a concurrency becomes available. Add additional concurrencies at https://expo.dev/accounts/osvaldodelfina02/settings/billing.| Build concurrency limit reached for your account. Build will enter queue once a concurrency becomes available. Add additional concurrencies at https://expo.dev/accounts/osvaldodelfina02/settings/billing./ Build concurrency limit reached for your account. Build will enter queue once a concurrency becomes available. Add additional concurrencies at https://expo.dev/accounts/osvaldodelfina02/settings/billing.- Build concurrency limit reached for your account. Build will enter queue once a concurrency becomes available. Add additional concurrencies at https://expo.dev/accounts/osvaldodelfina02/settings/billing.\ Build concurrency limit reached for your account. Build will enter queue once a concurrency becomes available. Add additional concurrencies at https://expo.dev/accounts/osvaldodelfina02/settings/billing.| Build concurrency limit reached for your account. Build will enter queue once a concurrency becomes available. Add additional concurrencies at https://expo.dev/accounts/osvaldodelfina02/settings/billing./ Build concurrency limit reached for your account. Build will enter queue once a concurrency becomes available. Add additional concurrencies at https://expo.dev/accounts/osvaldodelfina02/settings/billing.- Build concurrency limit reached for your account. Build will enter queue once a concurrency becomes available. Add additional concurrencies at https://expo.dev/accounts/osvaldodelfina02/settings/billing.\ Build concurrency limit reached for your account. Build will enter queue once a concurrency becomes available. Add additional concurrencies at https://expo.dev/accounts/osvaldodelfina02/settings/billing.| Build concurrency limit reached for your account. Build will enter queue once a concurrency becomes available. Add additional concurrencies at https://expo.dev/accounts/osvaldodelfina02/settings/billing./ Build concurrency limit reached for your account. Build will enter queue once a concurrency becomes available. Add additional concurrencies at https://expo.dev/accounts/osvaldodelfina02/settings/billing.- Build concurrency limit reached for your account. Build will enter queue once a concurrency becomes available. Add additional concurrencies at https://expo.dev/accounts/osvaldodelfina02/settings/billing.\ Build concurrency limit reached for your account. Build will enter queue once a concurrency becomes available. Add additional concurrencies at https://expo.dev/accounts/osvaldodelfina02/settings/billing.| Build concurrency limit reached for your account. Build will enter queue once a concurrency becomes available. Add additional concurrencies at https://expo.dev/accounts/osvaldodelfina02/settings/billing./ Build concurrency limit reached for your account. Build will enter queue once a concurrency becomes available. Add additional concurrencies at https://expo.dev/accounts/osvaldodelfina02/settings/billing.- Build concurrency limit reached for your account. Build will enter queue once a concurrency becomes available. Add additional concurrencies at https://expo.dev/accounts/osvaldodelfina02/settings/billing.\ Build concurrency limit reached for your account. Build will enter queue once a concurrency becomes available. Add additional concurrencies at https://expo.dev/accounts/osvaldodelfina02/settings/billing.| Build concurrency limit reached for your account. Build will enter queue once a concurrency becomes available. Add additional concurrencies at https://expo.dev/accounts/osvaldodelfina02/settings/billing./ Build concurrency limit reached for your account. Build will enter queue once a concurrency becomes available. Add additional concurrencies at https://expo.dev/accounts/osvaldodelfina02/settings/billing.- Build concurrency limit reached for your account. Build will enter queue once a concurrency becomes available. Add additional concurrencies at https://expo.dev/accounts/osvaldodelfina02/settings/billing.\ Build concurrency limit reached for your account. Build will enter queue once a concurrency becomes available. Add additional concurrencies at https://expo.dev/accounts/osvaldodelfina02/settings/billing.| Build concurrency limit reached for your account. Build will enter queue once a concurrency becomes available. Add additional concurrencies at https://expo.dev/accounts/osvaldodelfina02/settings/billing./ Build concurrency limit reached for your account. Build will enter queue once a concurrency becomes available. Add additional concurrencies at https://expo.dev/accounts/osvaldodelfina02/settings/billing.- Build concurrency limit reached for your account. Build will enter queue once a concurrency becomes available. Add additional concurrencies at https://expo.dev/accounts/osvaldodelfina02/settings/billing.\ Build concurrency limit reached for your account. Build will enter queue once a concurrency becomes available. Add additional concurrencies at https://expo.dev/accounts/osvaldodelfina02/settings/billing.| Build concurrency limit reached for your account. Build will enter queue once a concurrency becomes available. Add additional concurrencies at https://expo.dev/accounts/osvaldodelfina02/settings/billing./ Build concurrency limit reached for your account. Build will enter queue once a concurrency becomes available. Add additional concurrencies at https://expo.dev/accounts/osvaldodelfina02/settings/billing.- Build concurrency limit reached for your account. Build will enter queue once a concurrency becomes available. Add additional concurrencies at https://expo.dev/accounts/osvaldodelfina02/settings/billing.\ Build concurrency limit reached for your account. Build will enter queue once a concurrency becomes available. Add additional concurrencies at https://expo.dev/accounts/osvaldodelfina02/settings/billing.| Build concurrency limit reached for your account. Build will enter queue once a concurrency becomes available. Add additional concurrencies at https://expo.dev/accounts/osvaldodelfina02/settings/billing./ Build concurrency limit reached for your account. Build will enter queue once a concurrency becomes available. Add additional concurrencies at https://expo.dev/accounts/osvaldodelfina02/settings/billing.- Build concurrency limit reached for your account. Build will enter queue once a concurrency becomes available. Add additional concurrencies at https://expo.dev/accounts/osvaldodelfina02/settings/billing.\ Build concurrency limit reached for your account. Build will enter queue once a concurrency becomes available. Add additional concurrencies at https://expo.dev/accounts/osvaldodelfina02/settings/billing.| Build concurrency limit reached for your account. Build will enter queue once a concurrency becomes available. Add additional concurrencies at https://expo.dev/accounts/osvaldodelfina02/settings/billing./ Build concurrency limit reached for your account. Build will enter queue once a concurrency becomes available. Add additional concurrencies at https://expo.dev/accounts/osvaldodelfina02/settings/billing.- Build concurrency limit reached for your account. Build will enter queue once a concurrency becomes available. Add additional concurrencies at https://expo.dev/accounts/osvaldodelfina02/settings/billing.\ Build concurrency limit reached for your account. Build will enter queue once a concurrency becomes available. Add additional concurrencies at https://expo.dev/accounts/osvaldodelfina02/settings/billing.| Build concurrency limit reached for your account. Build will enter queue once a concurrency becomes available. Add additional concurrencies at https://expo.dev/accounts/osvaldodelfina02/settings/billing./ Build concurrency limit reached for your account. Build will enter queue once a concurrency becomes available. Add additional concurrencies at https://expo.dev/accounts/osvaldodelfina02/settings/billing.- Build concurrency limit reached for your account. Build will enter queue once a concurrency becomes available. Add additional concurrencies at https://expo.dev/accounts/osvaldodelfina02/settings/billing.\ Build concurrency limit reached for your account. Build will enter queue once a concurrency becomes available. Add additional concurrencies at https://expo.dev/accounts/osvaldodelfina02/settings/billing.| Build concurrency limit reached for your account. Build will enter queue once a concurrency becomes available. Add additional concurrencies at https://expo.dev/accounts/osvaldodelfina02/settings/billing./ Build concurrency limit reached for your account. Build will enter queue once a concurrency becomes available. Add additional concurrencies at https://expo.dev/accounts/osvaldodelfina02/settings/billing.- Build concurrency limit reached for your account. Build will enter queue once a concurrency becomes available. Add additional concurrencies at https://expo.dev/accounts/osvaldodelfina02/settings/billing.\ Build concurrency limit reached for your account. Build will enter queue once a concurrency becomes available. Add additional concurrencies at https://expo.dev/accounts/osvaldodelfina02/settings/billing.| Build concurrency limit reached for your account. Build will enter queue once a concurrency becomes available. Add additional concurrencies at https://expo.dev/accounts/osvaldodelfina02/settings/billing./ Build concurrency limit reached for your account. Build will enter queue once a concurrency becomes available. Add additional concurrencies at https://expo.dev/accounts/osvaldodelfina02/settings/billing.- Build concurrency limit reached for your account. Build will enter queue once a concurrency becomes available. Add additional concurrencies at https://expo.dev/accounts/osvaldodelfina02/settings/billing.\ Build concurrency limit reached for your account. Build will enter queue once a concurrency becomes available. Add additional concurrencies at https://expo.dev/accounts/osvaldodelfina02/settings/billing.| Build concurrency limit reached for your account. Build will enter queue once a concurrency becomes available. Add additional concurrencies at https://expo.dev/accounts/osvaldodelfina02/settings/billing./ Build concurrency limit reached for your account. Build will enter queue once a concurrency becomes available. Add additional concurrencies at https://expo.dev/accounts/osvaldodelfina02/settings/billing.- Build concurrency limit reached for your account. Build will enter queue once a concurrency becomes available. Add additional concurrencies at https://expo.dev/accounts/osvaldodelfina02/settings/billing.\ Build concurrency limit reached for your account. Build will enter queue once a concurrency becomes available. Add additional concurrencies at https://expo.dev/accounts/osvaldodelfina02/settings/billing.| Build concurrency limit reached for your account. Build will enter queue once a concurrency becomes available. Add additional concurrencies at https://expo.dev/accounts/osvaldodelfina02/settings/billing./ Build concurrency limit reached for your account. Build will enter queue once a concurrency becomes available. Add additional concurrencies at https://expo.dev/accounts/osvaldodelfina02/settings/billing.- Build concurrency limit reached for your account. Build will enter queue once a concurrency becomes available. Add additional concurrencies at https://expo.dev/accounts/osvaldodelfina02/settings/billing.\ Build concurrency limit reached for your account. Build will enter queue once a concurrency becomes available. Add additional concurrencies at https://expo.dev/accounts/osvaldodelfina02/settings/billing.| Build concurrency limit reached for your account. Build will enter queue once a concurrency becomes available. Add additional concurrencies at https://expo.dev/accounts/osvaldodelfina02/settings/billing./ Build concurrency limit reached for your account. Build will enter queue once a concurrency becomes available. Add additional concurrencies at https://expo.dev/accounts/osvaldodelfina02/settings/billing.- Build concurrency limit reached for your account. Build will enter queue once a concurrency becomes available. Add additional concurrencies at https://expo.dev/accounts/osvaldodelfina02/settings/billing.\ Build concurrency limit reached for your account. Build will enter queue once a concurrency becomes available. Add additional concurrencies at https://expo.dev/accounts/osvaldodelfina02/settings/billing.| Build concurrency limit reached for your account. Build will enter queue once a concurrency becomes available. Add additional concurrencies at https://expo.dev/accounts/osvaldodelfina02/settings/billing./ Build concurrency limit reached for your account. Build will enter queue once a concurrency becomes available. Add additional concurrencies at https://expo.dev/accounts/osvaldodelfina02/settings/billing.- Build concurrency limit reached for your account. Build will enter queue once a concurrency becomes available. Add additional concurrencies at https://expo.dev/accounts/osvaldodelfina02/settings/billing.\ Build concurrency limit reached for your account. Build will enter queue once a concurrency becomes available. Add additional concurrencies at https://expo.dev/accounts/osvaldodelfina02/settings/billing.| Build concurrency limit reached for your account. Build will enter queue once a concurrency becomes available. Add additional concurrencies at https://expo.dev/accounts/osvaldodelfina02/settings/billing./ Build concurrency limit reached for your account. Build will enter queue once a concurrency becomes available. Add additional concurrencies at https://expo.dev/accounts/osvaldodelfina02/settings/billing.- Build concurrency limit reached for your account. Build will enter queue once a concurrency becomes available. Add additional concurrencies at https://expo.dev/accounts/osvaldodelfina02/settings/billing.\ Build concurrency limit reached for your account. Build will enter queue once a concurrency becomes available. Add additional concurrencies at https://expo.dev/accounts/osvaldodelfina02/settings/billing.| Build concurrency limit reached for your account. Build will enter queue once a concurrency becomes available. Add additional concurrencies at https://expo.dev/accounts/osvaldodelfina02/settings/billing./ Build concurrency limit reached for your account. Build will enter queue once a concurrency becomes available. Add additional concurrencies at https://expo.dev/accounts/osvaldodelfina02/settings/billing.- Build concurrency limit reached for your account. Build will enter queue once a concurrency becomes available. Add additional concurrencies at https://expo.dev/accounts/osvaldodelfina02/settings/billing.\ Build concurrency limit reached for your account. Build will enter queue once a concurrency becomes available. Add additional concurrencies at https://expo.dev/accounts/osvaldodelfina02/settings/billing.| Build concurrency limit reached for your account. Build will enter queue once a concurrency becomes available. Add additional concurrencies at https://expo.dev/accounts/osvaldodelfina02/settings/billing./ Build concurrency limit reached for your account. Build will enter queue once a concurrency becomes available. Add additional concurrencies at https://expo.dev/accounts/osvaldodelfina02/settings/billing.- Build concurrency limit reached for your account. Build will enter queue once a concurrency becomes available. Add additional concurrencies at https://expo.dev/accounts/osvaldodelfina02/settings/billing.\ Build concurrency limit reached for your account. Build will enter queue once a concurrency becomes available. Add additional concurrencies at https://expo.dev/accounts/osvaldodelfina02/settings/billing.| Build concurrency limit reached for your account. Build will enter queue once a concurrency becomes available. Add additional concurrencies at https://expo.dev/accounts/osvaldodelfina02/settings/billing./ Build concurrency limit reached for your account. Build will enter queue once a concurrency becomes available. Add additional concurrencies at https://expo.dev/accounts/osvaldodelfina02/settings/billing.- Build concurrency limit reached for your account. Build will enter queue once a concurrency becomes available. Add additional concurrencies at https://expo.dev/accounts/osvaldodelfina02/settings/billing.\ Build concurrency limit reached for your account. Build will enter queue once a concurrency becomes available. Add additional concurrencies at https://expo.dev/accounts/osvaldodelfina02/settings/billing.| Build concurrency limit reached for your account. Build will enter queue once a concurrency becomes available. Add additional concurrencies at https://expo.dev/accounts/osvaldodelfina02/settings/billing./ Build concurrency limit reached for your account. Build will enter queue once a concurrency becomes available. Add additional concurrencies at https://expo.dev/accounts/osvaldodelfina02/settings/billing.- Build concurrency limit reached for your account. Build will enter queue once a concurrency becomes available. Add additional concurrencies at https://expo.dev/accounts/osvaldodelfina02/settings/billing.\ Build concurrency limit reached for your account. Build will enter queue once a concurrency becomes available. Add additional concurrencies at https://expo.dev/accounts/osvaldodelfina02/settings/billing.| Build concurrency limit reached for your account. Build will enter queue once a concurrency becomes available. Add additional concurrencies at https://expo.dev/accounts/osvaldodelfina02/settings/billing./ Build concurrency limit reached for your account. Build will enter queue once a concurrency becomes available. Add additional concurrencies at https://expo.dev/accounts/osvaldodelfina02/settings/billing.- Build concurrency limit reached for your account. Build will enter queue once a concurrency becomes available. Add additional concurrencies at https://expo.dev/accounts/osvaldodelfina02/settings/billing.\ Build concurrency limit reached for your account. Build will enter queue once a concurrency becomes available. Add additional concurrencies at https://expo.dev/accounts/osvaldodelfina02/settings/billing.| Build concurrency limit reached for your account. Build will enter queue once a concurrency becomes available. Add additional concurrencies at https://expo.dev/accounts/osvaldodelfina02/settings/billing./ Build concurrency limit reached for your account. Build will enter queue once a concurrency becomes available. Add additional concurrencies at https://expo.dev/accounts/osvaldodelfina02/settings/billing.- Build concurrency limit reached for your account. Build will enter queue once a concurrency becomes available. Add additional concurrencies at https://expo.dev/accounts/osvaldodelfina02/settings/billing.\ Build concurrency limit reached for your account. Build will enter queue once a concurrency becomes available. Add additional concurrencies at https://expo.dev/accounts/osvaldodelfina02/settings/billing.| Build concurrency limit reached for your account. Build will enter queue once a concurrency becomes available. Add additional concurrencies at https://expo.dev/accounts/osvaldodelfina02/settings/billing./ Build concurrency limit reached for your account. Build will enter queue once a concurrency becomes available. Add additional concurrencies at https://expo.dev/accounts/osvaldodelfina02/settings/billing.- Build concurrency limit reached for your account. Build will enter queue once a concurrency becomes available. Add additional concurrencies at https://expo.dev/accounts/osvaldodelfina02/settings/billing.\ Build concurrency limit reached for your account. Build will enter queue once a concurrency becomes available. Add additional concurrencies at https://expo.dev/accounts/osvaldodelfina02/settings/billing.| Build concurrency limit reached for your account. Build will enter queue once a concurrency becomes available. Add additional concurrencies at https://expo.dev/accounts/osvaldodelfina02/settings/billing./ Build concurrency limit reached for your account. Build will enter queue once a concurrency becomes available. Add additional concurrencies at https://expo.dev/accounts/osvaldodelfina02/settings/billing.- Build concurrency limit reached for your account. Build will enter queue once a concurrency becomes available. Add additional concurrencies at https://expo.dev/accounts/osvaldodelfina02/settings/billing.\ Build concurrency limit reached for your account. Build will enter queue once a concurrency becomes available. Add additional concurrencies at https://expo.dev/accounts/osvaldodelfina02/settings/billing.| Build concurrency limit reached for your account. Build will enter queue once a concurrency becomes available. Add additional concurrencies at https://expo.dev/accounts/osvaldodelfina02/settings/billing./ Build concurrency limit reached for your account. Build will enter queue once a concurrency becomes available. Add additional concurrencies at https://expo.dev/accounts/osvaldodelfina02/settings/billing.- Build concurrency limit reached for your account. Build will enter queue once a concurrency becomes available. Add additional concurrencies at https://expo.dev/accounts/osvaldodelfina02/settings/billing.\ Build concurrency limit reached for your account. Build will enter queue once a concurrency becomes available. Add additional concurrencies at https://expo.dev/accounts/osvaldodelfina02/settings/billing.| Build concurrency limit reached for your account. Build will enter queue once a concurrency becomes available. Add additional concurrencies at https://expo.dev/accounts/osvaldodelfina02/settings/billing./ Build concurrency limit reached for your account. Build will enter queue once a concurrency becomes available. Add additional concurrencies at https://expo.dev/accounts/osvaldodelfina02/settings/billing.- Build concurrency limit reached for your account. Build will enter queue once a concurrency becomes available. Add additional concurrencies at https://expo.dev/accounts/osvaldodelfina02/settings/billing.\ Build concurrency limit reached for your account. Build will enter queue once a concurrency becomes available. Add additional concurrencies at https://expo.dev/accounts/osvaldodelfina02/settings/billing.| Build concurrency limit reached for your account. Build will enter queue once a concurrency becomes available. Add additional concurrencies at https://expo.dev/accounts/osvaldodelfina02/settings/billing./ Build concurrency limit reached for your account. Build will enter queue once a concurrency becomes available. Add additional concurrencies at https://expo.dev/accounts/osvaldodelfina02/settings/billing.- Build concurrency limit reached for your account. Build will enter queue once a concurrency becomes available. Add additional concurrencies at https://expo.dev/accounts/osvaldodelfina02/settings/billing.\ Build concurrency limit reached for your account. Build will enter queue once a concurrency becomes available. Add additional concurrencies at https://expo.dev/accounts/osvaldodelfina02/settings/billing.| Build concurrency limit reached for your account. Build will enter queue once a concurrency becomes available. Add additional concurrencies at https://expo.dev/accounts/osvaldodelfina02/settings/billing./ Build concurrency limit reached for your account. Build will enter queue once a concurrency becomes available. Add additional concurrencies at https://expo.dev/accounts/osvaldodelfina02/settings/billing.- Build concurrency limit reached for your account. Build will enter queue once a concurrency becomes available. Add additional concurrencies at https://expo.dev/accounts/osvaldodelfina02/settings/billing.\ Build concurrency limit reached for your account. Build will enter queue once a concurrency becomes available. Add additional concurrencies at https://expo.dev/accounts/osvaldodelfina02/settings/billing.| Build concurrency limit reached for your account. Build will enter queue once a concurrency becomes available. Add additional concurrencies at https://expo.dev/accounts/osvaldodelfina02/settings/billing./ Build concurrency limit reached for your account. Build will enter queue once a concurrency becomes available. Add additional concurrencies at https://expo.dev/accounts/osvaldodelfina02/settings/billing.- Build concurrency limit reached for your account. Build will enter queue once a concurrency becomes available. Add additional concurrencies at https://expo.dev/accounts/osvaldodelfina02/settings/billing.\ Build concurrency limit reached for your account. Build will enter queue once a concurrency becomes available. Add additional concurrencies at https://expo.dev/accounts/osvaldodelfina02/settings/billing.| Build concurrency limit reached for your account. Build will enter queue once a concurrency becomes available. Add additional concurrencies at https://expo.dev/accounts/osvaldodelfina02/settings/billing./ Build concurrency limit reached for your account. Build will enter queue once a concurrency becomes available. Add additional concurrencies at https://expo.dev/accounts/osvaldodelfina02/settings/billing.- Build concurrency limit reached for your account. Build will enter queue once a concurrency becomes available. Add additional concurrencies at https://expo.dev/accounts/osvaldodelfina02/settings/billing.\ Build concurrency limit reached for your account. Build will enter queue once a concurrency becomes available. Add additional concurrencies at https://expo.dev/accounts/osvaldodelfina02/settings/billing.| Build concurrency limit reached for your account. Build will enter queue once a concurrency becomes available. Add additional concurrencies at https://expo.dev/accounts/osvaldodelfina02/settings/billing./ Build concurrency limit reached for your account. Build will enter queue once a concurrency becomes available. Add additional concurrencies at https://expo.dev/accounts/osvaldodelfina02/settings/billing.- Build concurrency limit reached for your account. Build will enter queue once a concurrency becomes available. Add additional concurrencies at https://expo.dev/accounts/osvaldodelfina02/settings/billing.\ Build concurrency limit reached for your account. Build will enter queue once a concurrency becomes available. Add additional concurrencies at https://expo.dev/accounts/osvaldodelfina02/settings/billing.| Build concurrency limit reached for your account. Build will enter queue once a concurrency becomes available. Add additional concurrencies at https://expo.dev/accounts/osvaldodelfina02/settings/billing./ Build concurrency limit reached for your account. Build will enter queue once a concurrency becomes available. Add additional concurrencies at https://expo.dev/accounts/osvaldodelfina02/settings/billing.- Build concurrency limit reached for your account. Build will enter queue once a concurrency becomes available. Add additional concurrencies at https://expo.dev/accounts/osvaldodelfina02/settings/billing.\ Build concurrency limit reached for your account. Build will enter queue once a concurrency becomes available. Add additional concurrencies at https://expo.dev/accounts/osvaldodelfina02/settings/billing.| Build concurrency limit reached for your account. Build will enter queue once a concurrency becomes available. Add additional concurrencies at https://expo.dev/accounts/osvaldodelfina02/settings/billing./ Build concurrency limit reached for your account. Build will enter queue once a concurrency becomes available. Add additional concurrencies at https://expo.dev/accounts/osvaldodelfina02/settings/billing.- Build concurrency limit reached for your account. Build will enter queue once a concurrency becomes available. Add additional concurrencies at https://expo.dev/accounts/osvaldodelfina02/settings/billing.\ Build concurrency limit reached for your account. Build will enter queue once a concurrency becomes available. Add additional concurrencies at https://expo.dev/accounts/osvaldodelfina02/settings/billing.| Build concurrency limit reached for your account. Build will enter queue once a concurrency becomes available. Add additional concurrencies at https://expo.dev/accounts/osvaldodelfina02/settings/billing./ Build concurrency limit reached for your account. Build will enter queue once a concurrency becomes available. Add additional concurrencies at https://expo.dev/accounts/osvaldodelfina02/settings/billing.- Build concurrency limit reached for your account. Build will enter queue once a concurrency becomes available. Add additional concurrencies at https://expo.dev/accounts/osvaldodelfina02/settings/billing.\ Build concurrency limit reached for your account. Build will enter queue once a concurrency becomes available. Add additional concurrencies at https://expo.dev/accounts/osvaldodelfina02/settings/billing.| Build concurrency limit reached for your account. Build will enter queue once a concurrency becomes available. Add additional concurrencies at https://expo.dev/accounts/osvaldodelfina02/settings/billing./ Build concurrency limit reached for your account. Build will enter queue once a concurrency becomes available. Add additional concurrencies at https://expo.dev/accounts/osvaldodelfina02/settings/billing.- Build concurrency limit reached for your account. Build will enter queue once a concurrency becomes available. Add additional concurrencies at https://expo.dev/accounts/osvaldodelfina02/settings/billing.\ Build concurrency limit reached for your account. Build will enter queue once a concurrency becomes available. Add additional concurrencies at https://expo.dev/accounts/osvaldodelfina02/settings/billing.| Build concurrency limit reached for your account. Build will enter queue once a concurrency becomes available. Add additional concurrencies at https://expo.dev/accounts/osvaldodelfina02/settings/billing./ Build concurrency limit reached for your account. Build will enter queue once a concurrency becomes available. Add additional concurrencies at https://expo.dev/accounts/osvaldodelfina02/settings/billing.- Build concurrency limit reached for your account. Build will enter queue once a concurrency becomes available. Add additional concurrencies at https://expo.dev/accounts/osvaldodelfina02/settings/billing.\ Build concurrency limit reached for your account. Build will enter queue once a concurrency becomes available. Add additional concurrencies at https://expo.dev/accounts/osvaldodelfina02/settings/billing.| Build concurrency limit reached for your account. Build will enter queue once a concurrency becomes available. Add additional concurrencies at https://expo.dev/accounts/osvaldodelfina02/settings/billing./ Build concurrency limit reached for your account. Build will enter queue once a concurrency becomes available. Add additional concurrencies at https://expo.dev/accounts/osvaldodelfina02/settings/billing.- Build concurrency limit reached for your account. Build will enter queue once a concurrency becomes available. Add additional concurrencies at https://expo.dev/accounts/osvaldodelfina02/settings/billing.\ Build concurrency limit reached for your account. Build will enter queue once a concurrency becomes available. Add additional concurrencies at https://expo.dev/accounts/osvaldodelfina02/settings/billing.| Build concurrency limit reached for your account. Build will enter queue once a concurrency becomes available. Add additional concurrencies at https://expo.dev/accounts/osvaldodelfina02/settings/billing./ Build concurrency limit reached for your account. Build will enter queue once a concurrency becomes available. Add additional concurrencies at https://expo.dev/accounts/osvaldodelfina02/settings/billing.- Build concurrency limit reached for your account. Build will enter queue once a concurrency becomes available. Add additional concurrencies at https://expo.dev/accounts/osvaldodelfina02/settings/billing.\ Build concurrency limit reached for your account. Build will enter queue once a concurrency becomes available. Add additional concurrencies at https://expo.dev/accounts/osvaldodelfina02/settings/billing.| Build concurrency limit reached for your account. Build will enter queue once a concurrency becomes available. Add additional concurrencies at https://expo.dev/accounts/osvaldodelfina02/settings/billing./ Build concurrency limit reached for your account. Build will enter queue once a concurrency becomes available. Add additional concurrencies at https://expo.dev/accounts/osvaldodelfina02/settings/billing.- Build concurrency limit reached for your account. Build will enter queue once a concurrency becomes available. Add additional concurrencies at https://expo.dev/accounts/osvaldodelfina02/settings/billing.\ Build concurrency limit reached for your account. Build will enter queue once a concurrency becomes available. Add additional concurrencies at https://expo.dev/accounts/osvaldodelfina02/settings/billing.| Build concurrency limit reached for your account. Build will enter queue once a concurrency becomes available. Add additional concurrencies at https://expo.dev/accounts/osvaldodelfina02/settings/billing./ Build concurrency limit reached for your account. Build will enter queue once a concurrency becomes available. Add additional concurrencies at https://expo.dev/accounts/osvaldodelfina02/settings/billing.- Build concurrency limit reached for your account. Build will enter queue once a concurrency becomes available. Add additional concurrencies at https://expo.dev/accounts/osvaldodelfina02/settings/billing.\ Build concurrency limit reached for your account. Build will enter queue once a concurrency becomes available. Add additional concurrencies at https://expo.dev/accounts/osvaldodelfina02/settings/billing.| Build concurrency limit reached for your account. Build will enter queue once a concurrency becomes available. Add additional concurrencies at https://expo.dev/accounts/osvaldodelfina02/settings/billing./ Build concurrency limit reached for your account. Build will enter queue once a concurrency becomes available. Add additional concurrencies at https://expo.dev/accounts/osvaldodelfina02/settings/billing.- Build concurrency limit reached for your account. Build will enter queue once a concurrency becomes available. Add additional concurrencies at https://expo.dev/accounts/osvaldodelfina02/settings/billing.\ Build concurrency limit reached for your account. Build will enter queue once a concurrency becomes available. Add additional concurrencies at https://expo.dev/accounts/osvaldodelfina02/settings/billing.| Build concurrency limit reached for your account. Build will enter queue once a concurrency becomes available. Add additional concurrencies at https://expo.dev/accounts/osvaldodelfina02/settings/billing./ Build concurrency limit reached for your account. Build will enter queue once a concurrency becomes available. Add additional concurrencies at https://expo.dev/accounts/osvaldodelfina02/settings/billing.- Build concurrency limit reached for your account. Build will enter queue once a concurrency becomes available. Add additional concurrencies at https://expo.dev/accounts/osvaldodelfina02/settings/billing.\ Build concurrency limit reached for your account. Build will enter queue once a concurrency becomes available. Add additional concurrencies at https://expo.dev/accounts/osvaldodelfina02/settings/billing.| Build concurrency limit reached for your account. Build will enter queue once a concurrency becomes available. Add additional concurrencies at https://expo.dev/accounts/osvaldodelfina02/settings/billing./ Build concurrency limit reached for your account. Build will enter queue once a concurrency becomes available. Add additional concurrencies at https://expo.dev/accounts/osvaldodelfina02/settings/billing.- Build concurrency limit reached for your account. Build will enter queue once a concurrency becomes available. Add additional concurrencies at https://expo.dev/accounts/osvaldodelfina02/settings/billing.\ Build concurrency limit reached for your account. Build will enter queue once a concurrency becomes available. Add additional concurrencies at https://expo.dev/accounts/osvaldodelfina02/settings/billing.| Build concurrency limit reached for your account. Build will enter queue once a concurrency becomes available. Add additional concurrencies at https://expo.dev/accounts/osvaldodelfina02/settings/billing./ Build concurrency limit reached for your account. Build will enter queue once a concurrency becomes available. Add additional concurrencies at https://expo.dev/accounts/osvaldodelfina02/settings/billing.- Build concurrency limit reached for your account. Build will enter queue once a concurrency becomes available. Add additional concurrencies at https://expo.dev/accounts/osvaldodelfina02/settings/billing.\ Build concurrency limit reached for your account. Build will enter queue once a concurrency becomes available. Add additional concurrencies at https://expo.dev/accounts/osvaldodelfina02/settings/billing.| Build concurrency limit reached for your account. Build will enter queue once a concurrency becomes available. Add additional concurrencies at https://expo.dev/accounts/osvaldodelfina02/settings/billing./ Build concurrency limit reached for your account. Build will enter queue once a concurrency becomes available. Add additional concurrencies at https://expo.dev/accounts/osvaldodelfina02/settings/billing.- Build concurrency limit reached for your account. Build will enter queue once a concurrency becomes available. Add additional concurrencies at https://expo.dev/accounts/osvaldodelfina02/settings/billing.\ Build concurrency limit reached for your account. Build will enter queue once a concurrency becomes available. Add additional concurrencies at https://expo.dev/accounts/osvaldodelfina02/settings/billing.| Build concurrency limit reached for your account. Build will enter queue once a concurrency becomes available. Add additional concurrencies at https://expo.dev/accounts/osvaldodelfina02/settings/billing./ Build concurrency limit reached for your account. Build will enter queue once a concurrency becomes available. Add additional concurrencies at https://expo.dev/accounts/osvaldodelfina02/settings/billing.- Build concurrency limit reached for your account. Build will enter queue once a concurrency becomes available. Add additional concurrencies at https://expo.dev/accounts/osvaldodelfina02/settings/billing.\ Build concurrency limit reached for your account. Build will enter queue once a concurrency becomes available. Add additional concurrencies at https://expo.dev/accounts/osvaldodelfina02/settings/billing.| Build concurrency limit reached for your account. Build will enter queue once a concurrency becomes available. Add additional concurrencies at https://expo.dev/accounts/osvaldodelfina02/settings/billing./ Build concurrency limit reached for your account. Build will enter queue once a concurrency becomes available. Add additional concurrencies at https://expo.dev/accounts/osvaldodelfina02/settings/billing.- Build concurrency limit reached for your account. Build will enter queue once a concurrency becomes available. Add additional concurrencies at https://expo.dev/accounts/osvaldodelfina02/settings/billing.\ Build concurrency limit reached for your account. Build will enter queue once a concurrency becomes available. Add additional concurrencies at https://expo.dev/accounts/osvaldodelfina02/settings/billing.| Build concurrency limit reached for your account. Build will enter queue once a concurrency becomes available. Add additional concurrencies at https://expo.dev/accounts/osvaldodelfina02/settings/billing./ Build concurrency limit reached for your account. Build will enter queue once a concurrency becomes available. Add additional concurrencies at https://expo.dev/accounts/osvaldodelfina02/settings/billing.- Build concurrency limit reached for your account. Build will enter queue once a concurrency becomes available. Add additional concurrencies at https://expo.dev/accounts/osvaldodelfina02/settings/billing.\ Build concurrency limit reached for your account. Build will enter queue once a concurrency becomes available. Add additional concurrencies at https://expo.dev/accounts/osvaldodelfina02/settings/billing.| Build concurrency limit reached for your account. Build will enter queue once a concurrency becomes available. Add additional concurrencies at https://expo.dev/accounts/osvaldodelfina02/settings/billing./ Build concurrency limit reached for your account. Build will enter queue once a concurrency becomes available. Add additional concurrencies at https://expo.dev/accounts/osvaldodelfina02/settings/billing.- Build concurrency limit reached for your account. Build will enter queue once a concurrency becomes available. Add additional concurrencies at https://expo.dev/accounts/osvaldodelfina02/settings/billing.\ Build concurrency limit reached for your account. Build will enter queue once a concurrency becomes available. Add additional concurrencies at https://expo.dev/accounts/osvaldodelfina02/settings/billing.| Build concurrency limit reached for your account. Build will enter queue once a concurrency becomes available. Add additional concurrencies at https://expo.dev/accounts/osvaldodelfina02/settings/billing./ Build concurrency limit reached for your account. Build will enter queue once a concurrency becomes available. Add additional concurrencies at https://expo.dev/accounts/osvaldodelfina02/settings/billing.- Build concurrency limit reached for your account. Build will enter queue once a concurrency becomes available. Add additional concurrencies at https://expo.dev/accounts/osvaldodelfina02/settings/billing.\ Build concurrency limit reached for your account. Build will enter queue once a concurrency becomes available. Add additional concurrencies at https://expo.dev/accounts/osvaldodelfina02/settings/billing.| Build concurrency limit reached for your account. Build will enter queue once a concurrency becomes available. Add additional concurrencies at https://expo.dev/accounts/osvaldodelfina02/settings/billing./ Build concurrency limit reached for your account. Build will enter queue once a concurrency becomes available. Add additional concurrencies at https://expo.dev/accounts/osvaldodelfina02/settings/billing.- Build concurrency limit reached for your account. Build will enter queue once a concurrency becomes available. Add additional concurrencies at https://expo.dev/accounts/osvaldodelfina02/settings/billing.\ Build concurrency limit reached for your account. Build will enter queue once a concurrency becomes available. Add additional concurrencies at https://expo.dev/accounts/osvaldodelfina02/settings/billing.| Build concurrency limit reached for your account. Build will enter queue once a concurrency becomes available. Add additional concurrencies at https://expo.dev/accounts/osvaldodelfina02/settings/billing./ Build concurrency limit reached for your account. Build will enter queue once a concurrency becomes available. Add additional concurrencies at https://expo.dev/accounts/osvaldodelfina02/settings/billing.- Build concurrency limit reached for your account. Build will enter queue once a concurrency becomes available. Add additional concurrencies at https://expo.dev/accounts/osvaldodelfina02/settings/billing.\ Build concurrency limit reached for your account. Build will enter queue once a concurrency becomes available. Add additional concurrencies at https://expo.dev/accounts/osvaldodelfina02/settings/billing.| Build concurrency limit reached for your account. Build will enter queue once a concurrency becomes available. Add additional concurrencies at https://expo.dev/accounts/osvaldodelfina02/settings/billing./ Build concurrency limit reached for your account. Build will enter queue once a concurrency becomes available. Add additional concurrencies at https://expo.dev/accounts/osvaldodelfina02/settings/billing.- Build concurrency limit reached for your account. Build will enter queue once a concurrency becomes available. Add additional concurrencies at https://expo.dev/accounts/osvaldodelfina02/settings/billing.\ Build concurrency limit reached for your account. Build will enter queue once a concurrency becomes available. Add additional concurrencies at https://expo.dev/accounts/osvaldodelfina02/settings/billing.| Build concurrency limit reached for your account. Build will enter queue once a concurrency becomes available. Add additional concurrencies at https://expo.dev/accounts/osvaldodelfina02/settings/billing./ Build concurrency limit reached for your account. Build will enter queue once a concurrency becomes available. Add additional concurrencies at https://expo.dev/accounts/osvaldodelfina02/settings/billing.- Build concurrency limit reached for your account. Build will enter queue once a concurrency becomes available. Add additional concurrencies at https://expo.dev/accounts/osvaldodelfina02/settings/billing.\ Build concurrency limit reached for your account. Build will enter queue once a concurrency becomes available. Add additional concurrencies at https://expo.dev/accounts/osvaldodelfina02/settings/billing.| Build concurrency limit reached for your account. Build will enter queue once a concurrency becomes available. Add additional concurrencies at https://expo.dev/accounts/osvaldodelfina02/settings/billing./ Build concurrency limit reached for your account. Build will enter queue once a concurrency becomes available. Add additional concurrencies at https://expo.dev/accounts/osvaldodelfina02/settings/billing.- Build concurrency limit reached for your account. Build will enter queue once a concurrency becomes available. Add additional concurrencies at https://expo.dev/accounts/osvaldodelfina02/settings/billing.\ Build concurrency limit reached for your account. Build will enter queue once a concurrency becomes available. Add additional concurrencies at https://expo.dev/accounts/osvaldodelfina02/settings/billing.| Build concurrency limit reached for your account. Build will enter queue once a concurrency becomes available. Add additional concurrencies at https://expo.dev/accounts/osvaldodelfina02/settings/billing./ Build concurrency limit reached for your account. Build will enter queue once a concurrency becomes available. Add additional concurrencies at https://expo.dev/accounts/osvaldodelfina02/settings/billing.- Build concurrency limit reached for your account. Build will enter queue once a concurrency becomes available. Add additional concurrencies at https://expo.dev/accounts/osvaldodelfina02/settings/billing.\ Build concurrency limit reached for your account. Build will enter queue once a concurrency becomes available. Add additional concurrencies at https://expo.dev/accounts/osvaldodelfina02/settings/billing.| Build concurrency limit reached for your account. Build will enter queue once a concurrency becomes available. Add additional concurrencies at https://expo.dev/accounts/osvaldodelfina02/settings/billing./ Build concurrency limit reached for your account. Build will enter queue once a concurrency becomes available. Add additional concurrencies at https://expo.dev/accounts/osvaldodelfina02/settings/billing.- Build concurrency limit reached for your account. Build will enter queue once a concurrency becomes available. Add additional concurrencies at https://expo.dev/accounts/osvaldodelfina02/settings/billing.\ Build concurrency limit reached for your account. Build will enter queue once a concurrency becomes available. Add additional concurrencies at https://expo.dev/accounts/osvaldodelfina02/settings/billing.| Build concurrency limit reached for your account. Build will enter queue once a concurrency becomes available. Add additional concurrencies at https://expo.dev/accounts/osvaldodelfina02/settings/billing./ Build concurrency limit reached for your account. Build will enter queue once a concurrency becomes available. Add additional concurrencies at https://expo.dev/accounts/osvaldodelfina02/settings/billing.- Build concurrency limit reached for your account. Build will enter queue once a concurrency becomes available. Add additional concurrencies at https://expo.dev/accounts/osvaldodelfina02/settings/billing.\ Build concurrency limit reached for your account. Build will enter queue once a concurrency becomes available. Add additional concurrencies at https://expo.dev/accounts/osvaldodelfina02/settings/billing.| Build concurrency limit reached for your account. Build will enter queue once a concurrency becomes available. Add additional concurrencies at https://expo.dev/accounts/osvaldodelfina02/settings/billing./ Build concurrency limit reached for your account. Build will enter queue once a concurrency becomes available. Add additional concurrencies at https://expo.dev/accounts/osvaldodelfina02/settings/billing.- Build concurrency limit reached for your account. Build will enter queue once a concurrency becomes available. Add additional concurrencies at https://expo.dev/accounts/osvaldodelfina02/settings/billing.\ Build concurrency limit reached for your account. Build will enter queue once a concurrency becomes available. Add additional concurrencies at https://expo.dev/accounts/osvaldodelfina02/settings/billing.| Build concurrency limit reached for your account. Build will enter queue once a concurrency becomes available. Add additional concurrencies at https://expo.dev/accounts/osvaldodelfina02/settings/billing./ Build concurrency limit reached for your account. Build will enter queue once a concurrency becomes available. Add additional concurrencies at https://expo.dev/accounts/osvaldodelfina02/settings/billing.- Build concurrency limit reached for your account. Build will enter queue once a concurrency becomes available. Add additional concurrencies at https://expo.dev/accounts/osvaldodelfina02/settings/billing.\ Build concurrency limit reached for your account. Build will enter queue once a concurrency becomes available. Add additional concurrencies at https://expo.dev/accounts/osvaldodelfina02/settings/billing.| Build concurrency limit reached for your account. Build will enter queue once a concurrency becomes available. Add additional concurrencies at https://expo.dev/accounts/osvaldodelfina02/settings/billing./ Build concurrency limit reached for your account. Build will enter queue once a concurrency becomes available. Add additional concurrencies at https://expo.dev/accounts/osvaldodelfina02/settings/billing.- Build concurrency limit reached for your account. Build will enter queue once a concurrency becomes available. Add additional concurrencies at https://expo.dev/accounts/osvaldodelfina02/settings/billing.\ Build concurrency limit reached for your account. Build will enter queue once a concurrency becomes available. Add additional concurrencies at https://expo.dev/accounts/osvaldodelfina02/settings/billing.| Build concurrency limit reached for your account. Build will enter queue once a concurrency becomes available. Add additional concurrencies at https://expo.dev/accounts/osvaldodelfina02/settings/billing./ Build concurrency limit reached for your account. Build will enter queue once a concurrency becomes available. Add additional concurrencies at https://expo.dev/accounts/osvaldodelfina02/settings/billing.- Build concurrency limit reached for your account. Build will enter queue once a concurrency becomes available. Add additional concurrencies at https://expo.dev/accounts/osvaldodelfina02/settings/billing.\ Build concurrency limit reached for your account. Build will enter queue once a concurrency becomes available. Add additional concurrencies at https://expo.dev/accounts/osvaldodelfina02/settings/billing.| Build concurrency limit reached for your account. Build will enter queue once a concurrency becomes available. Add additional concurrencies at https://expo.dev/accounts/osvaldodelfina02/settings/billing./ Build concurrency limit reached for your account. Build will enter queue once a concurrency becomes available. Add additional concurrencies at https://expo.dev/accounts/osvaldodelfina02/settings/billing.- Build concurrency limit reached for your account. Build will enter queue once a concurrency becomes available. Add additional concurrencies at https://expo.dev/accounts/osvaldodelfina02/settings/billing.\ Build concurrency limit reached for your account. Build will enter queue once a concurrency becomes available. Add additional concurrencies at https://expo.dev/accounts/osvaldodelfina02/settings/billing.| Build concurrency limit reached for your account. Build will enter queue once a concurrency becomes available. Add additional concurrencies at https://expo.dev/accounts/osvaldodelfina02/settings/billing./ Build concurrency limit reached for your account. Build will enter queue once a concurrency becomes available. Add additional concurrencies at https://expo.dev/accounts/osvaldodelfina02/settings/billing.- Build concurrency limit reached for your account. Build will enter queue once a concurrency becomes available. Add additional concurrencies at https://expo.dev/accounts/osvaldodelfina02/settings/billing.\ Build concurrency limit reached for your account. Build will enter queue once a concurrency becomes available. Add additional concurrencies at https://expo.dev/accounts/osvaldodelfina02/settings/billing.| Build concurrency limit reached for your account. Build will enter queue once a concurrency becomes available. Add additional concurrencies at https://expo.dev/accounts/osvaldodelfina02/settings/billing./ Build concurrency limit reached for your account. Build will enter queue once a concurrency becomes available. Add additional concurrencies at https://expo.dev/accounts/osvaldodelfina02/settings/billing.- Build concurrency limit reached for your account. Build will enter queue once a concurrency becomes available. Add additional concurrencies at https://expo.dev/accounts/osvaldodelfina02/settings/billing.\ Build concurrency limit reached for your account. Build will enter queue once a concurrency becomes available. Add additional concurrencies at https://expo.dev/accounts/osvaldodelfina02/settings/billing.| Build concurrency limit reached for your account. Build will enter queue once a concurrency becomes available. Add additional concurrencies at https://expo.dev/accounts/osvaldodelfina02/settings/billing./ Build concurrency limit reached for your account. Build will enter queue once a concurrency becomes available. Add additional concurrencies at https://expo.dev/accounts/osvaldodelfina02/settings/billing.- Build concurrency limit reached for your account. Build will enter queue once a concurrency becomes available. Add additional concurrencies at https://expo.dev/accounts/osvaldodelfina02/settings/billing.\ Build concurrency limit reached for your account. Build will enter queue once a concurrency becomes available. Add additional concurrencies at https://expo.dev/accounts/osvaldodelfina02/settings/billing.| Build concurrency limit reached for your account. Build will enter queue once a concurrency becomes available. Add additional concurrencies at https://expo.dev/accounts/osvaldodelfina02/settings/billing./ Build concurrency limit reached for your account. Build will enter queue once a concurrency becomes available. Add additional concurrencies at https://expo.dev/accounts/osvaldodelfina02/settings/billing.- Build concurrency limit reached for your account. Build will enter queue once a concurrency becomes available. Add additional concurrencies at https://expo.dev/accounts/osvaldodelfina02/settings/billing.\ Build concurrency limit reached for your account. Build will enter queue once a concurrency becomes available. Add additional concurrencies at https://expo.dev/accounts/osvaldodelfina02/settings/billing.| Build concurrency limit reached for your account. Build will enter queue once a concurrency becomes available. Add additional concurrencies at https://expo.dev/accounts/osvaldodelfina02/settings/billing./ Build concurrency limit reached for your account. Build will enter queue once a concurrency becomes available. Add additional concurrencies at https://expo.dev/accounts/osvaldodelfina02/settings/billing.- Build concurrency limit reached for your account. Build will enter queue once a concurrency becomes available. Add additional concurrencies at https://expo.dev/accounts/osvaldodelfina02/settings/billing.\ Build concurrency limit reached for your account. Build will enter queue once a concurrency becomes available. Add additional concurrencies at https://expo.dev/accounts/osvaldodelfina02/settings/billing.| Build concurrency limit reached for your account. Build will enter queue once a concurrency becomes available. Add additional concurrencies at https://expo.dev/accounts/osvaldodelfina02/settings/billing./ Build concurrency limit reached for your account. Build will enter queue once a concurrency becomes available. Add additional concurrencies at https://expo.dev/accounts/osvaldodelfina02/settings/billing.- Build concurrency limit reached for your account. Build will enter queue once a concurrency becomes available. Add additional concurrencies at https://expo.dev/accounts/osvaldodelfina02/settings/billing.\ Build concurrency limit reached for your account. Build will enter queue once a concurrency becomes available. Add additional concurrencies at https://expo.dev/accounts/osvaldodelfina02/settings/billing.| Build concurrency limit reached for your account. Build will enter queue once a concurrency becomes available. Add additional concurrencies at https://expo.dev/accounts/osvaldodelfina02/settings/billing./ Build concurrency limit reached for your account. Build will enter queue once a concurrency becomes available. Add additional concurrencies at https://expo.dev/accounts/osvaldodelfina02/settings/billing.- Build concurrency limit reached for your account. Build will enter queue once a concurrency becomes available. Add additional concurrencies at https://expo.dev/accounts/osvaldodelfina02/settings/billing.\ Build concurrency limit reached for your account. Build will enter queue once a concurrency becomes available. Add additional concurrencies at https://expo.dev/accounts/osvaldodelfina02/settings/billing.| Build concurrency limit reached for your account. Build will enter queue once a concurrency becomes available. Add additional concurrencies at https://expo.dev/accounts/osvaldodelfina02/settings/billing./ Build concurrency limit reached for your account. Build will enter queue once a concurrency becomes available. Add additional concurrencies at https://expo.dev/accounts/osvaldodelfina02/settings/billing.- Build concurrency limit reached for your account. Build will enter queue once a concurrency becomes available. Add additional concurrencies at https://expo.dev/accounts/osvaldodelfina02/settings/billing.\ Build concurrency limit reached for your account. Build will enter queue once a concurrency becomes available. Add additional concurrencies at https://expo.dev/accounts/osvaldodelfina02/settings/billing.| Build concurrency limit reached for your account. Build will enter queue once a concurrency becomes available. Add additional concurrencies at https://expo.dev/accounts/osvaldodelfina02/settings/billing./ Build concurrency limit reached for your account. Build will enter queue once a concurrency becomes available. Add additional concurrencies at https://expo.dev/accounts/osvaldodelfina02/settings/billing.- Build concurrency limit reached for your account. Build will enter queue once a concurrency becomes available. Add additional concurrencies at https://expo.dev/accounts/osvaldodelfina02/settings/billing.\ Build concurrency limit reached for your account. Build will enter queue once a concurrency becomes available. Add additional concurrencies at https://expo.dev/accounts/osvaldodelfina02/settings/billing.| Build concurrency limit reached for your account. Build will enter queue once a concurrency becomes available. Add additional concurrencies at https://expo.dev/accounts/osvaldodelfina02/settings/billing./ Build concurrency limit reached for your account. Build will enter queue once a concurrency becomes available. Add additional concurrencies at https://expo.dev/accounts/osvaldodelfina02/settings/billing.- Build concurrency limit reached for your account. Build will enter queue once a concurrency becomes available. Add additional concurrencies at https://expo.dev/accounts/osvaldodelfina02/settings/billing.\ Build concurrency limit reached for your account. Build will enter queue once a concurrency becomes available. Add additional concurrencies at https://expo.dev/accounts/osvaldodelfina02/settings/billing.| Build concurrency limit reached for your account. Build will enter queue once a concurrency becomes available. Add additional concurrencies at https://expo.dev/accounts/osvaldodelfina02/settings/billing./ Build concurrency limit reached for your account. Build will enter queue once a concurrency becomes available. Add additional concurrencies at https://expo.dev/accounts/osvaldodelfina02/settings/billing.- Build concurrency limit reached for your account. Build will enter queue once a concurrency becomes available. Add additional concurrencies at https://expo.dev/accounts/osvaldodelfina02/settings/billing.\ Build concurrency limit reached for your account. Build will enter queue once a concurrency becomes available. Add additional concurrencies at https://expo.dev/accounts/osvaldodelfina02/settings/billing.| Build concurrency limit reached for your account. Build will enter queue once a concurrency becomes available. Add additional concurrencies at https://expo.dev/accounts/osvaldodelfina02/settings/billing./ Build concurrency limit reached for your account. Build will enter queue once a concurrency becomes available. Add additional concurrencies at https://expo.dev/accounts/osvaldodelfina02/settings/billing.- Build concurrency limit reached for your account. Build will enter queue once a concurrency becomes available. Add additional concurrencies at https://expo.dev/accounts/osvaldodelfina02/settings/billing.\ Build concurrency limit reached for your account. Build will enter queue once a concurrency becomes available. Add additional concurrencies at https://expo.dev/accounts/osvaldodelfina02/settings/billing.| Build concurrency limit reached for your account. Build will enter queue once a concurrency becomes available. Add additional concurrencies at https://expo.dev/accounts/osvaldodelfina02/settings/billing./ Build concurrency limit reached for your account. Build will enter queue once a concurrency becomes available. Add additional concurrencies at https://expo.dev/accounts/osvaldodelfina02/settings/billing.- Build concurrency limit reached for your account. Build will enter queue once a concurrency becomes available. Add additional concurrencies at https://expo.dev/accounts/osvaldodelfina02/settings/billing.\ Build concurrency limit reached for your account. Build will enter queue once a concurrency becomes available. Add additional concurrencies at https://expo.dev/accounts/osvaldodelfina02/settings/billing.| Build concurrency limit reached for your account. Build will enter queue once a concurrency becomes available. Add additional concurrencies at https://expo.dev/accounts/osvaldodelfina02/settings/billing./ Build concurrency limit reached for your account. Build will enter queue once a concurrency becomes available. Add additional concurrencies at https://expo.dev/accounts/osvaldodelfina02/settings/billing.- Build concurrency limit reached for your account. Build will enter queue once a concurrency becomes available. Add additional concurrencies at https://expo.dev/accounts/osvaldodelfina02/settings/billing.\ Build concurrency limit reached for your account. Build will enter queue once a concurrency becomes available. Add additional concurrencies at https://expo.dev/accounts/osvaldodelfina02/settings/billing.| Build concurrency limit reached for your account. Build will enter queue once a concurrency becomes available. Add additional concurrencies at https://expo.dev/accounts/osvaldodelfina02/settings/billing./ Build concurrency limit reached for your account. Build will enter queue once a concurrency becomes available. Add additional concurrencies at https://expo.dev/accounts/osvaldodelfina02/settings/billing.- Build concurrency limit reached for your account. Build will enter queue once a concurrency becomes available. Add additional concurrencies at https://expo.dev/accounts/osvaldodelfina02/settings/billing.\ Build concurrency limit reached for your account. Build will enter queue once a concurrency becomes available. Add additional concurrencies at https://expo.dev/accounts/osvaldodelfina02/settings/billing.| Build concurrency limit reached for your account. Build will enter queue once a concurrency becomes available. Add additional concurrencies at https://expo.dev/accounts/osvaldodelfina02/settings/billing./ Build concurrency limit reached for your account. Build will enter queue once a concurrency becomes available. Add additional concurrencies at https://expo.dev/accounts/osvaldodelfina02/settings/billing.- Build concurrency limit reached for your account. Build will enter queue once a concurrency becomes available. Add additional concurrencies at https://expo.dev/accounts/osvaldodelfina02/settings/billing.\ Build concurrency limit reached for your account. Build will enter queue once a concurrency becomes available. Add additional concurrencies at https://expo.dev/accounts/osvaldodelfina02/settings/billing.| Build concurrency limit reached for your account. Build will enter queue once a concurrency becomes available. Add additional concurrencies at https://expo.dev/accounts/osvaldodelfina02/settings/billing./ Build concurrency limit reached for your account. Build will enter queue once a concurrency becomes available. Add additional concurrencies at https://expo.dev/accounts/osvaldodelfina02/settings/billing.- Build concurrency limit reached for your account. Build will enter queue once a concurrency becomes available. Add additional concurrencies at https://expo.dev/accounts/osvaldodelfina02/settings/billing.\ Build concurrency limit reached for your account. Build will enter queue once a concurrency becomes available. Add additional concurrencies at https://expo.dev/accounts/osvaldodelfina02/settings/billing.| Build concurrency limit reached for your account. Build will enter queue once a concurrency becomes available. Add additional concurrencies at https://expo.dev/accounts/osvaldodelfina02/settings/billing./ Build concurrency limit reached for your account. Build will enter queue once a concurrency becomes available. Add additional concurrencies at https://expo.dev/accounts/osvaldodelfina02/settings/billing.- Build concurrency limit reached for your account. Build will enter queue once a concurrency becomes available. Add additional concurrencies at https://expo.dev/accounts/osvaldodelfina02/settings/billing.\ Build concurrency limit reached for your account. Build will enter queue once a concurrency becomes available. Add additional concurrencies at https://expo.dev/accounts/osvaldodelfina02/settings/billing.| Build concurrency limit reached for your account. Build will enter queue once a concurrency becomes available. Add additional concurrencies at https://expo.dev/accounts/osvaldodelfina02/settings/billing./ Build concurrency limit reached for your account. Build will enter queue once a concurrency becomes available. Add additional concurrencies at https://expo.dev/accounts/osvaldodelfina02/settings/billing.- Build concurrency limit reached for your account. Build will enter queue once a concurrency becomes available. Add additional concurrencies at https://expo.dev/accounts/osvaldodelfina02/settings/billing.\ Build concurrency limit reached for your account. Build will enter queue once a concurrency becomes available. Add additional concurrencies at https://expo.dev/accounts/osvaldodelfina02/settings/billing.| Build concurrency limit reached for your account. Build will enter queue once a concurrency becomes available. Add additional concurrencies at https://expo.dev/accounts/osvaldodelfina02/settings/billing./ Build concurrency limit reached for your account. Build will enter queue once a concurrency becomes available. Add additional concurrencies at https://expo.dev/accounts/osvaldodelfina02/settings/billing.- Build concurrency limit reached for your account. Build will enter queue once a concurrency becomes available. Add additional concurrencies at https://expo.dev/accounts/osvaldodelfina02/settings/billing.\ Build concurrency limit reached for your account. Build will enter queue once a concurrency becomes available. Add additional concurrencies at https://expo.dev/accounts/osvaldodelfina02/settings/billing.| Build concurrency limit reached for your account. Build will enter queue once a concurrency becomes available. Add additional concurrencies at https://expo.dev/accounts/osvaldodelfina02/settings/billing./ Build concurrency limit reached for your account. Build will enter queue once a concurrency becomes available. Add additional concurrencies at https://expo.dev/accounts/osvaldodelfina02/settings/billing.- Build concurrency limit reached for your account. Build will enter queue once a concurrency becomes available. Add additional concurrencies at https://expo.dev/accounts/osvaldodelfina02/settings/billing.\ Build concurrency limit reached for your account. Build will enter queue once a concurrency becomes available. Add additional concurrencies at https://expo.dev/accounts/osvaldodelfina02/settings/billing.| Build concurrency limit reached for your account. Build will enter queue once a concurrency becomes available. Add additional concurrencies at https://expo.dev/accounts/osvaldodelfina02/settings/billing./ Build concurrency limit reached for your account. Build will enter queue once a concurrency becomes available. Add additional concurrencies at https://expo.dev/accounts/osvaldodelfina02/settings/billing.- Build concurrency limit reached for your account. Build will enter queue once a concurrency becomes available. Add additional concurrencies at https://expo.dev/accounts/osvaldodelfina02/settings/billing.\ Build concurrency limit reached for your account. Build will enter queue once a concurrency becomes available. Add additional concurrencies at https://expo.dev/accounts/osvaldodelfina02/settings/billing.| Build concurrency limit reached for your account. Build will enter queue once a concurrency becomes available. Add additional concurrencies at https://expo.dev/accounts/osvaldodelfina02/settings/billing./ Build concurrency limit reached for your account. Build will enter queue once a concurrency becomes available. Add additional concurrencies at https://expo.dev/accounts/osvaldodelfina02/settings/billing.- Build concurrency limit reached for your account. Build will enter queue once a concurrency becomes available. Add additional concurrencies at https://expo.dev/accounts/osvaldodelfina02/settings/billing.\ Build concurrency limit reached for your account. Build will enter queue once a concurrency becomes available. Add additional concurrencies at https://expo.dev/accounts/osvaldodelfina02/settings/billing.| Build concurrency limit reached for your account. Build will enter queue once a concurrency becomes available. Add additional concurrencies at https://expo.dev/accounts/osvaldodelfina02/settings/billing./ Build concurrency limit reached for your account. Build will enter queue once a concurrency becomes available. Add additional concurrencies at https://expo.dev/accounts/osvaldodelfina02/settings/billing.- Build concurrency limit reached for your account. Build will enter queue once a concurrency becomes available. Add additional concurrencies at https://expo.dev/accounts/osvaldodelfina02/settings/billing.\ Build concurrency limit reached for your account. Build will enter queue once a concurrency becomes available. Add additional concurrencies at https://expo.dev/accounts/osvaldodelfina02/settings/billing.| Build concurrency limit reached for your account. Build will enter queue once a concurrency becomes available. Add additional concurrencies at https://expo.dev/accounts/osvaldodelfina02/settings/billing./ Build concurrency limit reached for your account. Build will enter queue once a concurrency becomes available. Add additional concurrencies at https://expo.dev/accounts/osvaldodelfina02/settings/billing.- Build concurrency limit reached for your account. Build will enter queue once a concurrency becomes available. Add additional concurrencies at https://expo.dev/accounts/osvaldodelfina02/settings/billing.\ Build concurrency limit reached for your account. Build will enter queue once a concurrency becomes available. Add additional concurrencies at https://expo.dev/accounts/osvaldodelfina02/settings/billing.| Build concurrency limit reached for your account. Build will enter queue once a concurrency becomes available. Add additional concurrencies at https://expo.dev/accounts/osvaldodelfina02/settings/billing./ Build concurrency limit reached for your account. Build will enter queue once a concurrency becomes available. Add additional concurrencies at https://expo.dev/accounts/osvaldodelfina02/settings/billing.- Build concurrency limit reached for your account. Build will enter queue once a concurrency becomes available. Add additional concurrencies at https://expo.dev/accounts/osvaldodelfina02/settings/billing.\ Build concurrency limit reached for your account. Build will enter queue once a concurrency becomes available. Add additional concurrencies at https://expo.dev/accounts/osvaldodelfina02/settings/billing.| Build concurrency limit reached for your account. Build will enter queue once a concurrency becomes available. Add additional concurrencies at https://expo.dev/accounts/osvaldodelfina02/settings/billing./ Build concurrency limit reached for your account. Build will enter queue once a concurrency becomes available. Add additional concurrencies at https://expo.dev/accounts/osvaldodelfina02/settings/billing.- Build concurrency limit reached for your account. Build will enter queue once a concurrency becomes available. Add additional concurrencies at https://expo.dev/accounts/osvaldodelfina02/settings/billing.\ Build concurrency limit reached for your account. Build will enter queue once a concurrency becomes available. Add additional concurrencies at https://expo.dev/accounts/osvaldodelfina02/settings/billing.| Build concurrency limit reached for your account. Build will enter queue once a concurrency becomes available. Add additional concurrencies at https://expo.dev/accounts/osvaldodelfina02/settings/billing./ Build concurrency limit reached for your account. Build will enter queue once a concurrency becomes available. Add additional concurrencies at https://expo.dev/accounts/osvaldodelfina02/settings/billing.- Build concurrency limit reached for your account. Build will enter queue once a concurrency becomes available. Add additional concurrencies at https://expo.dev/accounts/osvaldodelfina02/settings/billing.\ Build concurrency limit reached for your account. Build will enter queue once a concurrency becomes available. Add additional concurrencies at https://expo.dev/accounts/osvaldodelfina02/settings/billing.| Build concurrency limit reached for your account. Build will enter queue once a concurrency becomes available. Add additional concurrencies at https://expo.dev/accounts/osvaldodelfina02/settings/billing./ Build concurrency limit reached for your account. Build will enter queue once a concurrency becomes available. Add additional concurrencies at https://expo.dev/accounts/osvaldodelfina02/settings/billing.- Build concurrency limit reached for your account. Build will enter queue once a concurrency becomes available. Add additional concurrencies at https://expo.dev/accounts/osvaldodelfina02/settings/billing.\ Build concurrency limit reached for your account. Build will enter queue once a concurrency becomes available. Add additional concurrencies at https://expo.dev/accounts/osvaldodelfina02/settings/billing.| Build concurrency limit reached for your account. Build will enter queue once a concurrency becomes available. Add additional concurrencies at https://expo.dev/accounts/osvaldodelfina02/settings/billing./ Build concurrency limit reached for your account. Build will enter queue once a concurrency becomes available. Add additional concurrencies at https://expo.dev/accounts/osvaldodelfina02/settings/billing.- Build concurrency limit reached for your account. Build will enter queue once a concurrency becomes available. Add additional concurrencies at https://expo.dev/accounts/osvaldodelfina02/settings/billing.\ Build concurrency limit reached for your account. Build will enter queue once a concurrency becomes available. Add additional concurrencies at https://expo.dev/accounts/osvaldodelfina02/settings/billing.| Build concurrency limit reached for your account. Build will enter queue once a concurrency becomes available. Add additional concurrencies at https://expo.dev/accounts/osvaldodelfina02/settings/billing./ Build concurrency limit reached for your account. Build will enter queue once a concurrency becomes available. Add additional concurrencies at https://expo.dev/accounts/osvaldodelfina02/settings/billing.- Build concurrency limit reached for your account. Build will enter queue once a concurrency becomes available. Add additional concurrencies at https://expo.dev/accounts/osvaldodelfina02/settings/billing.\ Build concurrency limit reached for your account. Build will enter queue once a concurrency becomes available. Add additional concurrencies at https://expo.dev/accounts/osvaldodelfina02/settings/billing.| Build concurrency limit reached for your account. Build will enter queue once a concurrency becomes available. Add additional concurrencies at https://expo.dev/accounts/osvaldodelfina02/settings/billing./ Build concurrency limit reached for your account. Build will enter queue once a concurrency becomes available. Add additional concurrencies at https://expo.dev/accounts/osvaldodelfina02/settings/billing.- Build concurrency limit reached for your account. Build will enter queue once a concurrency becomes available. Add additional concurrencies at https://expo.dev/accounts/osvaldodelfina02/settings/billing.\ Build concurrency limit reached for your account. Build will enter queue once a concurrency becomes available. Add additional concurrencies at https://expo.dev/accounts/osvaldodelfina02/settings/billing.| Build concurrency limit reached for your account. Build will enter queue once a concurrency becomes available. Add additional concurrencies at https://expo.dev/accounts/osvaldodelfina02/settings/billing./ Build concurrency limit reached for your account. Build will enter queue once a concurrency becomes available. Add additional concurrencies at https://expo.dev/accounts/osvaldodelfina02/settings/billing.- Build concurrency limit reached for your account. Build will enter queue once a concurrency becomes available. Add additional concurrencies at https://expo.dev/accounts/osvaldodelfina02/settings/billing.\ Build concurrency limit reached for your account. Build will enter queue once a concurrency becomes available. Add additional concurrencies at https://expo.dev/accounts/osvaldodelfina02/settings/billing.| Build concurrency limit reached for your account. Build will enter queue once a concurrency becomes available. Add additional concurrencies at https://expo.dev/accounts/osvaldodelfina02/settings/billing./ Build concurrency limit reached for your account. Build will enter queue once a concurrency becomes available. Add additional concurrencies at https://expo.dev/accounts/osvaldodelfina02/settings/billing.- Build concurrency limit reached for your account. Build will enter queue once a concurrency becomes available. Add additional concurrencies at https://expo.dev/accounts/osvaldodelfina02/settings/billing.\ Build concurrency limit reached for your account. Build will enter queue once a concurrency becomes available. Add additional concurrencies at https://expo.dev/accounts/osvaldodelfina02/settings/billing.| Build concurrency limit reached for your account. Build will enter queue once a concurrency becomes available. Add additional concurrencies at https://expo.dev/accounts/osvaldodelfina02/settings/billing./ Build concurrency limit reached for your account. Build will enter queue once a concurrency becomes available. Add additional concurrencies at https://expo.dev/accounts/osvaldodelfina02/settings/billing.- Build concurrency limit reached for your account. Build will enter queue once a concurrency becomes available. Add additional concurrencies at https://expo.dev/accounts/osvaldodelfina02/settings/billing.\ Build concurrency limit reached for your account. Build will enter queue once a concurrency becomes available. Add additional concurrencies at https://expo.dev/accounts/osvaldodelfina02/settings/billing.| Build concurrency limit reached for your account. Build will enter queue once a concurrency becomes available. Add additional concurrencies at https://expo.dev/accounts/osvaldodelfina02/settings/billing./ Build concurrency limit reached for your account. Build will enter queue once a concurrency becomes available. Add additional concurrencies at https://expo.dev/accounts/osvaldodelfina02/settings/billing.- Build concurrency limit reached for your account. Build will enter queue once a concurrency becomes available. Add additional concurrencies at https://expo.dev/accounts/osvaldodelfina02/settings/billing.\ Build concurrency limit reached for your account. Build will enter queue once a concurrency becomes available. Add additional concurrencies at https://expo.dev/accounts/osvaldodelfina02/settings/billing.| Build concurrency limit reached for your account. Build will enter queue once a concurrency becomes available. Add additional concurrencies at https://expo.dev/accounts/osvaldodelfina02/settings/billing./ Build concurrency limit reached for your account. Build will enter queue once a concurrency becomes available. Add additional concurrencies at https://expo.dev/accounts/osvaldodelfina02/settings/billing.- Build concurrency limit reached for your account. Build will enter queue once a concurrency becomes available. Add additional concurrencies at https://expo.dev/accounts/osvaldodelfina02/settings/billing.\ Build concurrency limit reached for your account. Build will enter queue once a concurrency becomes available. Add additional concurrencies at https://expo.dev/accounts/osvaldodelfina02/settings/billing.| Build concurrency limit reached for your account. Build will enter queue once a concurrency becomes available. Add additional concurrencies at https://expo.dev/accounts/osvaldodelfina02/settings/billing./ Build concurrency limit reached for your account. Build will enter queue once a concurrency becomes available. Add additional concurrencies at https://expo.dev/accounts/osvaldodelfina02/settings/billing.- Build concurrency limit reached for your account. Build will enter queue once a concurrency becomes available. Add additional concurrencies at https://expo.dev/accounts/osvaldodelfina02/settings/billing.\ Build concurrency limit reached for your account. Build will enter queue once a concurrency becomes available. Add additional concurrencies at https://expo.dev/accounts/osvaldodelfina02/settings/billing.| Build concurrency limit reached for your account. Build will enter queue once a concurrency becomes available. Add additional concurrencies at https://expo.dev/accounts/osvaldodelfina02/settings/billing./ Build concurrency limit reached for your account. Build will enter queue once a concurrency becomes available. Add additional concurrencies at https://expo.dev/accounts/osvaldodelfina02/settings/billing.- Build concurrency limit reached for your account. Build will enter queue once a concurrency becomes available. Add additional concurrencies at https://expo.dev/accounts/osvaldodelfina02/settings/billing.\ Build concurrency limit reached for your account. Build will enter queue once a concurrency becomes available. Add additional concurrencies at https://expo.dev/accounts/osvaldodelfina02/settings/billing.| Build concurrency limit reached for your account. Build will enter queue once a concurrency becomes available. Add additional concurrencies at https://expo.dev/accounts/osvaldodelfina02/settings/billing./ Build concurrency limit reached for your account. Build will enter queue once a concurrency becomes available. Add additional concurrencies at https://expo.dev/accounts/osvaldodelfina02/settings/billing.- Build concurrency limit reached for your account. Build will enter queue once a concurrency becomes available. Add additional concurrencies at https://expo.dev/accounts/osvaldodelfina02/settings/billing.\ Build concurrency limit reached for your account. Build will enter queue once a concurrency becomes available. Add additional concurrencies at https://expo.dev/accounts/osvaldodelfina02/settings/billing.| Build concurrency limit reached for your account. Build will enter queue once a concurrency becomes available. Add additional concurrencies at https://expo.dev/accounts/osvaldodelfina02/settings/billing./ Build concurrency limit reached for your account. Build will enter queue once a concurrency becomes available. Add additional concurrencies at https://expo.dev/accounts/osvaldodelfina02/settings/billing.- Build concurrency limit reached for your account. Build will enter queue once a concurrency becomes available. Add additional concurrencies at https://expo.dev/accounts/osvaldodelfina02/settings/billing.\ Build concurrency limit reached for your account. Build will enter queue once a concurrency becomes available. Add additional concurrencies at https://expo.dev/accounts/osvaldodelfina02/settings/billing.| Build concurrency limit reached for your account. Build will enter queue once a concurrency becomes available. Add additional concurrencies at https://expo.dev/accounts/osvaldodelfina02/settings/billing./ Build concurrency limit reached for your account. Build will enter queue once a concurrency becomes available. Add additional concurrencies at https://expo.dev/accounts/osvaldodelfina02/settings/billing.- Build concurrency limit reached for your account. Build will enter queue once a concurrency becomes available. Add additional concurrencies at https://expo.dev/accounts/osvaldodelfina02/settings/billing.\ Build concurrency limit reached for your account. Build will enter queue once a concurrency becomes available. Add additional concurrencies at https://expo.dev/accounts/osvaldodelfina02/settings/billing.| Build concurrency limit reached for your account. Build will enter queue once a concurrency becomes available. Add additional concurrencies at https://expo.dev/accounts/osvaldodelfina02/settings/billing./ Build concurrency limit reached for your account. Build will enter queue once a concurrency becomes available. Add additional concurrencies at https://expo.dev/accounts/osvaldodelfina02/settings/billing.- Build concurrency limit reached for your account. Build will enter queue once a concurrency becomes available. Add additional concurrencies at https://expo.dev/accounts/osvaldodelfina02/settings/billing.\ Build concurrency limit reached for your account. Build will enter queue once a concurrency becomes available. Add additional concurrencies at https://expo.dev/accounts/osvaldodelfina02/settings/billing.| Build concurrency limit reached for your account. Build will enter queue once a concurrency becomes available. Add additional concurrencies at https://expo.dev/accounts/osvaldodelfina02/settings/billing./ Build concurrency limit reached for your account. Build will enter queue once a concurrency becomes available. Add additional concurrencies at https://expo.dev/accounts/osvaldodelfina02/settings/billing.- Build concurrency limit reached for your account. Build will enter queue once a concurrency becomes available. Add additional concurrencies at https://expo.dev/accounts/osvaldodelfina02/settings/billing.\ Build concurrency limit reached for your account. Build will enter queue once a concurrency becomes available. Add additional concurrencies at https://expo.dev/accounts/osvaldodelfina02/settings/billing.| Build concurrency limit reached for your account. Build will enter queue once a concurrency becomes available. Add additional concurrencies at https://expo.dev/accounts/osvaldodelfina02/settings/billing./ Build concurrency limit reached for your account. Build will enter queue once a concurrency becomes available. Add additional concurrencies at https://expo.dev/accounts/osvaldodelfina02/settings/billing.- Build concurrency limit reached for your account. Build will enter queue once a concurrency becomes available. Add additional concurrencies at https://expo.dev/accounts/osvaldodelfina02/settings/billing.\ Build concurrency limit reached for your account. Build will enter queue once a concurrency becomes available. Add additional concurrencies at https://expo.dev/accounts/osvaldodelfina02/settings/billing.| Build concurrency limit reached for your account. Build will enter queue once a concurrency becomes available. Add additional concurrencies at https://expo.dev/accounts/osvaldodelfina02/settings/billing./ Build concurrency limit reached for your account. Build will enter queue once a concurrency becomes available. Add additional concurrencies at https://expo.dev/accounts/osvaldodelfina02/settings/billing.- Build concurrency limit reached for your account. Build will enter queue once a concurrency becomes available. Add additional concurrencies at https://expo.dev/accounts/osvaldodelfina02/settings/billing.\ Build concurrency limit reached for your account. Build will enter queue once a concurrency becomes available. Add additional concurrencies at https://expo.dev/accounts/osvaldodelfina02/settings/billing.| Build concurrency limit reached for your account. Build will enter queue once a concurrency becomes available. Add additional concurrencies at https://expo.dev/accounts/osvaldodelfina02/settings/billing./ Build concurrency limit reached for your account. Build will enter queue once a concurrency becomes available. Add additional concurrencies at https://expo.dev/accounts/osvaldodelfina02/settings/billing.- Build concurrency limit reached for your account. Build will enter queue once a concurrency becomes available. Add additional concurrencies at https://expo.dev/accounts/osvaldodelfina02/settings/billing.\ Build concurrency limit reached for your account. Build will enter queue once a concurrency becomes available. Add additional concurrencies at https://expo.dev/accounts/osvaldodelfina02/settings/billing.| Build concurrency limit reached for your account. Build will enter queue once a concurrency becomes available. Add additional concurrencies at https://expo.dev/accounts/osvaldodelfina02/settings/billing./ Build concurrency limit reached for your account. Build will enter queue once a concurrency becomes available. Add additional concurrencies at https://expo.dev/accounts/osvaldodelfina02/settings/billing.- Build concurrency limit reached for your account. Build will enter queue once a concurrency becomes available. Add additional concurrencies at https://expo.dev/accounts/osvaldodelfina02/settings/billing.\ Build concurrency limit reached for your account. Build will enter queue once a concurrency becomes available. Add additional concurrencies at https://expo.dev/accounts/osvaldodelfina02/settings/billing.| Build concurrency limit reached for your account. Build will enter queue once a concurrency becomes available. Add additional concurrencies at https://expo.dev/accounts/osvaldodelfina02/settings/billing./ Build concurrency limit reached for your account. Build will enter queue once a concurrency becomes available. Add additional concurrencies at https://expo.dev/accounts/osvaldodelfina02/settings/billing.- Build concurrency limit reached for your account. Build will enter queue once a concurrency becomes available. Add additional concurrencies at https://expo.dev/accounts/osvaldodelfina02/settings/billing.\ Build concurrency limit reached for your account. Build will enter queue once a concurrency becomes available. Add additional concurrencies at https://expo.dev/accounts/osvaldodelfina02/settings/billing.| Build concurrency limit reached for your account. Build will enter queue once a concurrency becomes available. Add additional concurrencies at https://expo.dev/accounts/osvaldodelfina02/settings/billing./ Build concurrency limit reached for your account. Build will enter queue once a concurrency becomes available. Add additional concurrencies at https://expo.dev/accounts/osvaldodelfina02/settings/billing.- Build concurrency limit reached for your account. Build will enter queue once a concurrency becomes available. Add additional concurrencies at https://expo.dev/accounts/osvaldodelfina02/settings/billing.\ Build concurrency limit reached for your account. Build will enter queue once a concurrency becomes available. Add additional concurrencies at https://expo.dev/accounts/osvaldodelfina02/settings/billing.| Build concurrency limit reached for your account. Build will enter queue once a concurrency becomes available. Add additional concurrencies at https://expo.dev/accounts/osvaldodelfina02/settings/billing./ Build concurrency limit reached for your account. Build will enter queue once a concurrency becomes available. Add additional concurrencies at https://expo.dev/accounts/osvaldodelfina02/settings/billing.- Build concurrency limit reached for your account. Build will enter queue once a concurrency becomes available. Add additional concurrencies at https://expo.dev/accounts/osvaldodelfina02/settings/billing.\ Build concurrency limit reached for your account. Build will enter queue once a concurrency becomes available. Add additional concurrencies at https://expo.dev/accounts/osvaldodelfina02/settings/billing.| Build concurrency limit reached for your account. Build will enter queue once a concurrency becomes available. Add additional concurrencies at https://expo.dev/accounts/osvaldodelfina02/settings/billing./ Build concurrency limit reached for your account. Build will enter queue once a concurrency becomes available. Add additional concurrencies at https://expo.dev/accounts/osvaldodelfina02/settings/billing.- Build concurrency limit reached for your account. Build will enter queue once a concurrency becomes available. Add additional concurrencies at https://expo.dev/accounts/osvaldodelfina02/settings/billing.\ Build concurrency limit reached for your account. Build will enter queue once a concurrency becomes available. Add additional concurrencies at https://expo.dev/accounts/osvaldodelfina02/settings/billing.| Build concurrency limit reached for your account. Build will enter queue once a concurrency becomes available. Add additional concurrencies at https://expo.dev/accounts/osvaldodelfina02/settings/billing./ Build concurrency limit reached for your account. Build will enter queue once a concurrency becomes available. Add additional concurrencies at https://expo.dev/accounts/osvaldodelfina02/settings/billing.- Build concurrency limit reached for your account. Build will enter queue once a concurrency becomes available. Add additional concurrencies at https://expo.dev/accounts/osvaldodelfina02/settings/billing.\ Build concurrency limit reached for your account. Build will enter queue once a concurrency becomes available. Add additional concurrencies at https://expo.dev/accounts/osvaldodelfina02/settings/billing.| Build concurrency limit reached for your account. Build will enter queue once a concurrency becomes available. Add additional concurrencies at https://expo.dev/accounts/osvaldodelfina02/settings/billing./ Build concurrency limit reached for your account. Build will enter queue once a concurrency becomes available. Add additional concurrencies at https://expo.dev/accounts/osvaldodelfina02/settings/billing.- Build concurrency limit reached for your account. Build will enter queue once a concurrency becomes available. Add additional concurrencies at https://expo.dev/accounts/osvaldodelfina02/settings/billing.\ Build concurrency limit reached for your account. Build will enter queue once a concurrency becomes available. Add additional concurrencies at https://expo.dev/accounts/osvaldodelfina02/settings/billing.| Build concurrency limit reached for your account. Build will enter queue once a concurrency becomes available. Add additional concurrencies at https://expo.dev/accounts/osvaldodelfina02/settings/billing./ Build concurrency limit reached for your account. Build will enter queue once a concurrency becomes available. Add additional concurrencies at https://expo.dev/accounts/osvaldodelfina02/settings/billing.- Build concurrency limit reached for your account. Build will enter queue once a concurrency becomes available. Add additional concurrencies at https://expo.dev/accounts/osvaldodelfina02/settings/billing.\ Build concurrency limit reached for your account. Build will enter queue once a concurrency becomes available. Add additional concurrencies at https://expo.dev/accounts/osvaldodelfina02/settings/billing.| Build concurrency limit reached for your account. Build will enter queue once a concurrency becomes available. Add additional concurrencies at https://expo.dev/accounts/osvaldodelfina02/settings/billing./ Build concurrency limit reached for your account. Build will enter queue once a concurrency becomes available. Add additional concurrencies at https://expo.dev/accounts/osvaldodelfina02/settings/billing.- Build concurrency limit reached for your account. Build will enter queue once a concurrency becomes available. Add additional concurrencies at https://expo.dev/accounts/osvaldodelfina02/settings/billing.\ Build concurrency limit reached for your account. Build will enter queue once a concurrency becomes available. Add additional concurrencies at https://expo.dev/accounts/osvaldodelfina02/settings/billing.| Build concurrency limit reached for your account. Build will enter queue once a concurrency becomes available. Add additional concurrencies at https://expo.dev/accounts/osvaldodelfina02/settings/billing./ Build concurrency limit reached for your account. Build will enter queue once a concurrency becomes available. Add additional concurrencies at https://expo.dev/accounts/osvaldodelfina02/settings/billing.- Build concurrency limit reached for your account. Build will enter queue once a concurrency becomes available. Add additional concurrencies at https://expo.dev/accounts/osvaldodelfina02/settings/billing.\ Build concurrency limit reached for your account. Build will enter queue once a concurrency becomes available. Add additional concurrencies at https://expo.dev/accounts/osvaldodelfina02/settings/billing.| Build concurrency limit reached for your account. Build will enter queue once a concurrency becomes available. Add additional concurrencies at https://expo.dev/accounts/osvaldodelfina02/settings/billing./ Build concurrency limit reached for your account. Build will enter queue once a concurrency becomes available. Add additional concurrencies at https://expo.dev/accounts/osvaldodelfina02/settings/billing.- Build concurrency limit reached for your account. Build will enter queue once a concurrency becomes available. Add additional concurrencies at https://expo.dev/accounts/osvaldodelfina02/settings/billing.\ Build concurrency limit reached for your account. Build will enter queue once a concurrency becomes available. Add additional concurrencies at https://expo.dev/accounts/osvaldodelfina02/settings/billing.| Build concurrency limit reached for your account. Build will enter queue once a concurrency becomes available. Add additional concurrencies at https://expo.dev/accounts/osvaldodelfina02/settings/billing./ Build concurrency limit reached for your account. Build will enter queue once a concurrency becomes available. Add additional concurrencies at https://expo.dev/accounts/osvaldodelfina02/settings/billing.- Build concurrency limit reached for your account. Build will enter queue once a concurrency becomes available. Add additional concurrencies at https://expo.dev/accounts/osvaldodelfina02/settings/billing.\ Build concurrency limit reached for your account. Build will enter queue once a concurrency becomes available. Add additional concurrencies at https://expo.dev/accounts/osvaldodelfina02/settings/billing.| Build concurrency limit reached for your account. Build will enter queue once a concurrency becomes available. Add additional concurrencies at https://expo.dev/accounts/osvaldodelfina02/settings/billing./ Build concurrency limit reached for your account. Build will enter queue once a concurrency becomes available. Add additional concurrencies at https://expo.dev/accounts/osvaldodelfina02/settings/billing.- Build concurrency limit reached for your account. Build will enter queue once a concurrency becomes available. Add additional concurrencies at https://expo.dev/accounts/osvaldodelfina02/settings/billing.\ Build concurrency limit reached for your account. Build will enter queue once a concurrency becomes available. Add additional concurrencies at https://expo.dev/accounts/osvaldodelfina02/settings/billing.| Build concurrency limit reached for your account. Build will enter queue once a concurrency becomes available. Add additional concurrencies at https://expo.dev/accounts/osvaldodelfina02/settings/billing./ Build concurrency limit reached for your account. Build will enter queue once a concurrency becomes available. Add additional concurrencies at https://expo.dev/accounts/osvaldodelfina02/settings/billing.- Build concurrency limit reached for your account. Build will enter queue once a concurrency becomes available. Add additional concurrencies at https://expo.dev/accounts/osvaldodelfina02/settings/billing.\ Build concurrency limit reached for your account. Build will enter queue once a concurrency becomes available. Add additional concurrencies at https://expo.dev/accounts/osvaldodelfina02/settings/billing.| Build concurrency limit reached for your account. Build will enter queue once a concurrency becomes available. Add additional concurrencies at https://expo.dev/accounts/osvaldodelfina02/settings/billing./ Build concurrency limit reached for your account. Build will enter queue once a concurrency becomes available. Add additional concurrencies at https://expo.dev/accounts/osvaldodelfina02/settings/billing.- Build concurrency limit reached for your account. Build will enter queue once a concurrency becomes available. Add additional concurrencies at https://expo.dev/accounts/osvaldodelfina02/settings/billing.\ Build concurrency limit reached for your account. Build will enter queue once a concurrency becomes available. Add additional concurrencies at https://expo.dev/accounts/osvaldodelfina02/settings/billing.| Build concurrency limit reached for your account. Build will enter queue once a concurrency becomes available. Add additional concurrencies at https://expo.dev/accounts/osvaldodelfina02/settings/billing./ Build concurrency limit reached for your account. Build will enter queue once a concurrency becomes available. Add additional concurrencies at https://expo.dev/accounts/osvaldodelfina02/settings/billing.- Build concurrency limit reached for your account. Build will enter queue once a concurrency becomes available. Add additional concurrencies at https://expo.dev/accounts/osvaldodelfina02/settings/billing.\ Build concurrency limit reached for your account. Build will enter queue once a concurrency becomes available. Add additional concurrencies at https://expo.dev/accounts/osvaldodelfina02/settings/billing.| Build concurrency limit reached for your account. Build will enter queue once a concurrency becomes available. Add additional concurrencies at https://expo.dev/accounts/osvaldodelfina02/settings/billing./ Build concurrency limit reached for your account. Build will enter queue once a concurrency becomes available. Add additional concurrencies at https://expo.dev/accounts/osvaldodelfina02/settings/billing.- Build concurrency limit reached for your account. Build will enter queue once a concurrency becomes available. Add additional concurrencies at https://expo.dev/accounts/osvaldodelfina02/settings/billing.\ Build concurrency limit reached for your account. Build will enter queue once a concurrency becomes available. Add additional concurrencies at https://expo.dev/accounts/osvaldodelfina02/settings/billing.| Build concurrency limit reached for your account. Build will enter queue once a concurrency becomes available. Add additional concurrencies at https://expo.dev/accounts/osvaldodelfina02/settings/billing./ Build concurrency limit reached for your account. Build will enter queue once a concurrency becomes available. Add additional concurrencies at https://expo.dev/accounts/osvaldodelfina02/settings/billing.- Build concurrency limit reached for your account. Build will enter queue once a concurrency becomes available. Add additional concurrencies at https://expo.dev/accounts/osvaldodelfina02/settings/billing.\ Build concurrency limit reached for your account. Build will enter queue once a concurrency becomes available. Add additional concurrencies at https://expo.dev/accounts/osvaldodelfina02/settings/billing.| Build concurrency limit reached for your account. Build will enter queue once a concurrency becomes available. Add additional concurrencies at https://expo.dev/accounts/osvaldodelfina02/settings/billing./ Build concurrency limit reached for your account. Build will enter queue once a concurrency becomes available. Add additional concurrencies at https://expo.dev/accounts/osvaldodelfina02/settings/billing.- Build concurrency limit reached for your account. Build will enter queue once a concurrency becomes available. Add additional concurrencies at https://expo.dev/accounts/osvaldodelfina02/settings/billing.\ Build concurrency limit reached for your account. Build will enter queue once a concurrency becomes available. Add additional concurrencies at https://expo.dev/accounts/osvaldodelfina02/settings/billing.| Build concurrency limit reached for your account. Build will enter queue once a concurrency becomes available. Add additional concurrencies at https://expo.dev/accounts/osvaldodelfina02/settings/billing./ Build concurrency limit reached for your account. Build will enter queue once a concurrency becomes available. Add additional concurrencies at https://expo.dev/accounts/osvaldodelfina02/settings/billing.- Build concurrency limit reached for your account. Build will enter queue once a concurrency becomes available. Add additional concurrencies at https://expo.dev/accounts/osvaldodelfina02/settings/billing.\ Build concurrency limit reached for your account. Build will enter queue once a concurrency becomes available. Add additional concurrencies at https://expo.dev/accounts/osvaldodelfina02/settings/billing.| Build concurrency limit reached for your account. Build will enter queue once a concurrency becomes available. Add additional concurrencies at https://expo.dev/accounts/osvaldodelfina02/settings/billing./ Build concurrency limit reached for your account. Build will enter queue once a concurrency becomes available. Add additional concurrencies at https://expo.dev/accounts/osvaldodelfina02/settings/billing.- Build concurrency limit reached for your account. Build will enter queue once a concurrency becomes available. Add additional concurrencies at https://expo.dev/accounts/osvaldodelfina02/settings/billing.\ Build concurrency limit reached for your account. Build will enter queue once a concurrency becomes available. Add additional concurrencies at https://expo.dev/accounts/osvaldodelfina02/settings/billing.| Build concurrency limit reached for your account. Build will enter queue once a concurrency becomes available. Add additional concurrencies at https://expo.dev/accounts/osvaldodelfina02/settings/billing./ Build concurrency limit reached for your account. Build will enter queue once a concurrency becomes available. Add additional concurrencies at https://expo.dev/accounts/osvaldodelfina02/settings/billing.- Build concurrency limit reached for your account. Build will enter queue once a concurrency becomes available. Add additional concurrencies at https://expo.dev/accounts/osvaldodelfina02/settings/billing.\ Build concurrency limit reached for your account. Build will enter queue once a concurrency becomes available. Add additional concurrencies at https://expo.dev/accounts/osvaldodelfina02/settings/billing.| Build concurrency limit reached for your account. Build will enter queue once a concurrency becomes available. Add additional concurrencies at https://expo.dev/accounts/osvaldodelfina02/settings/billing./ Build concurrency limit reached for your account. Build will enter queue once a concurrency becomes available. Add additional concurrencies at https://expo.dev/accounts/osvaldodelfina02/settings/billing.- Build concurrency limit reached for your account. Build will enter queue once a concurrency becomes available. Add additional concurrencies at https://expo.dev/accounts/osvaldodelfina02/settings/billing.\ Build concurrency limit reached for your account. Build will enter queue once a concurrency becomes available. Add additional concurrencies at https://expo.dev/accounts/osvaldodelfina02/settings/billing.| Build concurrency limit reached for your account. Build will enter queue once a concurrency becomes available. Add additional concurrencies at https://expo.dev/accounts/osvaldodelfina02/settings/billing./ Build concurrency limit reached for your account. Build will enter queue once a concurrency becomes available. Add additional concurrencies at https://expo.dev/accounts/osvaldodelfina02/settings/billing.- Build concurrency limit reached for your account. Build will enter queue once a concurrency becomes available. Add additional concurrencies at https://expo.dev/accounts/osvaldodelfina02/settings/billing.\ Build concurrency limit reached for your account. Build will enter queue once a concurrency becomes available. Add additional concurrencies at https://expo.dev/accounts/osvaldodelfina02/settings/billing.| Build concurrency limit reached for your account. Build will enter queue once a concurrency becomes available. Add additional concurrencies at https://expo.dev/accounts/osvaldodelfina02/settings/billing./ Build concurrency limit reached for your account. Build will enter queue once a concurrency becomes available. Add additional concurrencies at https://expo.dev/accounts/osvaldodelfina02/settings/billing.- Build concurrency limit reached for your account. Build will enter queue once a concurrency becomes available. Add additional concurrencies at https://expo.dev/accounts/osvaldodelfina02/settings/billing.\ Build concurrency limit reached for your account. Build will enter queue once a concurrency becomes available. Add additional concurrencies at https://expo.dev/accounts/osvaldodelfina02/settings/billing.| Build concurrency limit reached for your account. Build will enter queue once a concurrency becomes available. Add additional concurrencies at https://expo.dev/accounts/osvaldodelfina02/settings/billing./ Build concurrency limit reached for your account. Build will enter queue once a concurrency becomes available. Add additional concurrencies at https://expo.dev/accounts/osvaldodelfina02/settings/billing.- Build concurrency limit reached for your account. Build will enter queue once a concurrency becomes available. Add additional concurrencies at https://expo.dev/accounts/osvaldodelfina02/settings/billing.\ Build concurrency limit reached for your account. Build will enter queue once a concurrency becomes available. Add additional concurrencies at https://expo.dev/accounts/osvaldodelfina02/settings/billing.| Build concurrency limit reached for your account. Build will enter queue once a concurrency becomes available. Add additional concurrencies at https://expo.dev/accounts/osvaldodelfina02/settings/billing./ Build concurrency limit reached for your account. Build will enter queue once a concurrency becomes available. Add additional concurrencies at https://expo.dev/accounts/osvaldodelfina02/settings/billing.- Build concurrency limit reached for your account. Build will enter queue once a concurrency becomes available. Add additional concurrencies at https://expo.dev/accounts/osvaldodelfina02/settings/billing.\ Build concurrency limit reached for your account. Build will enter queue once a concurrency becomes available. Add additional concurrencies at https://expo.dev/accounts/osvaldodelfina02/settings/billing.| Build concurrency limit reached for your account. Build will enter queue once a concurrency becomes available. Add additional concurrencies at https://expo.dev/accounts/osvaldodelfina02/settings/billing./ Build concurrency limit reached for your account. Build will enter queue once a concurrency becomes available. Add additional concurrencies at https://expo.dev/accounts/osvaldodelfina02/settings/billing.- Build concurrency limit reached for your account. Build will enter queue once a concurrency becomes available. Add additional concurrencies at https://expo.dev/accounts/osvaldodelfina02/settings/billing.\ Build concurrency limit reached for your account. Build will enter queue once a concurrency becomes available. Add additional concurrencies at https://expo.dev/accounts/osvaldodelfina02/settings/billing.| Build concurrency limit reached for your account. Build will enter queue once a concurrency becomes available. Add additional concurrencies at https://expo.dev/accounts/osvaldodelfina02/settings/billing./ Build concurrency limit reached for your account. Build will enter queue once a concurrency becomes available. Add additional concurrencies at https://expo.dev/accounts/osvaldodelfina02/settings/billing.- Build concurrency limit reached for your account. Build will enter queue once a concurrency becomes available. Add additional concurrencies at https://expo.dev/accounts/osvaldodelfina02/settings/billing.\ Build concurrency limit reached for your account. Build will enter queue once a concurrency becomes available. Add additional concurrencies at https://expo.dev/accounts/osvaldodelfina02/settings/billing.| Build concurrency limit reached for your account. Build will enter queue once a concurrency becomes available. Add additional concurrencies at https://expo.dev/accounts/osvaldodelfina02/settings/billing./ Build concurrency limit reached for your account. Build will enter queue once a concurrency becomes available. Add additional concurrencies at https://expo.dev/accounts/osvaldodelfina02/settings/billing.- Build concurrency limit reached for your account. Build will enter queue once a concurrency becomes available. Add additional concurrencies at https://expo.dev/accounts/osvaldodelfina02/settings/billing.\ Build concurrency limit reached for your account. Build will enter queue once a concurrency becomes available. Add additional concurrencies at https://expo.dev/accounts/osvaldodelfina02/settings/billing.| Build concurrency limit reached for your account. Build will enter queue once a concurrency becomes available. Add additional concurrencies at https://expo.dev/accounts/osvaldodelfina02/settings/billing./ Build concurrency limit reached for your account. Build will enter queue once a concurrency becomes available. Add additional concurrencies at https://expo.dev/accounts/osvaldodelfina02/settings/billing.- Build concurrency limit reached for your account. Build will enter queue once a concurrency becomes available. Add additional concurrencies at https://expo.dev/accounts/osvaldodelfina02/settings/billing.\ Build concurrency limit reached for your account. Build will enter queue once a concurrency becomes available. Add additional concurrencies at https://expo.dev/accounts/osvaldodelfina02/settings/billing.| Build concurrency limit reached for your account. Build will enter queue once a concurrency becomes available. Add additional concurrencies at https://expo.dev/accounts/osvaldodelfina02/settings/billing./ Build concurrency limit reached for your account. Build will enter queue once a concurrency becomes available. Add additional concurrencies at https://expo.dev/accounts/osvaldodelfina02/settings/billing.- Build concurrency limit reached for your account. Build will enter queue once a concurrency becomes available. Add additional concurrencies at https://expo.dev/accounts/osvaldodelfina02/settings/billing.\ Build concurrency limit reached for your account. Build will enter queue once a concurrency becomes available. Add additional concurrencies at https://expo.dev/accounts/osvaldodelfina02/settings/billing.| Build concurrency limit reached for your account. Build will enter queue once a concurrency becomes available. Add additional concurrencies at https://expo.dev/accounts/osvaldodelfina02/settings/billing./ Build concurrency limit reached for your account. Build will enter queue once a concurrency becomes available. Add additional concurrencies at https://expo.dev/accounts/osvaldodelfina02/settings/billing.- Build concurrency limit reached for your account. Build will enter queue once a concurrency becomes available. Add additional concurrencies at https://expo.dev/accounts/osvaldodelfina02/settings/billing.\ Build concurrency limit reached for your account. Build will enter queue once a concurrency becomes available. Add additional concurrencies at https://expo.dev/accounts/osvaldodelfina02/settings/billing.| Build concurrency limit reached for your account. Build will enter queue once a concurrency becomes available. Add additional concurrencies at https://expo.dev/accounts/osvaldodelfina02/settings/billing./ Build concurrency limit reached for your account. Build will enter queue once a concurrency becomes available. Add additional concurrencies at https://expo.dev/accounts/osvaldodelfina02/settings/billing.- Build concurrency limit reached for your account. Build will enter queue once a concurrency becomes available. Add additional concurrencies at https://expo.dev/accounts/osvaldodelfina02/settings/billing.\ Build concurrency limit reached for your account. Build will enter queue once a concurrency becomes available. Add additional concurrencies at https://expo.dev/accounts/osvaldodelfina02/settings/billing.| Build concurrency limit reached for your account. Build will enter queue once a concurrency becomes available. Add additional concurrencies at https://expo.dev/accounts/osvaldodelfina02/settings/billing./ Build concurrency limit reached for your account. Build will enter queue once a concurrency becomes available. Add additional concurrencies at https://expo.dev/accounts/osvaldodelfina02/settings/billing.- Build concurrency limit reached for your account. Build will enter queue once a concurrency becomes available. Add additional concurrencies at https://expo.dev/accounts/osvaldodelfina02/settings/billing.\ Build concurrency limit reached for your account. Build will enter queue once a concurrency becomes available. Add additional concurrencies at https://expo.dev/accounts/osvaldodelfina02/settings/billing.| Build concurrency limit reached for your account. Build will enter queue once a concurrency becomes available. Add additional concurrencies at https://expo.dev/accounts/osvaldodelfina02/settings/billing./ Build concurrency limit reached for your account. Build will enter queue once a concurrency becomes available. Add additional concurrencies at https://expo.dev/accounts/osvaldodelfina02/settings/billing.- Build concurrency limit reached for your account. Build will enter queue once a concurrency becomes available. Add additional concurrencies at https://expo.dev/accounts/osvaldodelfina02/settings/billing.\ Build concurrency limit reached for your account. Build will enter queue once a concurrency becomes available. Add additional concurrencies at https://expo.dev/accounts/osvaldodelfina02/settings/billing.| Build concurrency limit reached for your account. Build will enter queue once a concurrency becomes available. Add additional concurrencies at https://expo.dev/accounts/osvaldodelfina02/settings/billing./ Build concurrency limit reached for your account. Build will enter queue once a concurrency becomes available. Add additional concurrencies at https://expo.dev/accounts/osvaldodelfina02/settings/billing.- Build concurrency limit reached for your account. Build will enter queue once a concurrency becomes available. Add additional concurrencies at https://expo.dev/accounts/osvaldodelfina02/settings/billing.\ Build concurrency limit reached for your account. Build will enter queue once a concurrency becomes available. Add additional concurrencies at https://expo.dev/accounts/osvaldodelfina02/settings/billing.| Build concurrency limit reached for your account. Build will enter queue once a concurrency becomes available. Add additional concurrencies at https://expo.dev/accounts/osvaldodelfina02/settings/billing./ Build concurrency limit reached for your account. Build will enter queue once a concurrency becomes available. Add additional concurrencies at https://expo.dev/accounts/osvaldodelfina02/settings/billing.- Build concurrency limit reached for your account. Build will enter queue once a concurrency becomes available. Add additional concurrencies at https://expo.dev/accounts/osvaldodelfina02/settings/billing.\ Build concurrency limit reached for your account. Build will enter queue once a concurrency becomes available. Add additional concurrencies at https://expo.dev/accounts/osvaldodelfina02/settings/billing.| Build concurrency limit reached for your account. Build will enter queue once a concurrency becomes available. Add additional concurrencies at https://expo.dev/accounts/osvaldodelfina02/settings/billing./ Build concurrency limit reached for your account. Build will enter queue once a concurrency becomes available. Add additional concurrencies at https://expo.dev/accounts/osvaldodelfina02/settings/billing.- Build concurrency limit reached for your account. Build will enter queue once a concurrency becomes available. Add additional concurrencies at https://expo.dev/accounts/osvaldodelfina02/settings/billing.\ Build concurrency limit reached for your account. Build will enter queue once a concurrency becomes available. Add additional concurrencies at https://expo.dev/accounts/osvaldodelfina02/settings/billing.| Build concurrency limit reached for your account. Build will enter queue once a concurrency becomes available. Add additional concurrencies at https://expo.dev/accounts/osvaldodelfina02/settings/billing./ Build concurrency limit reached for your account. Build will enter queue once a concurrency becomes available. Add additional concurrencies at https://expo.dev/accounts/osvaldodelfina02/settings/billing.- Build concurrency limit reached for your account. Build will enter queue once a concurrency becomes available. Add additional concurrencies at https://expo.dev/accounts/osvaldodelfina02/settings/billing.\ Build concurrency limit reached for your account. Build will enter queue once a concurrency becomes available. Add additional concurrencies at https://expo.dev/accounts/osvaldodelfina02/settings/billing.| Build concurrency limit reached for your account. Build will enter queue once a concurrency becomes available. Add additional concurrencies at https://expo.dev/accounts/osvaldodelfina02/settings/billing./ Build concurrency limit reached for your account. Build will enter queue once a concurrency becomes available. Add additional concurrencies at https://expo.dev/accounts/osvaldodelfina02/settings/billing.- Build concurrency limit reached for your account. Build will enter queue once a concurrency becomes available. Add additional concurrencies at https://expo.dev/accounts/osvaldodelfina02/settings/billing.\ Build concurrency limit reached for your account. Build will enter queue once a concurrency becomes available. Add additional concurrencies at https://expo.dev/accounts/osvaldodelfina02/settings/billing.| Build concurrency limit reached for your account. Build will enter queue once a concurrency becomes available. Add additional concurrencies at https://expo.dev/accounts/osvaldodelfina02/settings/billing./ Build concurrency limit reached for your account. Build will enter queue once a concurrency becomes available. Add additional concurrencies at https://expo.dev/accounts/osvaldodelfina02/settings/billing.- Build concurrency limit reached for your account. Build will enter queue once a concurrency becomes available. Add additional concurrencies at https://expo.dev/accounts/osvaldodelfina02/settings/billing.\ Build concurrency limit reached for your account. Build will enter queue once a concurrency becomes available. Add additional concurrencies at https://expo.dev/accounts/osvaldodelfina02/settings/billing.| Build concurrency limit reached for your account. Build will enter queue once a concurrency becomes available. Add additional concurrencies at https://expo.dev/accounts/osvaldodelfina02/settings/billing./ Build concurrency limit reached for your account. Build will enter queue once a concurrency becomes available. Add additional concurrencies at https://expo.dev/accounts/osvaldodelfina02/settings/billing.- Build concurrency limit reached for your account. Build will enter queue once a concurrency becomes available. Add additional concurrencies at https://expo.dev/accounts/osvaldodelfina02/settings/billing.\ Build concurrency limit reached for your account. Build will enter queue once a concurrency becomes available. Add additional concurrencies at https://expo.dev/accounts/osvaldodelfina02/settings/billing.| Build concurrency limit reached for your account. Build will enter queue once a concurrency becomes available. Add additional concurrencies at https://expo.dev/accounts/osvaldodelfina02/settings/billing./ Build concurrency limit reached for your account. Build will enter queue once a concurrency becomes available. Add additional concurrencies at https://expo.dev/accounts/osvaldodelfina02/settings/billing.- Build concurrency limit reached for your account. Build will enter queue once a concurrency becomes available. Add additional concurrencies at https://expo.dev/accounts/osvaldodelfina02/settings/billing.\ Build concurrency limit reached for your account. Build will enter queue once a concurrency becomes available. Add additional concurrencies at https://expo.dev/accounts/osvaldodelfina02/settings/billing.| Build concurrency limit reached for your account. Build will enter queue once a concurrency becomes available. Add additional concurrencies at https://expo.dev/accounts/osvaldodelfina02/settings/billing./ Build concurrency limit reached for your account. Build will enter queue once a concurrency becomes available. Add additional concurrencies at https://expo.dev/accounts/osvaldodelfina02/settings/billing.- Build concurrency limit reached for your account. Build will enter queue once a concurrency becomes available. Add additional concurrencies at https://expo.dev/accounts/osvaldodelfina02/settings/billing.\ Build concurrency limit reached for your account. Build will enter queue once a concurrency becomes available. Add additional concurrencies at https://expo.dev/accounts/osvaldodelfina02/settings/billing.| Build concurrency limit reached for your account. Build will enter queue once a concurrency becomes available. Add additional concurrencies at https://expo.dev/accounts/osvaldodelfina02/settings/billing./ Build concurrency limit reached for your account. Build will enter queue once a concurrency becomes available. Add additional concurrencies at https://expo.dev/accounts/osvaldodelfina02/settings/billing.- Build concurrency limit reached for your account. Build will enter queue once a concurrency becomes available. Add additional concurrencies at https://expo.dev/accounts/osvaldodelfina02/settings/billing.\ Build concurrency limit reached for your account. Build will enter queue once a concurrency becomes available. Add additional concurrencies at https://expo.dev/accounts/osvaldodelfina02/settings/billing.| Build concurrency limit reached for your account. Build will enter queue once a concurrency becomes available. Add additional concurrencies at https://expo.dev/accounts/osvaldodelfina02/settings/billing./ Build concurrency limit reached for your account. Build will enter queue once a concurrency becomes available. Add additional concurrencies at https://expo.dev/accounts/osvaldodelfina02/settings/billing.- Build concurrency limit reached for your account. Build will enter queue once a concurrency becomes available. Add additional concurrencies at https://expo.dev/accounts/osvaldodelfina02/settings/billing.\ Build concurrency limit reached for your account. Build will enter queue once a concurrency becomes available. Add additional concurrencies at https://expo.dev/accounts/osvaldodelfina02/settings/billing.| Build concurrency limit reached for your account. Build will enter queue once a concurrency becomes available. Add additional concurrencies at https://expo.dev/accounts/osvaldodelfina02/settings/billing./ Build concurrency limit reached for your account. Build will enter queue once a concurrency becomes available. Add additional concurrencies at https://expo.dev/accounts/osvaldodelfina02/settings/billing.- Build concurrency limit reached for your account. Build will enter queue once a concurrency becomes available. Add additional concurrencies at https://expo.dev/accounts/osvaldodelfina02/settings/billing.\ Build concurrency limit reached for your account. Build will enter queue once a concurrency becomes available. Add additional concurrencies at https://expo.dev/accounts/osvaldodelfina02/settings/billing.| Build concurrency limit reached for your account. Build will enter queue once a concurrency becomes available. Add additional concurrencies at https://expo.dev/accounts/osvaldodelfina02/settings/billing./ Build concurrency limit reached for your account. Build will enter queue once a concurrency becomes available. Add additional concurrencies at https://expo.dev/accounts/osvaldodelfina02/settings/billing.- Build concurrency limit reached for your account. Build will enter queue once a concurrency becomes available. Add additional concurrencies at https://expo.dev/accounts/osvaldodelfina02/settings/billing.\ Build concurrency limit reached for your account. Build will enter queue once a concurrency becomes available. Add additional concurrencies at https://expo.dev/accounts/osvaldodelfina02/settings/billing.| Build concurrency limit reached for your account. Build will enter queue once a concurrency becomes available. Add additional concurrencies at https://expo.dev/accounts/osvaldodelfina02/settings/billing./ Build concurrency limit reached for your account. Build will enter queue once a concurrency becomes available. Add additional concurrencies at https://expo.dev/accounts/osvaldodelfina02/settings/billing.- Build concurrency limit reached for your account. Build will enter queue once a concurrency becomes available. Add additional concurrencies at https://expo.dev/accounts/osvaldodelfina02/settings/billing.\ Build concurrency limit reached for your account. Build will enter queue once a concurrency becomes available. Add additional concurrencies at https://expo.dev/accounts/osvaldodelfina02/settings/billing.| Build concurrency limit reached for your account. Build will enter queue once a concurrency becomes available. Add additional concurrencies at https://expo.dev/accounts/osvaldodelfina02/settings/billing./ Build concurrency limit reached for your account. Build will enter queue once a concurrency becomes available. Add additional concurrencies at https://expo.dev/accounts/osvaldodelfina02/settings/billing.- Build concurrency limit reached for your account. Build will enter queue once a concurrency becomes available. Add additional concurrencies at https://expo.dev/accounts/osvaldodelfina02/settings/billing.\ Build concurrency limit reached for your account. Build will enter queue once a concurrency becomes available. Add additional concurrencies at https://expo.dev/accounts/osvaldodelfina02/settings/billing.| Build concurrency limit reached for your account. Build will enter queue once a concurrency becomes available. Add additional concurrencies at https://expo.dev/accounts/osvaldodelfina02/settings/billing./ Build concurrency limit reached for your account. Build will enter queue once a concurrency becomes available. Add additional concurrencies at https://expo.dev/accounts/osvaldodelfina02/settings/billing.- Build concurrency limit reached for your account. Build will enter queue once a concurrency becomes available. Add additional concurrencies at https://expo.dev/accounts/osvaldodelfina02/settings/billing.\ Build concurrency limit reached for your account. Build will enter queue once a concurrency becomes available. Add additional concurrencies at https://expo.dev/accounts/osvaldodelfina02/settings/billing.| Build concurrency limit reached for your account. Build will enter queue once a concurrency becomes available. Add additional concurrencies at https://expo.dev/accounts/osvaldodelfina02/settings/billing./ Build concurrency limit reached for your account. Build will enter queue once a concurrency becomes available. Add additional concurrencies at https://expo.dev/accounts/osvaldodelfina02/settings/billing.- Build concurrency limit reached for your account. Build will enter queue once a concurrency becomes available. Add additional concurrencies at https://expo.dev/accounts/osvaldodelfina02/settings/billing.\ Build concurrency limit reached for your account. Build will enter queue once a concurrency becomes available. Add additional concurrencies at https://expo.dev/accounts/osvaldodelfina02/settings/billing.| Build concurrency limit reached for your account. Build will enter queue once a concurrency becomes available. Add additional concurrencies at https://expo.dev/accounts/osvaldodelfina02/settings/billing./ Build concurrency limit reached for your account. Build will enter queue once a concurrency becomes available. Add additional concurrencies at https://expo.dev/accounts/osvaldodelfina02/settings/billing.- Build concurrency limit reached for your account. Build will enter queue once a concurrency becomes available. Add additional concurrencies at https://expo.dev/accounts/osvaldodelfina02/settings/billing.\ Build concurrency limit reached for your account. Build will enter queue once a concurrency becomes available. Add additional concurrencies at https://expo.dev/accounts/osvaldodelfina02/settings/billing.| Build concurrency limit reached for your account. Build will enter queue once a concurrency becomes available. Add additional concurrencies at https://expo.dev/accounts/osvaldodelfina02/settings/billing./ Build concurrency limit reached for your account. Build will enter queue once a concurrency becomes available. Add additional concurrencies at https://expo.dev/accounts/osvaldodelfina02/settings/billing.- Build concurrency limit reached for your account. Build will enter queue once a concurrency becomes available. Add additional concurrencies at https://expo.dev/accounts/osvaldodelfina02/settings/billing.\ Build concurrency limit reached for your account. Build will enter queue once a concurrency becomes available. Add additional concurrencies at https://expo.dev/accounts/osvaldodelfina02/settings/billing.| Build concurrency limit reached for your account. Build will enter queue once a concurrency becomes available. Add additional concurrencies at https://expo.dev/accounts/osvaldodelfina02/settings/billing./ Build concurrency limit reached for your account. Build will enter queue once a concurrency becomes available. Add additional concurrencies at https://expo.dev/accounts/osvaldodelfina02/settings/billing.- Build concurrency limit reached for your account. Build will enter queue once a concurrency becomes available. Add additional concurrencies at https://expo.dev/accounts/osvaldodelfina02/settings/billing.\ Build concurrency limit reached for your account. Build will enter queue once a concurrency becomes available. Add additional concurrencies at https://expo.dev/accounts/osvaldodelfina02/settings/billing.| Build concurrency limit reached for your account. Build will enter queue once a concurrency becomes available. Add additional concurrencies at https://expo.dev/accounts/osvaldodelfina02/settings/billing./ Build concurrency limit reached for your account. Build will enter queue once a concurrency becomes available. Add additional concurrencies at https://expo.dev/accounts/osvaldodelfina02/settings/billing.- Build concurrency limit reached for your account. Build will enter queue once a concurrency becomes available. Add additional concurrencies at https://expo.dev/accounts/osvaldodelfina02/settings/billing.\ Build concurrency limit reached for your account. Build will enter queue once a concurrency becomes available. Add additional concurrencies at https://expo.dev/accounts/osvaldodelfina02/settings/billing.| Build concurrency limit reached for your account. Build will enter queue once a concurrency becomes available. Add additional concurrencies at https://expo.dev/accounts/osvaldodelfina02/settings/billing./ Build concurrency limit reached for your account. Build will enter queue once a concurrency becomes available. Add additional concurrencies at https://expo.dev/accounts/osvaldodelfina02/settings/billing.- Build concurrency limit reached for your account. Build will enter queue once a concurrency becomes available. Add additional concurrencies at https://expo.dev/accounts/osvaldodelfina02/settings/billing.\ Build concurrency limit reached for your account. Build will enter queue once a concurrency becomes available. Add additional concurrencies at https://expo.dev/accounts/osvaldodelfina02/settings/billing.| Build concurrency limit reached for your account. Build will enter queue once a concurrency becomes available. Add additional concurrencies at https://expo.dev/accounts/osvaldodelfina02/settings/billing./ Build concurrency limit reached for your account. Build will enter queue once a concurrency becomes available. Add additional concurrencies at https://expo.dev/accounts/osvaldodelfina02/settings/billing.- Build concurrency limit reached for your account. Build will enter queue once a concurrency becomes available. Add additional concurrencies at https://expo.dev/accounts/osvaldodelfina02/settings/billing.\ Build concurrency limit reached for your account. Build will enter queue once a concurrency becomes available. Add additional concurrencies at https://expo.dev/accounts/osvaldodelfina02/settings/billing.| Build concurrency limit reached for your account. Build will enter queue once a concurrency becomes available. Add additional concurrencies at https://expo.dev/accounts/osvaldodelfina02/settings/billing./ Build concurrency limit reached for your account. Build will enter queue once a concurrency becomes available. Add additional concurrencies at https://expo.dev/accounts/osvaldodelfina02/settings/billing.- Build concurrency limit reached for your account. Build will enter queue once a concurrency becomes available. Add additional concurrencies at https://expo.dev/accounts/osvaldodelfina02/settings/billing.\ Build concurrency limit reached for your account. Build will enter queue once a concurrency becomes available. Add additional concurrencies at https://expo.dev/accounts/osvaldodelfina02/settings/billing.| Build concurrency limit reached for your account. Build will enter queue once a concurrency becomes available. Add additional concurrencies at https://expo.dev/accounts/osvaldodelfina02/settings/billing./ Build concurrency limit reached for your account. Build will enter queue once a concurrency becomes available. Add additional concurrencies at https://expo.dev/accounts/osvaldodelfina02/settings/billing.- Build concurrency limit reached for your account. Build will enter queue once a concurrency becomes available. Add additional concurrencies at https://expo.dev/accounts/osvaldodelfina02/settings/billing.\ Build concurrency limit reached for your account. Build will enter queue once a concurrency becomes available. Add additional concurrencies at https://expo.dev/accounts/osvaldodelfina02/settings/billing.| Build concurrency limit reached for your account. Build will enter queue once a concurrency becomes available. Add additional concurrencies at https://expo.dev/accounts/osvaldodelfina02/settings/billing./ Build concurrency limit reached for your account. Build will enter queue once a concurrency becomes available. Add additional concurrencies at https://expo.dev/accounts/osvaldodelfina02/settings/billing.- Build concurrency limit reached for your account. Build will enter queue once a concurrency becomes available. Add additional concurrencies at https://expo.dev/accounts/osvaldodelfina02/settings/billing.\ Build concurrency limit reached for your account. Build will enter queue once a concurrency becomes available. Add additional concurrencies at https://expo.dev/accounts/osvaldodelfina02/settings/billing.| Build concurrency limit reached for your account. Build will enter queue once a concurrency becomes available. Add additional concurrencies at https://expo.dev/accounts/osvaldodelfina02/settings/billing./ Build concurrency limit reached for your account. Build will enter queue once a concurrency becomes available. Add additional concurrencies at https://expo.dev/accounts/osvaldodelfina02/settings/billing.- Build concurrency limit reached for your account. Build will enter queue once a concurrency becomes available. Add additional concurrencies at https://expo.dev/accounts/osvaldodelfina02/settings/billing.\ Build concurrency limit reached for your account. Build will enter queue once a concurrency becomes available. Add additional concurrencies at https://expo.dev/accounts/osvaldodelfina02/settings/billing.| Build concurrency limit reached for your account. Build will enter queue once a concurrency becomes available. Add additional concurrencies at https://expo.dev/accounts/osvaldodelfina02/settings/billing./ Build concurrency limit reached for your account. Build will enter queue once a concurrency becomes available. Add additional concurrencies at https://expo.dev/accounts/osvaldodelfina02/settings/billing.- Build concurrency limit reached for your account. Build will enter queue once a concurrency becomes available. Add additional concurrencies at https://expo.dev/accounts/osvaldodelfina02/settings/billing.\ Build concurrency limit reached for your account. Build will enter queue once a concurrency becomes available. Add additional concurrencies at https://expo.dev/accounts/osvaldodelfina02/settings/billing.| Build concurrency limit reached for your account. Build will enter queue once a concurrency becomes available. Add additional concurrencies at https://expo.dev/accounts/osvaldodelfina02/settings/billing./ Build concurrency limit reached for your account. Build will enter queue once a concurrency becomes available. Add additional concurrencies at https://expo.dev/accounts/osvaldodelfina02/settings/billing.- Build concurrency limit reached for your account. Build will enter queue once a concurrency becomes available. Add additional concurrencies at https://expo.dev/accounts/osvaldodelfina02/settings/billing.\ Build concurrency limit reached for your account. Build will enter queue once a concurrency becomes available. Add additional concurrencies at https://expo.dev/accounts/osvaldodelfina02/settings/billing.| Build concurrency limit reached for your account. Build will enter queue once a concurrency becomes available. Add additional concurrencies at https://expo.dev/accounts/osvaldodelfina02/settings/billing./ Build concurrency limit reached for your account. Build will enter queue once a concurrency becomes available. Add additional concurrencies at https://expo.dev/accounts/osvaldodelfina02/settings/billing.- Build concurrency limit reached for your account. Build will enter queue once a concurrency becomes available. Add additional concurrencies at https://expo.dev/accounts/osvaldodelfina02/settings/billing.\ Build concurrency limit reached for your account. Build will enter queue once a concurrency becomes available. Add additional concurrencies at https://expo.dev/accounts/osvaldodelfina02/settings/billing.| Build concurrency limit reached for your account. Build will enter queue once a concurrency becomes available. Add additional concurrencies at https://expo.dev/accounts/osvaldodelfina02/settings/billing./ Build concurrency limit reached for your account. Build will enter queue once a concurrency becomes available. Add additional concurrencies at https://expo.dev/accounts/osvaldodelfina02/settings/billing.- Build concurrency limit reached for your account. Build will enter queue once a concurrency becomes available. Add additional concurrencies at https://expo.dev/accounts/osvaldodelfina02/settings/billing.\ Build concurrency limit reached for your account. Build will enter queue once a concurrency becomes available. Add additional concurrencies at https://expo.dev/accounts/osvaldodelfina02/settings/billing.| Build concurrency limit reached for your account. Build will enter queue once a concurrency becomes available. Add additional concurrencies at https://expo.dev/accounts/osvaldodelfina02/settings/billing./ Build concurrency limit reached for your account. Build will enter queue once a concurrency becomes available. Add additional concurrencies at https://expo.dev/accounts/osvaldodelfina02/settings/billing.- Build concurrency limit reached for your account. Build will enter queue once a concurrency becomes available. Add additional concurrencies at https://expo.dev/accounts/osvaldodelfina02/settings/billing.\ Build concurrency limit reached for your account. Build will enter queue once a concurrency becomes available. Add additional concurrencies at https://expo.dev/accounts/osvaldodelfina02/settings/billing.| Build concurrency limit reached for your account. Build will enter queue once a concurrency becomes available. Add additional concurrencies at https://expo.dev/accounts/osvaldodelfina02/settings/billing./ Build concurrency limit reached for your account. Build will enter queue once a concurrency becomes available. Add additional concurrencies at https://expo.dev/accounts/osvaldodelfina02/settings/billing.- Build concurrency limit reached for your account. Build will enter queue once a concurrency becomes available. Add additional concurrencies at https://expo.dev/accounts/osvaldodelfina02/settings/billing.\ Build concurrency limit reached for your account. Build will enter queue once a concurrency becomes available. Add additional concurrencies at https://expo.dev/accounts/osvaldodelfina02/settings/billing.| Build concurrency limit reached for your account. Build will enter queue once a concurrency becomes available. Add additional concurrencies at https://expo.dev/accounts/osvaldodelfina02/settings/billing./ Build concurrency limit reached for your account. Build will enter queue once a concurrency becomes available. Add additional concurrencies at https://expo.dev/accounts/osvaldodelfina02/settings/billing.- Build concurrency limit reached for your account. Build will enter queue once a concurrency becomes available. Add additional concurrencies at https://expo.dev/accounts/osvaldodelfina02/settings/billing.\ Build concurrency limit reached for your account. Build will enter queue once a concurrency becomes available. Add additional concurrencies at https://expo.dev/accounts/osvaldodelfina02/settings/billing.| Build concurrency limit reached for your account. Build will enter queue once a concurrency becomes available. Add additional concurrencies at https://expo.dev/accounts/osvaldodelfina02/settings/billing./ Build concurrency limit reached for your account. Build will enter queue once a concurrency becomes available. Add additional concurrencies at https://expo.dev/accounts/osvaldodelfina02/settings/billing.- Build concurrency limit reached for your account. Build will enter queue once a concurrency becomes available. Add additional concurrencies at https://expo.dev/accounts/osvaldodelfina02/settings/billing.\ Build concurrency limit reached for your account. Build will enter queue once a concurrency becomes available. Add additional concurrencies at https://expo.dev/accounts/osvaldodelfina02/settings/billing.| Build concurrency limit reached for your account. Build will enter queue once a concurrency becomes available. Add additional concurrencies at https://expo.dev/accounts/osvaldodelfina02/settings/billing./ Build concurrency limit reached for your account. Build will enter queue once a concurrency becomes available. Add additional concurrencies at https://expo.dev/accounts/osvaldodelfina02/settings/billing.- Build concurrency limit reached for your account. Build will enter queue once a concurrency becomes available. Add additional concurrencies at https://expo.dev/accounts/osvaldodelfina02/settings/billing.\ Build concurrency limit reached for your account. Build will enter queue once a concurrency becomes available. Add additional concurrencies at https://expo.dev/accounts/osvaldodelfina02/settings/billing.| Build concurrency limit reached for your account. Build will enter queue once a concurrency becomes available. Add additional concurrencies at https://expo.dev/accounts/osvaldodelfina02/settings/billing./ Build concurrency limit reached for your account. Build will enter queue once a concurrency becomes available. Add additional concurrencies at https://expo.dev/accounts/osvaldodelfina02/settings/billing.- Build concurrency limit reached for your account. Build will enter queue once a concurrency becomes available. Add additional concurrencies at https://expo.dev/accounts/osvaldodelfina02/settings/billing.\ Build concurrency limit reached for your account. Build will enter queue once a concurrency becomes available. Add additional concurrencies at https://expo.dev/accounts/osvaldodelfina02/settings/billing.| Build concurrency limit reached for your account. Build will enter queue once a concurrency becomes available. Add additional concurrencies at https://expo.dev/accounts/osvaldodelfina02/settings/billing./ Build concurrency limit reached for your account. Build will enter queue once a concurrency becomes available. Add additional concurrencies at https://expo.dev/accounts/osvaldodelfina02/settings/billing.- Build concurrency limit reached for your account. Build will enter queue once a concurrency becomes available. Add additional concurrencies at https://expo.dev/accounts/osvaldodelfina02/settings/billing.\ Build concurrency limit reached for your account. Build will enter queue once a concurrency becomes available. Add additional concurrencies at https://expo.dev/accounts/osvaldodelfina02/settings/billing.| Build concurrency limit reached for your account. Build will enter queue once a concurrency becomes available. Add additional concurrencies at https://expo.dev/accounts/osvaldodelfina02/settings/billing./ Build concurrency limit reached for your account. Build will enter queue once a concurrency becomes available. Add additional concurrencies at https://expo.dev/accounts/osvaldodelfina02/settings/billing.- Build concurrency limit reached for your account. Build will enter queue once a concurrency becomes available. Add additional concurrencies at https://expo.dev/accounts/osvaldodelfina02/settings/billing.\ Build concurrency limit reached for your account. Build will enter queue once a concurrency becomes available. Add additional concurrencies at https://expo.dev/accounts/osvaldodelfina02/settings/billing.| Build concurrency limit reached for your account. Build will enter queue once a concurrency becomes available. Add additional concurrencies at https://expo.dev/accounts/osvaldodelfina02/settings/billing./ Build concurrency limit reached for your account. Build will enter queue once a concurrency becomes available. Add additional concurrencies at https://expo.dev/accounts/osvaldodelfina02/settings/billing.- Build concurrency limit reached for your account. Build will enter queue once a concurrency becomes available. Add additional concurrencies at https://expo.dev/accounts/osvaldodelfina02/settings/billing.\ Build concurrency limit reached for your account. Build will enter queue once a concurrency becomes available. Add additional concurrencies at https://expo.dev/accounts/osvaldodelfina02/settings/billing.| Build concurrency limit reached for your account. Build will enter queue once a concurrency becomes available. Add additional concurrencies at https://expo.dev/accounts/osvaldodelfina02/settings/billing./ Build concurrency limit reached for your account. Build will enter queue once a concurrency becomes available. Add additional concurrencies at https://expo.dev/accounts/osvaldodelfina02/settings/billing.- Build concurrency limit reached for your account. Build will enter queue once a concurrency becomes available. Add additional concurrencies at https://expo.dev/accounts/osvaldodelfina02/settings/billing.\ Build concurrency limit reached for your account. Build will enter queue once a concurrency becomes available. Add additional concurrencies at https://expo.dev/accounts/osvaldodelfina02/settings/billing.| Build concurrency limit reached for your account. Build will enter queue once a concurrency becomes available. Add additional concurrencies at https://expo.dev/accounts/osvaldodelfina02/settings/billing./ Build concurrency limit reached for your account. Build will enter queue once a concurrency becomes available. Add additional concurrencies at https://expo.dev/accounts/osvaldodelfina02/settings/billing.- Build concurrency limit reached for your account. Build will enter queue once a concurrency becomes available. Add additional concurrencies at https://expo.dev/accounts/osvaldodelfina02/settings/billing.\ Build concurrency limit reached for your account. Build will enter queue once a concurrency becomes available. Add additional concurrencies at https://expo.dev/accounts/osvaldodelfina02/settings/billing.| Build concurrency limit reached for your account. Build will enter queue once a concurrency becomes available. Add additional concurrencies at https://expo.dev/accounts/osvaldodelfina02/settings/billing./ Build concurrency limit reached for your account. Build will enter queue once a concurrency becomes available. Add additional concurrencies at https://expo.dev/accounts/osvaldodelfina02/settings/billing.- Build concurrency limit reached for your account. Build will enter queue once a concurrency becomes available. Add additional concurrencies at https://expo.dev/accounts/osvaldodelfina02/settings/billing.\ Build concurrency limit reached for your account. Build will enter queue once a concurrency becomes available. Add additional concurrencies at https://expo.dev/accounts/osvaldodelfina02/settings/billing.| Build concurrency limit reached for your account. Build will enter queue once a concurrency becomes available. Add additional concurrencies at https://expo.dev/accounts/osvaldodelfina02/settings/billing./ Build concurrency limit reached for your account. Build will enter queue once a concurrency becomes available. Add additional concurrencies at https://expo.dev/accounts/osvaldodelfina02/settings/billing.- Build concurrency limit reached for your account. Build will enter queue once a concurrency becomes available. Add additional concurrencies at https://expo.dev/accounts/osvaldodelfina02/settings/billing.\ Build concurrency limit reached for your account. Build will enter queue once a concurrency becomes available. Add additional concurrencies at https://expo.dev/accounts/osvaldodelfina02/settings/billing.| Build concurrency limit reached for your account. Build will enter queue once a concurrency becomes available. Add additional concurrencies at https://expo.dev/accounts/osvaldodelfina02/settings/billing./ Build concurrency limit reached for your account. Build will enter queue once a concurrency becomes available. Add additional concurrencies at https://expo.dev/accounts/osvaldodelfina02/settings/billing.- Build concurrency limit reached for your account. Build will enter queue once a concurrency becomes available. Add additional concurrencies at https://expo.dev/accounts/osvaldodelfina02/settings/billing.\ Build concurrency limit reached for your account. Build will enter queue once a concurrency becomes available. Add additional concurrencies at https://expo.dev/accounts/osvaldodelfina02/settings/billing.| Build concurrency limit reached for your account. Build will enter queue once a concurrency becomes available. Add additional concurrencies at https://expo.dev/accounts/osvaldodelfina02/settings/billing./ Build concurrency limit reached for your account. Build will enter queue once a concurrency becomes available. Add additional concurrencies at https://expo.dev/accounts/osvaldodelfina02/settings/billing.- Build concurrency limit reached for your account. Build will enter queue once a concurrency becomes available. Add additional concurrencies at https://expo.dev/accounts/osvaldodelfina02/settings/billing.\ Build concurrency limit reached for your account. Build will enter queue once a concurrency becomes available. Add additional concurrencies at https://expo.dev/accounts/osvaldodelfina02/settings/billing.| Build concurrency limit reached for your account. Build will enter queue once a concurrency becomes available. Add additional concurrencies at https://expo.dev/accounts/osvaldodelfina02/settings/billing./ Build concurrency limit reached for your account. Build will enter queue once a concurrency becomes available. Add additional concurrencies at https://expo.dev/accounts/osvaldodelfina02/settings/billing.- Build concurrency limit reached for your account. Build will enter queue once a concurrency becomes available. Add additional concurrencies at https://expo.dev/accounts/osvaldodelfina02/settings/billing.\ Build concurrency limit reached for your account. Build will enter queue once a concurrency becomes available. Add additional concurrencies at https://expo.dev/accounts/osvaldodelfina02/settings/billing.| Build concurrency limit reached for your account. Build will enter queue once a concurrency becomes available. Add additional concurrencies at https://expo.dev/accounts/osvaldodelfina02/settings/billing./ Build concurrency limit reached for your account. Build will enter queue once a concurrency becomes available. Add additional concurrencies at https://expo.dev/accounts/osvaldodelfina02/settings/billing.- Build concurrency limit reached for your account. Build will enter queue once a concurrency becomes available. Add additional concurrencies at https://expo.dev/accounts/osvaldodelfina02/settings/billing.\ Build concurrency limit reached for your account. Build will enter queue once a concurrency becomes available. Add additional concurrencies at https://expo.dev/accounts/osvaldodelfina02/settings/billing.| Build concurrency limit reached for your account. Build will enter queue once a concurrency becomes available. Add additional concurrencies at https://expo.dev/accounts/osvaldodelfina02/settings/billing./ Build concurrency limit reached for your account. Build will enter queue once a concurrency becomes available. Add additional concurrencies at https://expo.dev/accounts/osvaldodelfina02/settings/billing.- Build concurrency limit reached for your account. Build will enter queue once a concurrency becomes available. Add additional concurrencies at https://expo.dev/accounts/osvaldodelfina02/settings/billing.\ Build concurrency limit reached for your account. Build will enter queue once a concurrency becomes available. Add additional concurrencies at https://expo.dev/accounts/osvaldodelfina02/settings/billing.| Build concurrency limit reached for your account. Build will enter queue once a concurrency becomes available. Add additional concurrencies at https://expo.dev/accounts/osvaldodelfina02/settings/billing./ Build concurrency limit reached for your account. Build will enter queue once a concurrency becomes available. Add additional concurrencies at https://expo.dev/accounts/osvaldodelfina02/settings/billing.- Build concurrency limit reached for your account. Build will enter queue once a concurrency becomes available. Add additional concurrencies at https://expo.dev/accounts/osvaldodelfina02/settings/billing.\ Build concurrency limit reached for your account. Build will enter queue once a concurrency becomes available. Add additional concurrencies at https://expo.dev/accounts/osvaldodelfina02/settings/billing.| Build concurrency limit reached for your account. Build will enter queue once a concurrency becomes available. Add additional concurrencies at https://expo.dev/accounts/osvaldodelfina02/settings/billing./ Build concurrency limit reached for your account. Build will enter queue once a concurrency becomes available. Add additional concurrencies at https://expo.dev/accounts/osvaldodelfina02/settings/billing.- Build concurrency limit reached for your account. Build will enter queue once a concurrency becomes available. Add additional concurrencies at https://expo.dev/accounts/osvaldodelfina02/settings/billing.\ Build concurrency limit reached for your account. Build will enter queue once a concurrency becomes available. Add additional concurrencies at https://expo.dev/accounts/osvaldodelfina02/settings/billing.| Build concurrency limit reached for your account. Build will enter queue once a concurrency becomes available. Add additional concurrencies at https://expo.dev/accounts/osvaldodelfina02/settings/billing./ Build concurrency limit reached for your account. Build will enter queue once a concurrency becomes available. Add additional concurrencies at https://expo.dev/accounts/osvaldodelfina02/settings/billing.- Build concurrency limit reached for your account. Build will enter queue once a concurrency becomes available. Add additional concurrencies at https://expo.dev/accounts/osvaldodelfina02/settings/billing.\ Build concurrency limit reached for your account. Build will enter queue once a concurrency becomes available. Add additional concurrencies at https://expo.dev/accounts/osvaldodelfina02/settings/billing.| Build concurrency limit reached for your account. Build will enter queue once a concurrency becomes available. Add additional concurrencies at https://expo.dev/accounts/osvaldodelfina02/settings/billing./ Build concurrency limit reached for your account. Build will enter queue once a concurrency becomes available. Add additional concurrencies at https://expo.dev/accounts/osvaldodelfina02/settings/billing.- Build concurrency limit reached for your account. Build will enter queue once a concurrency becomes available. Add additional concurrencies at https://expo.dev/accounts/osvaldodelfina02/settings/billing.\ Build concurrency limit reached for your account. Build will enter queue once a concurrency becomes available. Add additional concurrencies at https://expo.dev/accounts/osvaldodelfina02/settings/billing.| Build concurrency limit reached for your account. Build will enter queue once a concurrency becomes available. Add additional concurrencies at https://expo.dev/accounts/osvaldodelfina02/settings/billing./ Build concurrency limit reached for your account. Build will enter queue once a concurrency becomes available. Add additional concurrencies at https://expo.dev/accounts/osvaldodelfina02/settings/billing.- Build concurrency limit reached for your account. Build will enter queue once a concurrency becomes available. Add additional concurrencies at https://expo.dev/accounts/osvaldodelfina02/settings/billing.\ Build concurrency limit reached for your account. Build will enter queue once a concurrency becomes available. Add additional concurrencies at https://expo.dev/accounts/osvaldodelfina02/settings/billing.| Build concurrency limit reached for your account. Build will enter queue once a concurrency becomes available. Add additional concurrencies at https://expo.dev/accounts/osvaldodelfina02/settings/billing./ Build concurrency limit reached for your account. Build will enter queue once a concurrency becomes available. Add additional concurrencies at https://expo.dev/accounts/osvaldodelfina02/settings/billing.- Build concurrency limit reached for your account. Build will enter queue once a concurrency becomes available. Add additional concurrencies at https://expo.dev/accounts/osvaldodelfina02/settings/billing.\ Build concurrency limit reached for your account. Build will enter queue once a concurrency becomes available. Add additional concurrencies at https://expo.dev/accounts/osvaldodelfina02/settings/billing.| Build concurrency limit reached for your account. Build will enter queue once a concurrency becomes available. Add additional concurrencies at https://expo.dev/accounts/osvaldodelfina02/settings/billing./ Build concurrency limit reached for your account. Build will enter queue once a concurrency becomes available. Add additional concurrencies at https://expo.dev/accounts/osvaldodelfina02/settings/billing.- Build concurrency limit reached for your account. Build will enter queue once a concurrency becomes available. Add additional concurrencies at https://expo.dev/accounts/osvaldodelfina02/settings/billing.\ Build concurrency limit reached for your account. Build will enter queue once a concurrency becomes available. Add additional concurrencies at https://expo.dev/accounts/osvaldodelfina02/settings/billing.| Build concurrency limit reached for your account. Build will enter queue once a concurrency becomes available. Add additional concurrencies at https://expo.dev/accounts/osvaldodelfina02/settings/billing./ Build concurrency limit reached for your account. Build will enter queue once a concurrency becomes available. Add additional concurrencies at https://expo.dev/accounts/osvaldodelfina02/settings/billing.- Build concurrency limit reached for your account. Build will enter queue once a concurrency becomes available. Add additional concurrencies at https://expo.dev/accounts/osvaldodelfina02/settings/billing.\ Build concurrency limit reached for your account. Build will enter queue once a concurrency becomes available. Add additional concurrencies at https://expo.dev/accounts/osvaldodelfina02/settings/billing.| Build concurrency limit reached for your account. Build will enter queue once a concurrency becomes available. Add additional concurrencies at https://expo.dev/accounts/osvaldodelfina02/settings/billing./ Build concurrency limit reached for your account. Build will enter queue once a concurrency becomes available. Add additional concurrencies at https://expo.dev/accounts/osvaldodelfina02/settings/billing.- Build concurrency limit reached for your account. Build will enter queue once a concurrency becomes available. Add additional concurrencies at https://expo.dev/accounts/osvaldodelfina02/settings/billing.\ Build concurrency limit reached for your account. Build will enter queue once a concurrency becomes available. Add additional concurrencies at https://expo.dev/accounts/osvaldodelfina02/settings/billing.| Build concurrency limit reached for your account. Build will enter queue once a concurrency becomes available. Add additional concurrencies at https://expo.dev/accounts/osvaldodelfina02/settings/billing./ Build concurrency limit reached for your account. Build will enter queue once a concurrency becomes available. Add additional concurrencies at https://expo.dev/accounts/osvaldodelfina02/settings/billing.- Build concurrency limit reached for your account. Build will enter queue once a concurrency becomes available. Add additional concurrencies at https://expo.dev/accounts/osvaldodelfina02/settings/billing.\ Build concurrency limit reached for your account. Build will enter queue once a concurrency becomes available. Add additional concurrencies at https://expo.dev/accounts/osvaldodelfina02/settings/billing.| Build concurrency limit reached for your account. Build will enter queue once a concurrency becomes available. Add additional concurrencies at https://expo.dev/accounts/osvaldodelfina02/settings/billing./ Build concurrency limit reached for your account. Build will enter queue once a concurrency becomes available. Add additional concurrencies at https://expo.dev/accounts/osvaldodelfina02/settings/billing.- Build concurrency limit reached for your account. Build will enter queue once a concurrency becomes available. Add additional concurrencies at https://expo.dev/accounts/osvaldodelfina02/settings/billing.\ Build concurrency limit reached for your account. Build will enter queue once a concurrency becomes available. Add additional concurrencies at https://expo.dev/accounts/osvaldodelfina02/settings/billing.| Build concurrency limit reached for your account. Build will enter queue once a concurrency becomes available. Add additional concurrencies at https://expo.dev/accounts/osvaldodelfina02/settings/billing./ Build concurrency limit reached for your account. Build will enter queue once a concurrency becomes available. Add additional concurrencies at https://expo.dev/accounts/osvaldodelfina02/settings/billing.- Build concurrency limit reached for your account. Build will enter queue once a concurrency becomes available. Add additional concurrencies at https://expo.dev/accounts/osvaldodelfina02/settings/billing.\ Build concurrency limit reached for your account. Build will enter queue once a concurrency becomes available. Add additional concurrencies at https://expo.dev/accounts/osvaldodelfina02/settings/billing.| Build concurrency limit reached for your account. Build will enter queue once a concurrency becomes available. Add additional concurrencies at https://expo.dev/accounts/osvaldodelfina02/settings/billing./ Build concurrency limit reached for your account. Build will enter queue once a concurrency becomes available. Add additional concurrencies at https://expo.dev/accounts/osvaldodelfina02/settings/billing.- Build concurrency limit reached for your account. Build will enter queue once a concurrency becomes available. Add additional concurrencies at https://expo.dev/accounts/osvaldodelfina02/settings/billing.\ Build concurrency limit reached for your account. Build will enter queue once a concurrency becomes available. Add additional concurrencies at https://expo.dev/accounts/osvaldodelfina02/settings/billing.| Build concurrency limit reached for your account. Build will enter queue once a concurrency becomes available. Add additional concurrencies at https://expo.dev/accounts/osvaldodelfina02/settings/billing./ Build concurrency limit reached for your account. Build will enter queue once a concurrency becomes available. Add additional concurrencies at https://expo.dev/accounts/osvaldodelfina02/settings/billing.- Build concurrency limit reached for your account. Build will enter queue once a concurrency becomes available. Add additional concurrencies at https://expo.dev/accounts/osvaldodelfina02/settings/billing.\ Build concurrency limit reached for your account. Build will enter queue once a concurrency becomes available. Add additional concurrencies at https://expo.dev/accounts/osvaldodelfina02/settings/billing.| Build concurrency limit reached for your account. Build will enter queue once a concurrency becomes available. Add additional concurrencies at https://expo.dev/accounts/osvaldodelfina02/settings/billing./ Build concurrency limit reached for your account. Build will enter queue once a concurrency becomes available. Add additional concurrencies at https://expo.dev/accounts/osvaldodelfina02/settings/billing.- Build concurrency limit reached for your account. Build will enter queue once a concurrency becomes available. Add additional concurrencies at https://expo.dev/accounts/osvaldodelfina02/settings/billing.\ Build concurrency limit reached for your account. Build will enter queue once a concurrency becomes available. Add additional concurrencies at https://expo.dev/accounts/osvaldodelfina02/settings/billing.| Build concurrency limit reached for your account. Build will enter queue once a concurrency becomes available. Add additional concurrencies at https://expo.dev/accounts/osvaldodelfina02/settings/billing./ Build concurrency limit reached for your account. Build will enter queue once a concurrency becomes available. Add additional concurrencies at https://expo.dev/accounts/osvaldodelfina02/settings/billing.- Build concurrency limit reached for your account. Build will enter queue once a concurrency becomes available. Add additional concurrencies at https://expo.dev/accounts/osvaldodelfina02/settings/billing.\ Build concurrency limit reached for your account. Build will enter queue once a concurrency becomes available. Add additional concurrencies at https://expo.dev/accounts/osvaldodelfina02/settings/billing.| Build concurrency limit reached for your account. Build will enter queue once a concurrency becomes available. Add additional concurrencies at https://expo.dev/accounts/osvaldodelfina02/settings/billing./ Build concurrency limit reached for your account. Build will enter queue once a concurrency becomes available. Add additional concurrencies at https://expo.dev/accounts/osvaldodelfina02/settings/billing.- Build concurrency limit reached for your account. Build will enter queue once a concurrency becomes available. Add additional concurrencies at https://expo.dev/accounts/osvaldodelfina02/settings/billing.\ Build concurrency limit reached for your account. Build will enter queue once a concurrency becomes available. Add additional concurrencies at https://expo.dev/accounts/osvaldodelfina02/settings/billing.| Build concurrency limit reached for your account. Build will enter queue once a concurrency becomes available. Add additional concurrencies at https://expo.dev/accounts/osvaldodelfina02/settings/billing./ Build concurrency limit reached for your account. Build will enter queue once a concurrency becomes available. Add additional concurrencies at https://expo.dev/accounts/osvaldodelfina02/settings/billing.- Build concurrency limit reached for your account. Build will enter queue once a concurrency becomes available. Add additional concurrencies at https://expo.dev/accounts/osvaldodelfina02/settings/billing.\ Build concurrency limit reached for your account. Build will enter queue once a concurrency becomes available. Add additional concurrencies at https://expo.dev/accounts/osvaldodelfina02/settings/billing.| Build concurrency limit reached for your account. Build will enter queue once a concurrency becomes available. Add additional concurrencies at https://expo.dev/accounts/osvaldodelfina02/settings/billing./ Build concurrency limit reached for your account. Build will enter queue once a concurrency becomes available. Add additional concurrencies at https://expo.dev/accounts/osvaldodelfina02/settings/billing.- Build concurrency limit reached for your account. Build will enter queue once a concurrency becomes available. Add additional concurrencies at https://expo.dev/accounts/osvaldodelfina02/settings/billing.\ Build concurrency limit reached for your account. Build will enter queue once a concurrency becomes available. Add additional concurrencies at https://expo.dev/accounts/osvaldodelfina02/settings/billing.| Build concurrency limit reached for your account. Build will enter queue once a concurrency becomes available. Add additional concurrencies at https://expo.dev/accounts/osvaldodelfina02/settings/billing./ Build concurrency limit reached for your account. Build will enter queue once a concurrency becomes available. Add additional concurrencies at https://expo.dev/accounts/osvaldodelfina02/settings/billing.- Build concurrency limit reached for your account. Build will enter queue once a concurrency becomes available. Add additional concurrencies at https://expo.dev/accounts/osvaldodelfina02/settings/billing.\ Build concurrency limit reached for your account. Build will enter queue once a concurrency becomes available. Add additional concurrencies at https://expo.dev/accounts/osvaldodelfina02/settings/billing.| Build concurrency limit reached for your account. Build will enter queue once a concurrency becomes available. Add additional concurrencies at https://expo.dev/accounts/osvaldodelfina02/settings/billing./ Build concurrency limit reached for your account. Build will enter queue once a concurrency becomes available. Add additional concurrencies at https://expo.dev/accounts/osvaldodelfina02/settings/billing.- Build concurrency limit reached for your account. Build will enter queue once a concurrency becomes available. Add additional concurrencies at https://expo.dev/accounts/osvaldodelfina02/settings/billing.\ Build concurrency limit reached for your account. Build will enter queue once a concurrency becomes available. Add additional concurrencies at https://expo.dev/accounts/osvaldodelfina02/settings/billing.| Build concurrency limit reached for your account. Build will enter queue once a concurrency becomes available. Add additional concurrencies at https://expo.dev/accounts/osvaldodelfina02/settings/billing./ Build concurrency limit reached for your account. Build will enter queue once a concurrency becomes available. Add additional concurrencies at https://expo.dev/accounts/osvaldodelfina02/settings/billing.- Build concurrency limit reached for your account. Build will enter queue once a concurrency becomes available. Add additional concurrencies at https://expo.dev/accounts/osvaldodelfina02/settings/billing.\ Build concurrency limit reached for your account. Build will enter queue once a concurrency becomes available. Add additional concurrencies at https://expo.dev/accounts/osvaldodelfina02/settings/billing.| Build concurrency limit reached for your account. Build will enter queue once a concurrency becomes available. Add additional concurrencies at https://expo.dev/accounts/osvaldodelfina02/settings/billing./ Build concurrency limit reached for your account. Build will enter queue once a concurrency becomes available. Add additional concurrencies at https://expo.dev/accounts/osvaldodelfina02/settings/billing.- Build concurrency limit reached for your account. Build will enter queue once a concurrency becomes available. Add additional concurrencies at https://expo.dev/accounts/osvaldodelfina02/settings/billing.\ Build concurrency limit reached for your account. Build will enter queue once a concurrency becomes available. Add additional concurrencies at https://expo.dev/accounts/osvaldodelfina02/settings/billing.| Build concurrency limit reached for your account. Build will enter queue once a concurrency becomes available. Add additional concurrencies at https://expo.dev/accounts/osvaldodelfina02/settings/billing./ Build concurrency limit reached for your account. Build will enter queue once a concurrency becomes available. Add additional concurrencies at https://expo.dev/accounts/osvaldodelfina02/settings/billing.- Build concurrency limit reached for your account. Build will enter queue once a concurrency becomes available. Add additional concurrencies at https://expo.dev/accounts/osvaldodelfina02/settings/billing.\ Build concurrency limit reached for your account. Build will enter queue once a concurrency becomes available. Add additional concurrencies at https://expo.dev/accounts/osvaldodelfina02/settings/billing.| Build concurrency limit reached for your account. Build will enter queue once a concurrency becomes available. Add additional concurrencies at https://expo.dev/accounts/osvaldodelfina02/settings/billing./ Build concurrency limit reached for your account. Build will enter queue once a concurrency becomes available. Add additional concurrencies at https://expo.dev/accounts/osvaldodelfina02/settings/billing.- Build concurrency limit reached for your account. Build will enter queue once a concurrency becomes available. Add additional concurrencies at https://expo.dev/accounts/osvaldodelfina02/settings/billing.\ Build concurrency limit reached for your account. Build will enter queue once a concurrency becomes available. Add additional concurrencies at https://expo.dev/accounts/osvaldodelfina02/settings/billing.| Build concurrency limit reached for your account. Build will enter queue once a concurrency becomes available. Add additional concurrencies at https://expo.dev/accounts/osvaldodelfina02/settings/billing./ Build concurrency limit reached for your account. Build will enter queue once a concurrency becomes available. Add additional concurrencies at https://expo.dev/accounts/osvaldodelfina02/settings/billing.- Build concurrency limit reached for your account. Build will enter queue once a concurrency becomes available. Add additional concurrencies at https://expo.dev/accounts/osvaldodelfina02/settings/billing.\ Build concurrency limit reached for your account. Build will enter queue once a concurrency becomes available. Add additional concurrencies at https://expo.dev/accounts/osvaldodelfina02/settings/billing.| Build concurrency limit reached for your account. Build will enter queue once a concurrency becomes available. Add additional concurrencies at https://expo.dev/accounts/osvaldodelfina02/settings/billing./ Build concurrency limit reached for your account. Build will enter queue once a concurrency becomes available. Add additional concurrencies at https://expo.dev/accounts/osvaldodelfina02/settings/billing.- Build concurrency limit reached for your account. Build will enter queue once a concurrency becomes available. Add additional concurrencies at https://expo.dev/accounts/osvaldodelfina02/settings/billing.\ Build concurrency limit reached for your account. Build will enter queue once a concurrency becomes available. Add additional concurrencies at https://expo.dev/accounts/osvaldodelfina02/settings/billing.| Build concurrency limit reached for your account. Build will enter queue once a concurrency becomes available. Add additional concurrencies at https://expo.dev/accounts/osvaldodelfina02/settings/billing./ Build concurrency limit reached for your account. Build will enter queue once a concurrency becomes available. Add additional concurrencies at https://expo.dev/accounts/osvaldodelfina02/settings/billing.- Build concurrency limit reached for your account. Build will enter queue once a concurrency becomes available. Add additional concurrencies at https://expo.dev/accounts/osvaldodelfina02/settings/billing.\ Build concurrency limit reached for your account. Build will enter queue once a concurrency becomes available. Add additional concurrencies at https://expo.dev/accounts/osvaldodelfina02/settings/billing.| Build concurrency limit reached for your account. Build will enter queue once a concurrency becomes available. Add additional concurrencies at https://expo.dev/accounts/osvaldodelfina02/settings/billing./ Build concurrency limit reached for your account. Build will enter queue once a concurrency becomes available. Add additional concurrencies at https://expo.dev/accounts/osvaldodelfina02/settings/billing.- Build concurrency limit reached for your account. Build will enter queue once a concurrency becomes available. Add additional concurrencies at https://expo.dev/accounts/osvaldodelfina02/settings/billing.\ Build concurrency limit reached for your account. Build will enter queue once a concurrency becomes available. Add additional concurrencies at https://expo.dev/accounts/osvaldodelfina02/settings/billing.| Build concurrency limit reached for your account. Build will enter queue once a concurrency becomes available. Add additional concurrencies at https://expo.dev/accounts/osvaldodelfina02/settings/billing./ Build concurrency limit reached for your account. Build will enter queue once a concurrency becomes available. Add additional concurrencies at https://expo.dev/accounts/osvaldodelfina02/settings/billing.- Build concurrency limit reached for your account. Build will enter queue once a concurrency becomes available. Add additional concurrencies at https://expo.dev/accounts/osvaldodelfina02/settings/billing.\ Build concurrency limit reached for your account. Build will enter queue once a concurrency becomes available. Add additional concurrencies at https://expo.dev/accounts/osvaldodelfina02/settings/billing.| Build concurrency limit reached for your account. Build will enter queue once a concurrency becomes available. Add additional concurrencies at https://expo.dev/accounts/osvaldodelfina02/settings/billing./ Build concurrency limit reached for your account. Build will enter queue once a concurrency becomes available. Add additional concurrencies at https://expo.dev/accounts/osvaldodelfina02/settings/billing.- Build concurrency limit reached for your account. Build will enter queue once a concurrency becomes available. Add additional concurrencies at https://expo.dev/accounts/osvaldodelfina02/settings/billing.\ Build concurrency limit reached for your account. Build will enter queue once a concurrency becomes available. Add additional concurrencies at https://expo.dev/accounts/osvaldodelfina02/settings/billing.| Build concurrency limit reached for your account. Build will enter queue once a concurrency becomes available. Add additional concurrencies at https://expo.dev/accounts/osvaldodelfina02/settings/billing./ Build concurrency limit reached for your account. Build will enter queue once a concurrency becomes available. Add additional concurrencies at https://expo.dev/accounts/osvaldodelfina02/settings/billing.- Build concurrency limit reached for your account. Build will enter queue once a concurrency becomes available. Add additional concurrencies at https://expo.dev/accounts/osvaldodelfina02/settings/billing.\ Build concurrency limit reached for your account. Build will enter queue once a concurrency becomes available. Add additional concurrencies at https://expo.dev/accounts/osvaldodelfina02/settings/billing.| Build concurrency limit reached for your account. Build will enter queue once a concurrency becomes available. Add additional concurrencies at https://expo.dev/accounts/osvaldodelfina02/settings/billing./ Build concurrency limit reached for your account. Build will enter queue once a concurrency becomes available. Add additional concurrencies at https://expo.dev/accounts/osvaldodelfina02/settings/billing.- Build concurrency limit reached for your account. Build will enter queue once a concurrency becomes available. Add additional concurrencies at https://expo.dev/accounts/osvaldodelfina02/settings/billing.\ Build concurrency limit reached for your account. Build will enter queue once a concurrency becomes available. Add additional concurrencies at https://expo.dev/accounts/osvaldodelfina02/settings/billing.| Build concurrency limit reached for your account. Build will enter queue once a concurrency becomes available. Add additional concurrencies at https://expo.dev/accounts/osvaldodelfina02/settings/billing./ Build concurrency limit reached for your account. Build will enter queue once a concurrency becomes available. Add additional concurrencies at https://expo.dev/accounts/osvaldodelfina02/settings/billing.- Build concurrency limit reached for your account. Build will enter queue once a concurrency becomes available. Add additional concurrencies at https://expo.dev/accounts/osvaldodelfina02/settings/billing.\ Build concurrency limit reached for your account. Build will enter queue once a concurrency becomes available. Add additional concurrencies at https://expo.dev/accounts/osvaldodelfina02/settings/billing.| Build concurrency limit reached for your account. Build will enter queue once a concurrency becomes available. Add additional concurrencies at https://expo.dev/accounts/osvaldodelfina02/settings/billing./ Build concurrency limit reached for your account. Build will enter queue once a concurrency becomes available. Add additional concurrencies at https://expo.dev/accounts/osvaldodelfina02/settings/billing.- Build concurrency limit reached for your account. Build will enter queue once a concurrency becomes available. Add additional concurrencies at https://expo.dev/accounts/osvaldodelfina02/settings/billing.\ Build concurrency limit reached for your account. Build will enter queue once a concurrency becomes available. Add additional concurrencies at https://expo.dev/accounts/osvaldodelfina02/settings/billing.| Build concurrency limit reached for your account. Build will enter queue once a concurrency becomes available. Add additional concurrencies at https://expo.dev/accounts/osvaldodelfina02/settings/billing./ Build concurrency limit reached for your account. Build will enter queue once a concurrency becomes available. Add additional concurrencies at https://expo.dev/accounts/osvaldodelfina02/settings/billing.- Build concurrency limit reached for your account. Build will enter queue once a concurrency becomes available. Add additional concurrencies at https://expo.dev/accounts/osvaldodelfina02/settings/billing.\ Build concurrency limit reached for your account. Build will enter queue once a concurrency becomes available. Add additional concurrencies at https://expo.dev/accounts/osvaldodelfina02/settings/billing.| Build concurrency limit reached for your account. Build will enter queue once a concurrency becomes available. Add additional concurrencies at https://expo.dev/accounts/osvaldodelfina02/settings/billing./ Build concurrency limit reached for your account. Build will enter queue once a concurrency becomes available. Add additional concurrencies at https://expo.dev/accounts/osvaldodelfina02/settings/billing.- Build concurrency limit reached for your account. Build will enter queue once a concurrency becomes available. Add additional concurrencies at https://expo.dev/accounts/osvaldodelfina02/settings/billing.\ Build concurrency limit reached for your account. Build will enter queue once a concurrency becomes available. Add additional concurrencies at https://expo.dev/accounts/osvaldodelfina02/settings/billing.| Build concurrency limit reached for your account. Build will enter queue once a concurrency becomes available. Add additional concurrencies at https://expo.dev/accounts/osvaldodelfina02/settings/billing./ Build concurrency limit reached for your account. Build will enter queue once a concurrency becomes available. Add additional concurrencies at https://expo.dev/accounts/osvaldodelfina02/settings/billing.- Build concurrency limit reached for your account. Build will enter queue once a concurrency becomes available. Add additional concurrencies at https://expo.dev/accounts/osvaldodelfina02/settings/billing.\ Build concurrency limit reached for your account. Build will enter queue once a concurrency becomes available. Add additional concurrencies at https://expo.dev/accounts/osvaldodelfina02/settings/billing.| Build concurrency limit reached for your account. Build will enter queue once a concurrency becomes available. Add additional concurrencies at https://expo.dev/accounts/osvaldodelfina02/settings/billing./ Build concurrency limit reached for your account. Build will enter queue once a concurrency becomes available. Add additional concurrencies at https://expo.dev/accounts/osvaldodelfina02/settings/billing.- Build concurrency limit reached for your account. Build will enter queue once a concurrency becomes available. Add additional concurrencies at https://expo.dev/accounts/osvaldodelfina02/settings/billing.\ Build concurrency limit reached for your account. Build will enter queue once a concurrency becomes available. Add additional concurrencies at https://expo.dev/accounts/osvaldodelfina02/settings/billing.| Build concurrency limit reached for your account. Build will enter queue once a concurrency becomes available. Add additional concurrencies at https://expo.dev/accounts/osvaldodelfina02/settings/billing./ Build concurrency limit reached for your account. Build will enter queue once a concurrency becomes available. Add additional concurrencies at https://expo.dev/accounts/osvaldodelfina02/settings/billing.- Build concurrency limit reached for your account. Build will enter queue once a concurrency becomes available. Add additional concurrencies at https://expo.dev/accounts/osvaldodelfina02/settings/billing.\ Build concurrency limit reached for your account. Build will enter queue once a concurrency becomes available. Add additional concurrencies at https://expo.dev/accounts/osvaldodelfina02/settings/billing.| Build concurrency limit reached for your account. Build will enter queue once a concurrency becomes available. Add additional concurrencies at https://expo.dev/accounts/osvaldodelfina02/settings/billing./ Build concurrency limit reached for your account. Build will enter queue once a concurrency becomes available. Add additional concurrencies at https://expo.dev/accounts/osvaldodelfina02/settings/billing.- Build concurrency limit reached for your account. Build will enter queue once a concurrency becomes available. Add additional concurrencies at https://expo.dev/accounts/osvaldodelfina02/settings/billing.\ Build concurrency limit reached for your account. Build will enter queue once a concurrency becomes available. Add additional concurrencies at https://expo.dev/accounts/osvaldodelfina02/settings/billing.| Build concurrency limit reached for your account. Build will enter queue once a concurrency becomes available. Add additional concurrencies at https://expo.dev/accounts/osvaldodelfina02/settings/billing./ Build concurrency limit reached for your account. Build will enter queue once a concurrency becomes available. Add additional concurrencies at https://expo.dev/accounts/osvaldodelfina02/settings/billing.- Build concurrency limit reached for your account. Build will enter queue once a concurrency becomes available. Add additional concurrencies at https://expo.dev/accounts/osvaldodelfina02/settings/billing.\ Build concurrency limit reached for your account. Build will enter queue once a concurrency becomes available. Add additional concurrencies at https://expo.dev/accounts/osvaldodelfina02/settings/billing.| Build concurrency limit reached for your account. Build will enter queue once a concurrency becomes available. Add additional concurrencies at https://expo.dev/accounts/osvaldodelfina02/settings/billing./ Build concurrency limit reached for your account. Build will enter queue once a concurrency becomes available. Add additional concurrencies at https://expo.dev/accounts/osvaldodelfina02/settings/billing.- Build concurrency limit reached for your account. Build will enter queue once a concurrency becomes available. Add additional concurrencies at https://expo.dev/accounts/osvaldodelfina02/settings/billing.\ Build concurrency limit reached for your account. Build will enter queue once a concurrency becomes available. Add additional concurrencies at https://expo.dev/accounts/osvaldodelfina02/settings/billing.| Build concurrency limit reached for your account. Build will enter queue once a concurrency becomes available. Add additional concurrencies at https://expo.dev/accounts/osvaldodelfina02/settings/billing./ Build concurrency limit reached for your account. Build will enter queue once a concurrency becomes available. Add additional concurrencies at https://expo.dev/accounts/osvaldodelfina02/settings/billing.- Build concurrency limit reached for your account. Build will enter queue once a concurrency becomes available. Add additional concurrencies at https://expo.dev/accounts/osvaldodelfina02/settings/billing.\ Build concurrency limit reached for your account. Build will enter queue once a concurrency becomes available. Add additional concurrencies at https://expo.dev/accounts/osvaldodelfina02/settings/billing.| Build concurrency limit reached for your account. Build will enter queue once a concurrency becomes available. Add additional concurrencies at https://expo.dev/accounts/osvaldodelfina02/settings/billing./ Build concurrency limit reached for your account. Build will enter queue once a concurrency becomes available. Add additional concurrencies at https://expo.dev/accounts/osvaldodelfina02/settings/billing.- Build concurrency limit reached for your account. Build will enter queue once a concurrency becomes available. Add additional concurrencies at https://expo.dev/accounts/osvaldodelfina02/settings/billing.\ Build concurrency limit reached for your account. Build will enter queue once a concurrency becomes available. Add additional concurrencies at https://expo.dev/accounts/osvaldodelfina02/settings/billing.| Build concurrency limit reached for your account. Build will enter queue once a concurrency becomes available. Add additional concurrencies at https://expo.dev/accounts/osvaldodelfina02/settings/billing./ Build concurrency limit reached for your account. Build will enter queue once a concurrency becomes available. Add additional concurrencies at https://expo.dev/accounts/osvaldodelfina02/settings/billing.- Build concurrency limit reached for your account. Build will enter queue once a concurrency becomes available. Add additional concurrencies at https://expo.dev/accounts/osvaldodelfina02/settings/billing.\ Build concurrency limit reached for your account. Build will enter queue once a concurrency becomes available. Add additional concurrencies at https://expo.dev/accounts/osvaldodelfina02/settings/billing.| Build concurrency limit reached for your account. Build will enter queue once a concurrency becomes available. Add additional concurrencies at https://expo.dev/accounts/osvaldodelfina02/settings/billing./ Build concurrency limit reached for your account. Build will enter queue once a concurrency becomes available. Add additional concurrencies at https://expo.dev/accounts/osvaldodelfina02/settings/billing.- Build concurrency limit reached for your account. Build will enter queue once a concurrency becomes available. Add additional concurrencies at https://expo.dev/accounts/osvaldodelfina02/settings/billing.\ Build concurrency limit reached for your account. Build will enter queue once a concurrency becomes available. Add additional concurrencies at https://expo.dev/accounts/osvaldodelfina02/settings/billing.| Build concurrency limit reached for your account. Build will enter queue once a concurrency becomes available. Add additional concurrencies at https://expo.dev/accounts/osvaldodelfina02/settings/billing./ Build concurrency limit reached for your account. Build will enter queue once a concurrency becomes available. Add additional concurrencies at https://expo.dev/accounts/osvaldodelfina02/settings/billing.- Build concurrency limit reached for your account. Build will enter queue once a concurrency becomes available. Add additional concurrencies at https://expo.dev/accounts/osvaldodelfina02/settings/billing.\ Build concurrency limit reached for your account. Build will enter queue once a concurrency becomes available. Add additional concurrencies at https://expo.dev/accounts/osvaldodelfina02/settings/billing.| Build concurrency limit reached for your account. Build will enter queue once a concurrency becomes available. Add additional concurrencies at https://expo.dev/accounts/osvaldodelfina02/settings/billing./ Build concurrency limit reached for your account. Build will enter queue once a concurrency becomes available. Add additional concurrencies at https://expo.dev/accounts/osvaldodelfina02/settings/billing.- Build concurrency limit reached for your account. Build will enter queue once a concurrency becomes available. Add additional concurrencies at https://expo.dev/accounts/osvaldodelfina02/settings/billing.\ Build concurrency limit reached for your account. Build will enter queue once a concurrency becomes available. Add additional concurrencies at https://expo.dev/accounts/osvaldodelfina02/settings/billing.| Build concurrency limit reached for your account. Build will enter queue once a concurrency becomes available. Add additional concurrencies at https://expo.dev/accounts/osvaldodelfina02/settings/billing./ Build concurrency limit reached for your account. Build will enter queue once a concurrency becomes available. Add additional concurrencies at https://expo.dev/accounts/osvaldodelfina02/settings/billing.- Build concurrency limit reached for your account. Build will enter queue once a concurrency becomes available. Add additional concurrencies at https://expo.dev/accounts/osvaldodelfina02/settings/billing.\ Build concurrency limit reached for your account. Build will enter queue once a concurrency becomes available. Add additional concurrencies at https://expo.dev/accounts/osvaldodelfina02/settings/billing.| Build concurrency limit reached for your account. Build will enter queue once a concurrency becomes available. Add additional concurrencies at https://expo.dev/accounts/osvaldodelfina02/settings/billing./ Build concurrency limit reached for your account. Build will enter queue once a concurrency becomes available. Add additional concurrencies at https://expo.dev/accounts/osvaldodelfina02/settings/billing.- Build concurrency limit reached for your account. Build will enter queue once a concurrency becomes available. Add additional concurrencies at https://expo.dev/accounts/osvaldodelfina02/settings/billing.\ Build concurrency limit reached for your account. Build will enter queue once a concurrency becomes available. Add additional concurrencies at https://expo.dev/accounts/osvaldodelfina02/settings/billing.| Build concurrency limit reached for your account. Build will enter queue once a concurrency becomes available. Add additional concurrencies at https://expo.dev/accounts/osvaldodelfina02/settings/billing./ Build concurrency limit reached for your account. Build will enter queue once a concurrency becomes available. Add additional concurrencies at https://expo.dev/accounts/osvaldodelfina02/settings/billing.- Build concurrency limit reached for your account. Build will enter queue once a concurrency becomes available. Add additional concurrencies at https://expo.dev/accounts/osvaldodelfina02/settings/billing.\ Build concurrency limit reached for your account. Build will enter queue once a concurrency becomes available. Add additional concurrencies at https://expo.dev/accounts/osvaldodelfina02/settings/billing.| Build concurrency limit reached for your account. Build will enter queue once a concurrency becomes available. Add additional concurrencies at https://expo.dev/accounts/osvaldodelfina02/settings/billing./ Build concurrency limit reached for your account. Build will enter queue once a concurrency becomes available. Add additional concurrencies at https://expo.dev/accounts/osvaldodelfina02/settings/billing.- Build concurrency limit reached for your account. Build will enter queue once a concurrency becomes available. Add additional concurrencies at https://expo.dev/accounts/osvaldodelfina02/settings/billing.\ Build concurrency limit reached for your account. Build will enter queue once a concurrency becomes available. Add additional concurrencies at https://expo.dev/accounts/osvaldodelfina02/settings/billing.| Build concurrency limit reached for your account. Build will enter queue once a concurrency becomes available. Add additional concurrencies at https://expo.dev/accounts/osvaldodelfina02/settings/billing./ Build concurrency limit reached for your account. Build will enter queue once a concurrency becomes available. Add additional concurrencies at https://expo.dev/accounts/osvaldodelfina02/settings/billing.- Build concurrency limit reached for your account. Build will enter queue once a concurrency becomes available. Add additional concurrencies at https://expo.dev/accounts/osvaldodelfina02/settings/billing.\ Build concurrency limit reached for your account. Build will enter queue once a concurrency becomes available. Add additional concurrencies at https://expo.dev/accounts/osvaldodelfina02/settings/billing.| Build concurrency limit reached for your account. Build will enter queue once a concurrency becomes available. Add additional concurrencies at https://expo.dev/accounts/osvaldodelfina02/settings/billing./ Build concurrency limit reached for your account. Build will enter queue once a concurrency becomes available. Add additional concurrencies at https://expo.dev/accounts/osvaldodelfina02/settings/billing.- Build concurrency limit reached for your account. Build will enter queue once a concurrency becomes available. Add additional concurrencies at https://expo.dev/accounts/osvaldodelfina02/settings/billing.\ Build concurrency limit reached for your account. Build will enter queue once a concurrency becomes available. Add additional concurrencies at https://expo.dev/accounts/osvaldodelfina02/settings/billing.| Build concurrency limit reached for your account. Build will enter queue once a concurrency becomes available. Add additional concurrencies at https://expo.dev/accounts/osvaldodelfina02/settings/billing./ Build concurrency limit reached for your account. Build will enter queue once a concurrency becomes available. Add additional concurrencies at https://expo.dev/accounts/osvaldodelfina02/settings/billing.- Build concurrency limit reached for your account. Build will enter queue once a concurrency becomes available. Add additional concurrencies at https://expo.dev/accounts/osvaldodelfina02/settings/billing.\ Build concurrency limit reached for your account. Build will enter queue once a concurrency becomes available. Add additional concurrencies at https://expo.dev/accounts/osvaldodelfina02/settings/billing.| Build concurrency limit reached for your account. Build will enter queue once a concurrency becomes available. Add additional concurrencies at https://expo.dev/accounts/osvaldodelfina02/settings/billing./ Build concurrency limit reached for your account. Build will enter queue once a concurrency becomes available. Add additional concurrencies at https://expo.dev/accounts/osvaldodelfina02/settings/billing.- Build concurrency limit reached for your account. Build will enter queue once a concurrency becomes available. Add additional concurrencies at https://expo.dev/accounts/osvaldodelfina02/settings/billing.\ Build concurrency limit reached for your account. Build will enter queue once a concurrency becomes available. Add additional concurrencies at https://expo.dev/accounts/osvaldodelfina02/settings/billing.| Build concurrency limit reached for your account. Build will enter queue once a concurrency becomes available. Add additional concurrencies at https://expo.dev/accounts/osvaldodelfina02/settings/billing./ Build concurrency limit reached for your account. Build will enter queue once a concurrency becomes available. Add additional concurrencies at https://expo.dev/accounts/osvaldodelfina02/settings/billing.- Build concurrency limit reached for your account. Build will enter queue once a concurrency becomes available. Add additional concurrencies at https://expo.dev/accounts/osvaldodelfina02/settings/billing.\ Build concurrency limit reached for your account. Build will enter queue once a concurrency becomes available. Add additional concurrencies at https://expo.dev/accounts/osvaldodelfina02/settings/billing.| Build concurrency limit reached for your account. Build will enter queue once a concurrency becomes available. Add additional concurrencies at https://expo.dev/accounts/osvaldodelfina02/settings/billing./ Build concurrency limit reached for your account. Build will enter queue once a concurrency becomes available. Add additional concurrencies at https://expo.dev/accounts/osvaldodelfina02/settings/billing.- Build concurrency limit reached for your account. Build will enter queue once a concurrency becomes available. Add additional concurrencies at https://expo.dev/accounts/osvaldodelfina02/settings/billing.\ Build concurrency limit reached for your account. Build will enter queue once a concurrency becomes available. Add additional concurrencies at https://expo.dev/accounts/osvaldodelfina02/settings/billing.| Build concurrency limit reached for your account. Build will enter queue once a concurrency becomes available. Add additional concurrencies at https://expo.dev/accounts/osvaldodelfina02/settings/billing./ Build concurrency limit reached for your account. Build will enter queue once a concurrency becomes available. Add additional concurrencies at https://expo.dev/accounts/osvaldodelfina02/settings/billing.- Build concurrency limit reached for your account. Build will enter queue once a concurrency becomes available. Add additional concurrencies at https://expo.dev/accounts/osvaldodelfina02/settings/billing.\ Build concurrency limit reached for your account. Build will enter queue once a concurrency becomes available. Add additional concurrencies at https://expo.dev/accounts/osvaldodelfina02/settings/billing.| Build concurrency limit reached for your account. Build will enter queue once a concurrency becomes available. Add additional concurrencies at https://expo.dev/accounts/osvaldodelfina02/settings/billing./ Build concurrency limit reached for your account. Build will enter queue once a concurrency becomes available. Add additional concurrencies at https://expo.dev/accounts/osvaldodelfina02/settings/billing.- Build concurrency limit reached for your account. Build will enter queue once a concurrency becomes available. Add additional concurrencies at https://expo.dev/accounts/osvaldodelfina02/settings/billing.\ Build concurrency limit reached for your account. Build will enter queue once a concurrency becomes available. Add additional concurrencies at https://expo.dev/accounts/osvaldodelfina02/settings/billing.| Build concurrency limit reached for your account. Build will enter queue once a concurrency becomes available. Add additional concurrencies at https://expo.dev/accounts/osvaldodelfina02/settings/billing./ Build concurrency limit reached for your account. Build will enter queue once a concurrency becomes available. Add additional concurrencies at https://expo.dev/accounts/osvaldodelfina02/settings/billing.- Build concurrency limit reached for your account. Build will enter queue once a concurrency becomes available. Add additional concurrencies at https://expo.dev/accounts/osvaldodelfina02/settings/billing.\ Build concurrency limit reached for your account. Build will enter queue once a concurrency becomes available. Add additional concurrencies at https://expo.dev/accounts/osvaldodelfina02/settings/billing.| Build concurrency limit reached for your account. Build will enter queue once a concurrency becomes available. Add additional concurrencies at https://expo.dev/accounts/osvaldodelfina02/settings/billing./ Build concurrency limit reached for your account. Build will enter queue once a concurrency becomes available. Add additional concurrencies at https://expo.dev/accounts/osvaldodelfina02/settings/billing.- Build concurrency limit reached for your account. Build will enter queue once a concurrency becomes available. Add additional concurrencies at https://expo.dev/accounts/osvaldodelfina02/settings/billing.\ Build concurrency limit reached for your account. Build will enter queue once a concurrency becomes available. Add additional concurrencies at https://expo.dev/accounts/osvaldodelfina02/settings/billing.| Build concurrency limit reached for your account. Build will enter queue once a concurrency becomes available. Add additional concurrencies at https://expo.dev/accounts/osvaldodelfina02/settings/billing./ Build concurrency limit reached for your account. Build will enter queue once a concurrency becomes available. Add additional concurrencies at https://expo.dev/accounts/osvaldodelfina02/settings/billing.- Build concurrency limit reached for your account. Build will enter queue once a concurrency becomes available. Add additional concurrencies at https://expo.dev/accounts/osvaldodelfina02/settings/billing.\ Build concurrency limit reached for your account. Build will enter queue once a concurrency becomes available. Add additional concurrencies at https://expo.dev/accounts/osvaldodelfina02/settings/billing.| Build concurrency limit reached for your account. Build will enter queue once a concurrency becomes available. Add additional concurrencies at https://expo.dev/accounts/osvaldodelfina02/settings/billing./ Build concurrency limit reached for your account. Build will enter queue once a concurrency becomes available. Add additional concurrencies at https://expo.dev/accounts/osvaldodelfina02/settings/billing.- Build concurrency limit reached for your account. Build will enter queue once a concurrency becomes available. Add additional concurrencies at https://expo.dev/accounts/osvaldodelfina02/settings/billing.\ Build concurrency limit reached for your account. Build will enter queue once a concurrency becomes available. Add additional concurrencies at https://expo.dev/accounts/osvaldodelfina02/settings/billing.| Build concurrency limit reached for your account. Build will enter queue once a concurrency becomes available. Add additional concurrencies at https://expo.dev/accounts/osvaldodelfina02/settings/billing./ Build concurrency limit reached for your account. Build will enter queue once a concurrency becomes available. Add additional concurrencies at https://expo.dev/accounts/osvaldodelfina02/settings/billing.- Build concurrency limit reached for your account. Build will enter queue once a concurrency becomes available. Add additional concurrencies at https://expo.dev/accounts/osvaldodelfina02/settings/billing.\ Build concurrency limit reached for your account. Build will enter queue once a concurrency becomes available. Add additional concurrencies at https://expo.dev/accounts/osvaldodelfina02/settings/billing.| Build concurrency limit reached for your account. Build will enter queue once a concurrency becomes available. Add additional concurrencies at https://expo.dev/accounts/osvaldodelfina02/settings/billing./ Build concurrency limit reached for your account. Build will enter queue once a concurrency becomes available. Add additional concurrencies at https://expo.dev/accounts/osvaldodelfina02/settings/billing.- Build concurrency limit reached for your account. Build will enter queue once a concurrency becomes available. Add additional concurrencies at https://expo.dev/accounts/osvaldodelfina02/settings/billing.\ Build concurrency limit reached for your account. Build will enter queue once a concurrency becomes available. Add additional concurrencies at https://expo.dev/accounts/osvaldodelfina02/settings/billing.| Build concurrency limit reached for your account. Build will enter queue once a concurrency becomes available. Add additional concurrencies at https://expo.dev/accounts/osvaldodelfina02/settings/billing./ Build concurrency limit reached for your account. Build will enter queue once a concurrency becomes available. Add additional concurrencies at https://expo.dev/accounts/osvaldodelfina02/settings/billing.- Build concurrency limit reached for your account. Build will enter queue once a concurrency becomes available. Add additional concurrencies at https://expo.dev/accounts/osvaldodelfina02/settings/billing.\ Build concurrency limit reached for your account. Build will enter queue once a concurrency becomes available. Add additional concurrencies at https://expo.dev/accounts/osvaldodelfina02/settings/billing.| Build concurrency limit reached for your account. Build will enter queue once a concurrency becomes available. Add additional concurrencies at https://expo.dev/accounts/osvaldodelfina02/settings/billing./ Build concurrency limit reached for your account. Build will enter queue once a concurrency becomes available. Add additional concurrencies at https://expo.dev/accounts/osvaldodelfina02/settings/billing.- Build concurrency limit reached for your account. Build will enter queue once a concurrency becomes available. Add additional concurrencies at https://expo.dev/accounts/osvaldodelfina02/settings/billing.\ Build concurrency limit reached for your account. Build will enter queue once a concurrency becomes available. Add additional concurrencies at https://expo.dev/accounts/osvaldodelfina02/settings/billing.| Build concurrency limit reached for your account. Build will enter queue once a concurrency becomes available. Add additional concurrencies at https://expo.dev/accounts/osvaldodelfina02/settings/billing./ Build concurrency limit reached for your account. Build will enter queue once a concurrency becomes available. Add additional concurrencies at https://expo.dev/accounts/osvaldodelfina02/settings/billing.- Build concurrency limit reached for your account. Build will enter queue once a concurrency becomes available. Add additional concurrencies at https://expo.dev/accounts/osvaldodelfina02/settings/billing.\ Build concurrency limit reached for your account. Build will enter queue once a concurrency becomes available. Add additional concurrencies at https://expo.dev/accounts/osvaldodelfina02/settings/billing.| Build concurrency limit reached for your account. Build will enter queue once a concurrency becomes available. Add additional concurrencies at https://expo.dev/accounts/osvaldodelfina02/settings/billing./ Build concurrency limit reached for your account. Build will enter queue once a concurrency becomes available. Add additional concurrencies at https://expo.dev/accounts/osvaldodelfina02/settings/billing.- Build concurrency limit reached for your account. Build will enter queue once a concurrency becomes available. Add additional concurrencies at https://expo.dev/accounts/osvaldodelfina02/settings/billing.\ Build concurrency limit reached for your account. Build will enter queue once a concurrency becomes available. Add additional concurrencies at https://expo.dev/accounts/osvaldodelfina02/settings/billing.| Build concurrency limit reached for your account. Build will enter queue once a concurrency becomes available. Add additional concurrencies at https://expo.dev/accounts/osvaldodelfina02/settings/billing./ Build concurrency limit reached for your account. Build will enter queue once a concurrency becomes available. Add additional concurrencies at https://expo.dev/accounts/osvaldodelfina02/settings/billing.- Build concurrency limit reached for your account. Build will enter queue once a concurrency becomes available. Add additional concurrencies at https://expo.dev/accounts/osvaldodelfina02/settings/billing.\ Build concurrency limit reached for your account. Build will enter queue once a concurrency becomes available. Add additional concurrencies at https://expo.dev/accounts/osvaldodelfina02/settings/billing.| Build concurrency limit reached for your account. Build will enter queue once a concurrency becomes available. Add additional concurrencies at https://expo.dev/accounts/osvaldodelfina02/settings/billing./ Build concurrency limit reached for your account. Build will enter queue once a concurrency becomes available. Add additional concurrencies at https://expo.dev/accounts/osvaldodelfina02/settings/billing.- Build concurrency limit reached for your account. Build will enter queue once a concurrency becomes available. Add additional concurrencies at https://expo.dev/accounts/osvaldodelfina02/settings/billing.\ Build concurrency limit reached for your account. Build will enter queue once a concurrency becomes available. Add additional concurrencies at https://expo.dev/accounts/osvaldodelfina02/settings/billing.| Build concurrency limit reached for your account. Build will enter queue once a concurrency becomes available. Add additional concurrencies at https://expo.dev/accounts/osvaldodelfina02/settings/billing./ Build concurrency limit reached for your account. Build will enter queue once a concurrency becomes available. Add additional concurrencies at https://expo.dev/accounts/osvaldodelfina02/settings/billing.- Build concurrency limit reached for your account. Build will enter queue once a concurrency becomes available. Add additional concurrencies at https://expo.dev/accounts/osvaldodelfina02/settings/billing.\ Build concurrency limit reached for your account. Build will enter queue once a concurrency becomes available. Add additional concurrencies at https://expo.dev/accounts/osvaldodelfina02/settings/billing.| Build concurrency limit reached for your account. Build will enter queue once a concurrency becomes available. Add additional concurrencies at https://expo.dev/accounts/osvaldodelfina02/settings/billing./ Build concurrency limit reached for your account. Build will enter queue once a concurrency becomes available. Add additional concurrencies at https://expo.dev/accounts/osvaldodelfina02/settings/billing.- Build concurrency limit reached for your account. Build will enter queue once a concurrency becomes available. Add additional concurrencies at https://expo.dev/accounts/osvaldodelfina02/settings/billing.\ Build concurrency limit reached for your account. Build will enter queue once a concurrency becomes available. Add additional concurrencies at https://expo.dev/accounts/osvaldodelfina02/settings/billing.| Build concurrency limit reached for your account. Build will enter queue once a concurrency becomes available. Add additional concurrencies at https://expo.dev/accounts/osvaldodelfina02/settings/billing./ Build concurrency limit reached for your account. Build will enter queue once a concurrency becomes available. Add additional concurrencies at https://expo.dev/accounts/osvaldodelfina02/settings/billing.- Build concurrency limit reached for your account. Build will enter queue once a concurrency becomes available. Add additional concurrencies at https://expo.dev/accounts/osvaldodelfina02/settings/billing.\ Build concurrency limit reached for your account. Build will enter queue once a concurrency becomes available. Add additional concurrencies at https://expo.dev/accounts/osvaldodelfina02/settings/billing.| Build concurrency limit reached for your account. Build will enter queue once a concurrency becomes available. Add additional concurrencies at https://expo.dev/accounts/osvaldodelfina02/settings/billing./ Build concurrency limit reached for your account. Build will enter queue once a concurrency becomes available. Add additional concurrencies at https://expo.dev/accounts/osvaldodelfina02/settings/billing.- Build concurrency limit reached for your account. Build will enter queue once a concurrency becomes available. Add additional concurrencies at https://expo.dev/accounts/osvaldodelfina02/settings/billing.\ Build concurrency limit reached for your account. Build will enter queue once a concurrency becomes available. Add additional concurrencies at https://expo.dev/accounts/osvaldodelfina02/settings/billing.| Build concurrency limit reached for your account. Build will enter queue once a concurrency becomes available. Add additional concurrencies at https://expo.dev/accounts/osvaldodelfina02/settings/billing./ Build concurrency limit reached for your account. Build will enter queue once a concurrency becomes available. Add additional concurrencies at https://expo.dev/accounts/osvaldodelfina02/settings/billing.- Build concurrency limit reached for your account. Build will enter queue once a concurrency becomes available. Add additional concurrencies at https://expo.dev/accounts/osvaldodelfina02/settings/billing.\ Build concurrency limit reached for your account. Build will enter queue once a concurrency becomes available. Add additional concurrencies at https://expo.dev/accounts/osvaldodelfina02/settings/billing.| Build concurrency limit reached for your account. Build will enter queue once a concurrency becomes available. Add additional concurrencies at https://expo.dev/accounts/osvaldodelfina02/settings/billing./ Build concurrency limit reached for your account. Build will enter queue once a concurrency becomes available. Add additional concurrencies at https://expo.dev/accounts/osvaldodelfina02/settings/billing.- Build concurrency limit reached for your account. Build will enter queue once a concurrency becomes available. Add additional concurrencies at https://expo.dev/accounts/osvaldodelfina02/settings/billing.\ Build concurrency limit reached for your account. Build will enter queue once a concurrency becomes available. Add additional concurrencies at https://expo.dev/accounts/osvaldodelfina02/settings/billing.| Build concurrency limit reached for your account. Build will enter queue once a concurrency becomes available. Add additional concurrencies at https://expo.dev/accounts/osvaldodelfina02/settings/billing./ Build concurrency limit reached for your account. Build will enter queue once a concurrency becomes available. Add additional concurrencies at https://expo.dev/accounts/osvaldodelfina02/settings/billing.- Build concurrency limit reached for your account. Build will enter queue once a concurrency becomes available. Add additional concurrencies at https://expo.dev/accounts/osvaldodelfina02/settings/billing.\ Build concurrency limit reached for your account. Build will enter queue once a concurrency becomes available. Add additional concurrencies at https://expo.dev/accounts/osvaldodelfina02/settings/billing.| Build concurrency limit reached for your account. Build will enter queue once a concurrency becomes available. Add additional concurrencies at https://expo.dev/accounts/osvaldodelfina02/settings/billing./ Build concurrency limit reached for your account. Build will enter queue once a concurrency becomes available. Add additional concurrencies at https://expo.dev/accounts/osvaldodelfina02/settings/billing.- Build concurrency limit reached for your account. Build will enter queue once a concurrency becomes available. Add additional concurrencies at https://expo.dev/accounts/osvaldodelfina02/settings/billing.\ Build concurrency limit reached for your account. Build will enter queue once a concurrency becomes available. Add additional concurrencies at https://expo.dev/accounts/osvaldodelfina02/settings/billing.| Build concurrency limit reached for your account. Build will enter queue once a concurrency becomes available. Add additional concurrencies at https://expo.dev/accounts/osvaldodelfina02/settings/billing./ Build concurrency limit reached for your account. Build will enter queue once a concurrency becomes available. Add additional concurrencies at https://expo.dev/accounts/osvaldodelfina02/settings/billing.- Build concurrency limit reached for your account. Build will enter queue once a concurrency becomes available. Add additional concurrencies at https://expo.dev/accounts/osvaldodelfina02/settings/billing.\ Build concurrency limit reached for your account. Build will enter queue once a concurrency becomes available. Add additional concurrencies at https://expo.dev/accounts/osvaldodelfina02/settings/billing.| Build concurrency limit reached for your account. Build will enter queue once a concurrency becomes available. Add additional concurrencies at https://expo.dev/accounts/osvaldodelfina02/settings/billing./ Build concurrency limit reached for your account. Build will enter queue once a concurrency becomes available. Add additional concurrencies at https://expo.dev/accounts/osvaldodelfina02/settings/billing.- Build concurrency limit reached for your account. Build will enter queue once a concurrency becomes available. Add additional concurrencies at https://expo.dev/accounts/osvaldodelfina02/settings/billing.\ Build concurrency limit reached for your account. Build will enter queue once a concurrency becomes available. Add additional concurrencies at https://expo.dev/accounts/osvaldodelfina02/settings/billing.| Build concurrency limit reached for your account. Build will enter queue once a concurrency becomes available. Add additional concurrencies at https://expo.dev/accounts/osvaldodelfina02/settings/billing./ Build concurrency limit reached for your account. Build will enter queue once a concurrency becomes available. Add additional concurrencies at https://expo.dev/accounts/osvaldodelfina02/settings/billing.- Build concurrency limit reached for your account. Build will enter queue once a concurrency becomes available. Add additional concurrencies at https://expo.dev/accounts/osvaldodelfina02/settings/billing.\ Build concurrency limit reached for your account. Build will enter queue once a concurrency becomes available. Add additional concurrencies at https://expo.dev/accounts/osvaldodelfina02/settings/billing.| Build concurrency limit reached for your account. Build will enter queue once a concurrency becomes available. Add additional concurrencies at https://expo.dev/accounts/osvaldodelfina02/settings/billing./ Build concurrency limit reached for your account. Build will enter queue once a concurrency becomes available. Add additional concurrencies at https://expo.dev/accounts/osvaldodelfina02/settings/billing.- Build concurrency limit reached for your account. Build will enter queue once a concurrency becomes available. Add additional concurrencies at https://expo.dev/accounts/osvaldodelfina02/settings/billing.\ Build concurrency limit reached for your account. Build will enter queue once a concurrency becomes available. Add additional concurrencies at https://expo.dev/accounts/osvaldodelfina02/settings/billing.| Build concurrency limit reached for your account. Build will enter queue once a concurrency becomes available. Add additional concurrencies at https://expo.dev/accounts/osvaldodelfina02/settings/billing./ Build concurrency limit reached for your account. Build will enter queue once a concurrency becomes available. Add additional concurrencies at https://expo.dev/accounts/osvaldodelfina02/settings/billing.- Build concurrency limit reached for your account. Build will enter queue once a concurrency becomes available. Add additional concurrencies at https://expo.dev/accounts/osvaldodelfina02/settings/billing.\ Build concurrency limit reached for your account. Build will enter queue once a concurrency becomes available. Add additional concurrencies at https://expo.dev/accounts/osvaldodelfina02/settings/billing.| Build concurrency limit reached for your account. Build will enter queue once a concurrency becomes available. Add additional concurrencies at https://expo.dev/accounts/osvaldodelfina02/settings/billing./ Build concurrency limit reached for your account. Build will enter queue once a concurrency becomes available. Add additional concurrencies at https://expo.dev/accounts/osvaldodelfina02/settings/billing.- Build concurrency limit reached for your account. Build will enter queue once a concurrency becomes available. Add additional concurrencies at https://expo.dev/accounts/osvaldodelfina02/settings/billing.\ Build concurrency limit reached for your account. Build will enter queue once a concurrency becomes available. Add additional concurrencies at https://expo.dev/accounts/osvaldodelfina02/settings/billing.| Build concurrency limit reached for your account. Build will enter queue once a concurrency becomes available. Add additional concurrencies at https://expo.dev/accounts/osvaldodelfina02/settings/billing./ Build concurrency limit reached for your account. Build will enter queue once a concurrency becomes available. Add additional concurrencies at https://expo.dev/accounts/osvaldodelfina02/settings/billing.- Build concurrency limit reached for your account. Build will enter queue once a concurrency becomes available. Add additional concurrencies at https://expo.dev/accounts/osvaldodelfina02/settings/billing.\ Build concurrency limit reached for your account. Build will enter queue once a concurrency becomes available. Add additional concurrencies at https://expo.dev/accounts/osvaldodelfina02/settings/billing.| Build concurrency limit reached for your account. Build will enter queue once a concurrency becomes available. Add additional concurrencies at https://expo.dev/accounts/osvaldodelfina02/settings/billing./ Build concurrency limit reached for your account. Build will enter queue once a concurrency becomes available. Add additional concurrencies at https://expo.dev/accounts/osvaldodelfina02/settings/billing.- Build concurrency limit reached for your account. Build will enter queue once a concurrency becomes available. Add additional concurrencies at https://expo.dev/accounts/osvaldodelfina02/settings/billing.\ Build concurrency limit reached for your account. Build will enter queue once a concurrency becomes available. Add additional concurrencies at https://expo.dev/accounts/osvaldodelfina02/settings/billing.| Build concurrency limit reached for your account. Build will enter queue once a concurrency becomes available. Add additional concurrencies at https://expo.dev/accounts/osvaldodelfina02/settings/billing./ Build concurrency limit reached for your account. Build will enter queue once a concurrency becomes available. Add additional concurrencies at https://expo.dev/accounts/osvaldodelfina02/settings/billing.- Build concurrency limit reached for your account. Build will enter queue once a concurrency becomes available. Add additional concurrencies at https://expo.dev/accounts/osvaldodelfina02/settings/billing.\ Build concurrency limit reached for your account. Build will enter queue once a concurrency becomes available. Add additional concurrencies at https://expo.dev/accounts/osvaldodelfina02/settings/billing.| Build concurrency limit reached for your account. Build will enter queue once a concurrency becomes available. Add additional concurrencies at https://expo.dev/accounts/osvaldodelfina02/settings/billing./ Build concurrency limit reached for your account. Build will enter queue once a concurrency becomes available. Add additional concurrencies at https://expo.dev/accounts/osvaldodelfina02/settings/billing.- Build concurrency limit reached for your account. Build will enter queue once a concurrency becomes available. Add additional concurrencies at https://expo.dev/accounts/osvaldodelfina02/settings/billing.\ Build concurrency limit reached for your account. Build will enter queue once a concurrency becomes available. Add additional concurrencies at https://expo.dev/accounts/osvaldodelfina02/settings/billing.| Build concurrency limit reached for your account. Build will enter queue once a concurrency becomes available. Add additional concurrencies at https://expo.dev/accounts/osvaldodelfina02/settings/billing./ Build concurrency limit reached for your account. Build will enter queue once a concurrency becomes available. Add additional concurrencies at https://expo.dev/accounts/osvaldodelfina02/settings/billing.- Build concurrency limit reached for your account. Build will enter queue once a concurrency becomes available. Add additional concurrencies at https://expo.dev/accounts/osvaldodelfina02/settings/billing.\ Build concurrency limit reached for your account. Build will enter queue once a concurrency becomes available. Add additional concurrencies at https://expo.dev/accounts/osvaldodelfina02/settings/billing.| Build concurrency limit reached for your account. Build will enter queue once a concurrency becomes available. Add additional concurrencies at https://expo.dev/accounts/osvaldodelfina02/settings/billing./ Build concurrency limit reached for your account. Build will enter queue once a concurrency becomes available. Add additional concurrencies at https://expo.dev/accounts/osvaldodelfina02/settings/billing.- Build concurrency limit reached for your account. Build will enter queue once a concurrency becomes available. Add additional concurrencies at https://expo.dev/accounts/osvaldodelfina02/settings/billing.\ Build concurrency limit reached for your account. Build will enter queue once a concurrency becomes available. Add additional concurrencies at https://expo.dev/accounts/osvaldodelfina02/settings/billing.| Build concurrency limit reached for your account. Build will enter queue once a concurrency becomes available. Add additional concurrencies at https://expo.dev/accounts/osvaldodelfina02/settings/billing./ Build concurrency limit reached for your account. Build will enter queue once a concurrency becomes available. Add additional concurrencies at https://expo.dev/accounts/osvaldodelfina02/settings/billing.- Build concurrency limit reached for your account. Build will enter queue once a concurrency becomes available. Add additional concurrencies at https://expo.dev/accounts/osvaldodelfina02/settings/billing.\ Build concurrency limit reached for your account. Build will enter queue once a concurrency becomes available. Add additional concurrencies at https://expo.dev/accounts/osvaldodelfina02/settings/billing.| Build concurrency limit reached for your account. Build will enter queue once a concurrency becomes available. Add additional concurrencies at https://expo.dev/accounts/osvaldodelfina02/settings/billing./ Build concurrency limit reached for your account. Build will enter queue once a concurrency becomes available. Add additional concurrencies at https://expo.dev/accounts/osvaldodelfina02/settings/billing.- Build concurrency limit reached for your account. Build will enter queue once a concurrency becomes available. Add additional concurrencies at https://expo.dev/accounts/osvaldodelfina02/settings/billing.\ Build concurrency limit reached for your account. Build will enter queue once a concurrency becomes available. Add additional concurrencies at https://expo.dev/accounts/osvaldodelfina02/settings/billing.| Build concurrency limit reached for your account. Build will enter queue once a concurrency becomes available. Add additional concurrencies at https://expo.dev/accounts/osvaldodelfina02/settings/billing./ Build concurrency limit reached for your account. Build will enter queue once a concurrency becomes available. Add additional concurrencies at https://expo.dev/accounts/osvaldodelfina02/settings/billing.- Build concurrency limit reached for your account. Build will enter queue once a concurrency becomes available. Add additional concurrencies at https://expo.dev/accounts/osvaldodelfina02/settings/billing.\ Build concurrency limit reached for your account. Build will enter queue once a concurrency becomes available. Add additional concurrencies at https://expo.dev/accounts/osvaldodelfina02/settings/billing.| Build concurrency limit reached for your account. Build will enter queue once a concurrency becomes available. Add additional concurrencies at https://expo.dev/accounts/osvaldodelfina02/settings/billing./ Build concurrency limit reached for your account. Build will enter queue once a concurrency becomes available. Add additional concurrencies at https://expo.dev/accounts/osvaldodelfina02/settings/billing.- Build concurrency limit reached for your account. Build will enter queue once a concurrency becomes available. Add additional concurrencies at https://expo.dev/accounts/osvaldodelfina02/settings/billing.\ Build concurrency limit reached for your account. Build will enter queue once a concurrency becomes available. Add additional concurrencies at https://expo.dev/accounts/osvaldodelfina02/settings/billing.| Build concurrency limit reached for your account. Build will enter queue once a concurrency becomes available. Add additional concurrencies at https://expo.dev/accounts/osvaldodelfina02/settings/billing./ Build concurrency limit reached for your account. Build will enter queue once a concurrency becomes available. Add additional concurrencies at https://expo.dev/accounts/osvaldodelfina02/settings/billing.- Build concurrency limit reached for your account. Build will enter queue once a concurrency becomes available. Add additional concurrencies at https://expo.dev/accounts/osvaldodelfina02/settings/billing.\ Build concurrency limit reached for your account. Build will enter queue once a concurrency becomes available. Add additional concurrencies at https://expo.dev/accounts/osvaldodelfina02/settings/billing.| Build concurrency limit reached for your account. Build will enter queue once a concurrency becomes available. Add additional concurrencies at https://expo.dev/accounts/osvaldodelfina02/settings/billing./ Build concurrency limit reached for your account. Build will enter queue once a concurrency becomes available. Add additional concurrencies at https://expo.dev/accounts/osvaldodelfina02/settings/billing.- Build concurrency limit reached for your account. Build will enter queue once a concurrency becomes available. Add additional concurrencies at https://expo.dev/accounts/osvaldodelfina02/settings/billing.\ Build concurrency limit reached for your account. Build will enter queue once a concurrency becomes available. Add additional concurrencies at https://expo.dev/accounts/osvaldodelfina02/settings/billing.| Build concurrency limit reached for your account. Build will enter queue once a concurrency becomes available. Add additional concurrencies at https://expo.dev/accounts/osvaldodelfina02/settings/billing./ Build concurrency limit reached for your account. Build will enter queue once a concurrency becomes available. Add additional concurrencies at https://expo.dev/accounts/osvaldodelfina02/settings/billing.- Build concurrency limit reached for your account. Build will enter queue once a concurrency becomes available. Add additional concurrencies at https://expo.dev/accounts/osvaldodelfina02/settings/billing.\ Build concurrency limit reached for your account. Build will enter queue once a concurrency becomes available. Add additional concurrencies at https://expo.dev/accounts/osvaldodelfina02/settings/billing.| Build concurrency limit reached for your account. Build will enter queue once a concurrency becomes available. Add additional concurrencies at https://expo.dev/accounts/osvaldodelfina02/settings/billing./ Build concurrency limit reached for your account. Build will enter queue once a concurrency becomes available. Add additional concurrencies at https://expo.dev/accounts/osvaldodelfina02/settings/billing.- Build concurrency limit reached for your account. Build will enter queue once a concurrency becomes available. Add additional concurrencies at https://expo.dev/accounts/osvaldodelfina02/settings/billing.\ Build concurrency limit reached for your account. Build will enter queue once a concurrency becomes available. Add additional concurrencies at https://expo.dev/accounts/osvaldodelfina02/settings/billing.| Build concurrency limit reached for your account. Build will enter queue once a concurrency becomes available. Add additional concurrencies at https://expo.dev/accounts/osvaldodelfina02/settings/billing./ Build concurrency limit reached for your account. Build will enter queue once a concurrency becomes available. Add additional concurrencies at https://expo.dev/accounts/osvaldodelfina02/settings/billing.- Build concurrency limit reached for your account. Build will enter queue once a concurrency becomes available. Add additional concurrencies at https://expo.dev/accounts/osvaldodelfina02/settings/billing.\ Build concurrency limit reached for your account. Build will enter queue once a concurrency becomes available. Add additional concurrencies at https://expo.dev/accounts/osvaldodelfina02/settings/billing.| Build concurrency limit reached for your account. Build will enter queue once a concurrency becomes available. Add additional concurrencies at https://expo.dev/accounts/osvaldodelfina02/settings/billing./ Build concurrency limit reached for your account. Build will enter queue once a concurrency becomes available. Add additional concurrencies at https://expo.dev/accounts/osvaldodelfina02/settings/billing.- Build concurrency limit reached for your account. Build will enter queue once a concurrency becomes available. Add additional concurrencies at https://expo.dev/accounts/osvaldodelfina02/settings/billing.\ Build concurrency limit reached for your account. Build will enter queue once a concurrency becomes available. Add additional concurrencies at https://expo.dev/accounts/osvaldodelfina02/settings/billing.| Build concurrency limit reached for your account. Build will enter queue once a concurrency becomes available. Add additional concurrencies at https://expo.dev/accounts/osvaldodelfina02/settings/billing./ Build concurrency limit reached for your account. Build will enter queue once a concurrency becomes available. Add additional concurrencies at https://expo.dev/accounts/osvaldodelfina02/settings/billing.- Build concurrency limit reached for your account. Build will enter queue once a concurrency becomes available. Add additional concurrencies at https://expo.dev/accounts/osvaldodelfina02/settings/billing.\ Build concurrency limit reached for your account. Build will enter queue once a concurrency becomes available. Add additional concurrencies at https://expo.dev/accounts/osvaldodelfina02/settings/billing.| Build concurrency limit reached for your account. Build will enter queue once a concurrency becomes available. Add additional concurrencies at https://expo.dev/accounts/osvaldodelfina02/settings/billing./ Build concurrency limit reached for your account. Build will enter queue once a concurrency becomes available. Add additional concurrencies at https://expo.dev/accounts/osvaldodelfina02/settings/billing.- Build concurrency limit reached for your account. Build will enter queue once a concurrency becomes available. Add additional concurrencies at https://expo.dev/accounts/osvaldodelfina02/settings/billing.\ Build concurrency limit reached for your account. Build will enter queue once a concurrency becomes available. Add additional concurrencies at https://expo.dev/accounts/osvaldodelfina02/settings/billing.| Build concurrency limit reached for your account. Build will enter queue once a concurrency becomes available. Add additional concurrencies at https://expo.dev/accounts/osvaldodelfina02/settings/billing./ Build concurrency limit reached for your account. Build will enter queue once a concurrency becomes available. Add additional concurrencies at https://expo.dev/accounts/osvaldodelfina02/settings/billing.- Build concurrency limit reached for your account. Build will enter queue once a concurrency becomes available. Add additional concurrencies at https://expo.dev/accounts/osvaldodelfina02/settings/billing.\ Build concurrency limit reached for your account. Build will enter queue once a concurrency becomes available. Add additional concurrencies at https://expo.dev/accounts/osvaldodelfina02/settings/billing.| Build concurrency limit reached for your account. Build will enter queue once a concurrency becomes available. Add additional concurrencies at https://expo.dev/accounts/osvaldodelfina02/settings/billing./ Build concurrency limit reached for your account. Build will enter queue once a concurrency becomes available. Add additional concurrencies at https://expo.dev/accounts/osvaldodelfina02/settings/billing.- Build concurrency limit reached for your account. Build will enter queue once a concurrency becomes available. Add additional concurrencies at https://expo.dev/accounts/osvaldodelfina02/settings/billing.\ Build concurrency limit reached for your account. Build will enter queue once a concurrency becomes available. Add additional concurrencies at https://expo.dev/accounts/osvaldodelfina02/settings/billing.| Build concurrency limit reached for your account. Build will enter queue once a concurrency becomes available. Add additional concurrencies at https://expo.dev/accounts/osvaldodelfina02/settings/billing./ Build concurrency limit reached for your account. Build will enter queue once a concurrency becomes available. Add additional concurrencies at https://expo.dev/accounts/osvaldodelfina02/settings/billing.- Build concurrency limit reached for your account. Build will enter queue once a concurrency becomes available. Add additional concurrencies at https://expo.dev/accounts/osvaldodelfina02/settings/billing.\ Build concurrency limit reached for your account. Build will enter queue once a concurrency becomes available. Add additional concurrencies at https://expo.dev/accounts/osvaldodelfina02/settings/billing.| Build concurrency limit reached for your account. Build will enter queue once a concurrency becomes available. Add additional concurrencies at https://expo.dev/accounts/osvaldodelfina02/settings/billing./ Build concurrency limit reached for your account. Build will enter queue once a concurrency becomes available. Add additional concurrencies at https://expo.dev/accounts/osvaldodelfina02/settings/billing.- Build concurrency limit reached for your account. Build will enter queue once a concurrency becomes available. Add additional concurrencies at https://expo.dev/accounts/osvaldodelfina02/settings/billing.\ Build concurrency limit reached for your account. Build will enter queue once a concurrency becomes available. Add additional concurrencies at https://expo.dev/accounts/osvaldodelfina02/settings/billing.| Build concurrency limit reached for your account. Build will enter queue once a concurrency becomes available. Add additional concurrencies at https://expo.dev/accounts/osvaldodelfina02/settings/billing./ Build concurrency limit reached for your account. Build will enter queue once a concurrency becomes available. Add additional concurrencies at https://expo.dev/accounts/osvaldodelfina02/settings/billing.- Build concurrency limit reached for your account. Build will enter queue once a concurrency becomes available. Add additional concurrencies at https://expo.dev/accounts/osvaldodelfina02/settings/billing.\ Build concurrency limit reached for your account. Build will enter queue once a concurrency becomes available. Add additional concurrencies at https://expo.dev/accounts/osvaldodelfina02/settings/billing.| Build concurrency limit reached for your account. Build will enter queue once a concurrency becomes available. Add additional concurrencies at https://expo.dev/accounts/osvaldodelfina02/settings/billing./ Build concurrency limit reached for your account. Build will enter queue once a concurrency becomes available. Add additional concurrencies at https://expo.dev/accounts/osvaldodelfina02/settings/billing.- Build concurrency limit reached for your account. Build will enter queue once a concurrency becomes available. Add additional concurrencies at https://expo.dev/accounts/osvaldodelfina02/settings/billing.\ Build concurrency limit reached for your account. Build will enter queue once a concurrency becomes available. Add additional concurrencies at https://expo.dev/accounts/osvaldodelfina02/settings/billing.| Build concurrency limit reached for your account. Build will enter queue once a concurrency becomes available. Add additional concurrencies at https://expo.dev/accounts/osvaldodelfina02/settings/billing./ Build concurrency limit reached for your account. Build will enter queue once a concurrency becomes available. Add additional concurrencies at https://expo.dev/accounts/osvaldodelfina02/settings/billing.- Build concurrency limit reached for your account. Build will enter queue once a concurrency becomes available. Add additional concurrencies at https://expo.dev/accounts/osvaldodelfina02/settings/billing.\ Build concurrency limit reached for your account. Build will enter queue once a concurrency becomes available. Add additional concurrencies at https://expo.dev/accounts/osvaldodelfina02/settings/billing.| Build concurrency limit reached for your account. Build will enter queue once a concurrency becomes available. Add additional concurrencies at https://expo.dev/accounts/osvaldodelfina02/settings/billing./ Build concurrency limit reached for your account. Build will enter queue once a concurrency becomes available. Add additional concurrencies at https://expo.dev/accounts/osvaldodelfina02/settings/billing.- Build concurrency limit reached for your account. Build will enter queue once a concurrency becomes available. Add additional concurrencies at https://expo.dev/accounts/osvaldodelfina02/settings/billing.\ Build concurrency limit reached for your account. Build will enter queue once a concurrency becomes available. Add additional concurrencies at https://expo.dev/accounts/osvaldodelfina02/settings/billing.| Build concurrency limit reached for your account. Build will enter queue once a concurrency becomes available. Add additional concurrencies at https://expo.dev/accounts/osvaldodelfina02/settings/billing./ Build concurrency limit reached for your account. Build will enter queue once a concurrency becomes available. Add additional concurrencies at https://expo.dev/accounts/osvaldodelfina02/settings/billing.- Build concurrency limit reached for your account. Build will enter queue once a concurrency becomes available. Add additional concurrencies at https://expo.dev/accounts/osvaldodelfina02/settings/billing.\ Build concurrency limit reached for your account. Build will enter queue once a concurrency becomes available. Add additional concurrencies at https://expo.dev/accounts/osvaldodelfina02/settings/billing.| Build concurrency limit reached for your account. Build will enter queue once a concurrency becomes available. Add additional concurrencies at https://expo.dev/accounts/osvaldodelfina02/settings/billing./ Build concurrency limit reached for your account. Build will enter queue once a concurrency becomes available. Add additional concurrencies at https://expo.dev/accounts/osvaldodelfina02/settings/billing.- Build concurrency limit reached for your account. Build will enter queue once a concurrency becomes available. Add additional concurrencies at https://expo.dev/accounts/osvaldodelfina02/settings/billing.\ Build concurrency limit reached for your account. Build will enter queue once a concurrency becomes available. Add additional concurrencies at https://expo.dev/accounts/osvaldodelfina02/settings/billing.| Build concurrency limit reached for your account. Build will enter queue once a concurrency becomes available. Add additional concurrencies at https://expo.dev/accounts/osvaldodelfina02/settings/billing./ Build concurrency limit reached for your account. Build will enter queue once a concurrency becomes available. Add additional concurrencies at https://expo.dev/accounts/osvaldodelfina02/settings/billing.- Build concurrency limit reached for your account. Build will enter queue once a concurrency becomes available. Add additional concurrencies at https://expo.dev/accounts/osvaldodelfina02/settings/billing.\ Build concurrency limit reached for your account. Build will enter queue once a concurrency becomes available. Add additional concurrencies at https://expo.dev/accounts/osvaldodelfina02/settings/billing.| Build concurrency limit reached for your account. Build will enter queue once a concurrency becomes available. Add additional concurrencies at https://expo.dev/accounts/osvaldodelfina02/settings/billing./ Build concurrency limit reached for your account. Build will enter queue once a concurrency becomes available. Add additional concurrencies at https://expo.dev/accounts/osvaldodelfina02/settings/billing.- Build concurrency limit reached for your account. Build will enter queue once a concurrency becomes available. Add additional concurrencies at https://expo.dev/accounts/osvaldodelfina02/settings/billing.\ Build concurrency limit reached for your account. Build will enter queue once a concurrency becomes available. Add additional concurrencies at https://expo.dev/accounts/osvaldodelfina02/settings/billing.| Build concurrency limit reached for your account. Build will enter queue once a concurrency becomes available. Add additional concurrencies at https://expo.dev/accounts/osvaldodelfina02/settings/billing./ Build concurrency limit reached for your account. Build will enter queue once a concurrency becomes available. Add additional concurrencies at https://expo.dev/accounts/osvaldodelfina02/settings/billing.- Build concurrency limit reached for your account. Build will enter queue once a concurrency becomes available. Add additional concurrencies at https://expo.dev/accounts/osvaldodelfina02/settings/billing.\ Build concurrency limit reached for your account. Build will enter queue once a concurrency becomes available. Add additional concurrencies at https://expo.dev/accounts/osvaldodelfina02/settings/billing.| Build concurrency limit reached for your account. Build will enter queue once a concurrency becomes available. Add additional concurrencies at https://expo.dev/accounts/osvaldodelfina02/settings/billing./ Build concurrency limit reached for your account. Build will enter queue once a concurrency becomes available. Add additional concurrencies at https://expo.dev/accounts/osvaldodelfina02/settings/billing.- Build concurrency limit reached for your account. Build will enter queue once a concurrency becomes available. Add additional concurrencies at https://expo.dev/accounts/osvaldodelfina02/settings/billing.\ Build concurrency limit reached for your account. Build will enter queue once a concurrency becomes available. Add additional concurrencies at https://expo.dev/accounts/osvaldodelfina02/settings/billing.| Build concurrency limit reached for your account. Build will enter queue once a concurrency becomes available. Add additional concurrencies at https://expo.dev/accounts/osvaldodelfina02/settings/billing./ Build concurrency limit reached for your account. Build will enter queue once a concurrency becomes available. Add additional concurrencies at https://expo.dev/accounts/osvaldodelfina02/settings/billing.- Build concurrency limit reached for your account. Build will enter queue once a concurrency becomes available. Add additional concurrencies at https://expo.dev/accounts/osvaldodelfina02/settings/billing.\ Build concurrency limit reached for your account. Build will enter queue once a concurrency becomes available. Add additional concurrencies at https://expo.dev/accounts/osvaldodelfina02/settings/billing.| Build concurrency limit reached for your account. Build will enter queue once a concurrency becomes available. Add additional concurrencies at https://expo.dev/accounts/osvaldodelfina02/settings/billing./ Build concurrency limit reached for your account. Build will enter queue once a concurrency becomes available. Add additional concurrencies at https://expo.dev/accounts/osvaldodelfina02/settings/billing.- Build concurrency limit reached for your account. Build will enter queue once a concurrency becomes available. Add additional concurrencies at https://expo.dev/accounts/osvaldodelfina02/settings/billing.\ Build concurrency limit reached for your account. Build will enter queue once a concurrency becomes available. Add additional concurrencies at https://expo.dev/accounts/osvaldodelfina02/settings/billing.| Build concurrency limit reached for your account. Build will enter queue once a concurrency becomes available. Add additional concurrencies at https://expo.dev/accounts/osvaldodelfina02/settings/billing./ Build concurrency limit reached for your account. Build will enter queue once a concurrency becomes available. Add additional concurrencies at https://expo.dev/accounts/osvaldodelfina02/settings/billing.- Build concurrency limit reached for your account. Build will enter queue once a concurrency becomes available. Add additional concurrencies at https://expo.dev/accounts/osvaldodelfina02/settings/billing.\ Build concurrency limit reached for your account. Build will enter queue once a concurrency becomes available. Add additional concurrencies at https://expo.dev/accounts/osvaldodelfina02/settings/billing.| Build concurrency limit reached for your account. Build will enter queue once a concurrency becomes available. Add additional concurrencies at https://expo.dev/accounts/osvaldodelfina02/settings/billing./ Build concurrency limit reached for your account. Build will enter queue once a concurrency becomes available. Add additional concurrencies at https://expo.dev/accounts/osvaldodelfina02/settings/billing.- Build concurrency limit reached for your account. Build will enter queue once a concurrency becomes available. Add additional concurrencies at https://expo.dev/accounts/osvaldodelfina02/settings/billing.\ Build concurrency limit reached for your account. Build will enter queue once a concurrency becomes available. Add additional concurrencies at https://expo.dev/accounts/osvaldodelfina02/settings/billing.| Build concurrency limit reached for your account. Build will enter queue once a concurrency becomes available. Add additional concurrencies at https://expo.dev/accounts/osvaldodelfina02/settings/billing./ Build concurrency limit reached for your account. Build will enter queue once a concurrency becomes available. Add additional concurrencies at https://expo.dev/accounts/osvaldodelfina02/settings/billing.- Build concurrency limit reached for your account. Build will enter queue once a concurrency becomes available. Add additional concurrencies at https://expo.dev/accounts/osvaldodelfina02/settings/billing.\ Build concurrency limit reached for your account. Build will enter queue once a concurrency becomes available. Add additional concurrencies at https://expo.dev/accounts/osvaldodelfina02/settings/billing.| Build concurrency limit reached for your account. Build will enter queue once a concurrency becomes available. Add additional concurrencies at https://expo.dev/accounts/osvaldodelfina02/settings/billing./ Build concurrency limit reached for your account. Build will enter queue once a concurrency becomes available. Add additional concurrencies at https://expo.dev/accounts/osvaldodelfina02/settings/billing.- Build concurrency limit reached for your account. Build will enter queue once a concurrency becomes available. Add additional concurrencies at https://expo.dev/accounts/osvaldodelfina02/settings/billing.\ Build concurrency limit reached for your account. Build will enter queue once a concurrency becomes available. Add additional concurrencies at https://expo.dev/accounts/osvaldodelfina02/settings/billing.| Build concurrency limit reached for your account. Build will enter queue once a concurrency becomes available. Add additional concurrencies at https://expo.dev/accounts/osvaldodelfina02/settings/billing./ Build concurrency limit reached for your account. Build will enter queue once a concurrency becomes available. Add additional concurrencies at https://expo.dev/accounts/osvaldodelfina02/settings/billing.- Build concurrency limit reached for your account. Build will enter queue once a concurrency becomes available. Add additional concurrencies at https://expo.dev/accounts/osvaldodelfina02/settings/billing.\ Build concurrency limit reached for your account. Build will enter queue once a concurrency becomes available. Add additional concurrencies at https://expo.dev/accounts/osvaldodelfina02/settings/billing.| Build concurrency limit reached for your account. Build will enter queue once a concurrency becomes available. Add additional concurrencies at https://expo.dev/accounts/osvaldodelfina02/settings/billing./ Build concurrency limit reached for your account. Build will enter queue once a concurrency becomes available. Add additional concurrencies at https://expo.dev/accounts/osvaldodelfina02/settings/billing.- Build concurrency limit reached for your account. Build will enter queue once a concurrency becomes available. Add additional concurrencies at https://expo.dev/accounts/osvaldodelfina02/settings/billing.\ Build concurrency limit reached for your account. Build will enter queue once a concurrency becomes available. Add additional concurrencies at https://expo.dev/accounts/osvaldodelfina02/settings/billing.| Build concurrency limit reached for your account. Build will enter queue once a concurrency becomes available. Add additional concurrencies at https://expo.dev/accounts/osvaldodelfina02/settings/billing./ Build concurrency limit reached for your account. Build will enter queue once a concurrency becomes available. Add additional concurrencies at https://expo.dev/accounts/osvaldodelfina02/settings/billing.- Build concurrency limit reached for your account. Build will enter queue once a concurrency becomes available. Add additional concurrencies at https://expo.dev/accounts/osvaldodelfina02/settings/billing.\ Build concurrency limit reached for your account. Build will enter queue once a concurrency becomes available. Add additional concurrencies at https://expo.dev/accounts/osvaldodelfina02/settings/billing.| Build concurrency limit reached for your account. Build will enter queue once a concurrency becomes available. Add additional concurrencies at https://expo.dev/accounts/osvaldodelfina02/settings/billing./ Build concurrency limit reached for your account. Build will enter queue once a concurrency becomes available. Add additional concurrencies at https://expo.dev/accounts/osvaldodelfina02/settings/billing.- Build concurrency limit reached for your account. Build will enter queue once a concurrency becomes available. Add additional concurrencies at https://expo.dev/accounts/osvaldodelfina02/settings/billing.\ Build concurrency limit reached for your account. Build will enter queue once a concurrency becomes available. Add additional concurrencies at https://expo.dev/accounts/osvaldodelfina02/settings/billing.| Build concurrency limit reached for your account. Build will enter queue once a concurrency becomes available. Add additional concurrencies at https://expo.dev/accounts/osvaldodelfina02/settings/billing./ Build concurrency limit reached for your account. Build will enter queue once a concurrency becomes available. Add additional concurrencies at https://expo.dev/accounts/osvaldodelfina02/settings/billing.- Build concurrency limit reached for your account. Build will enter queue once a concurrency becomes available. Add additional concurrencies at https://expo.dev/accounts/osvaldodelfina02/settings/billing.\ Build concurrency limit reached for your account. Build will enter queue once a concurrency becomes available. Add additional concurrencies at https://expo.dev/accounts/osvaldodelfina02/settings/billing.| Build concurrency limit reached for your account. Build will enter queue once a concurrency becomes available. Add additional concurrencies at https://expo.dev/accounts/osvaldodelfina02/settings/billing./ Build concurrency limit reached for your account. Build will enter queue once a concurrency becomes available. Add additional concurrencies at https://expo.dev/accounts/osvaldodelfina02/settings/billing.- Build concurrency limit reached for your account. Build will enter queue once a concurrency becomes available. Add additional concurrencies at https://expo.dev/accounts/osvaldodelfina02/settings/billing.\ Build concurrency limit reached for your account. Build will enter queue once a concurrency becomes available. Add additional concurrencies at https://expo.dev/accounts/osvaldodelfina02/settings/billing.| Build concurrency limit reached for your account. Build will enter queue once a concurrency becomes available. Add additional concurrencies at https://expo.dev/accounts/osvaldodelfina02/settings/billing./ Build concurrency limit reached for your account. Build will enter queue once a concurrency becomes available. Add additional concurrencies at https://expo.dev/accounts/osvaldodelfina02/settings/billing.- Build concurrency limit reached for your account. Build will enter queue once a concurrency becomes available. Add additional concurrencies at https://expo.dev/accounts/osvaldodelfina02/settings/billing.\ Build concurrency limit reached for your account. Build will enter queue once a concurrency becomes available. Add additional concurrencies at https://expo.dev/accounts/osvaldodelfina02/settings/billing.| Build concurrency limit reached for your account. Build will enter queue once a concurrency becomes available. Add additional concurrencies at https://expo.dev/accounts/osvaldodelfina02/settings/billing./ Build concurrency limit reached for your account. Build will enter queue once a concurrency becomes available. Add additional concurrencies at https://expo.dev/accounts/osvaldodelfina02/settings/billing.- Build concurrency limit reached for your account. Build will enter queue once a concurrency becomes available. Add additional concurrencies at https://expo.dev/accounts/osvaldodelfina02/settings/billing.\ Build concurrency limit reached for your account. Build will enter queue once a concurrency becomes available. Add additional concurrencies at https://expo.dev/accounts/osvaldodelfina02/settings/billing.| Build concurrency limit reached for your account. Build will enter queue once a concurrency becomes available. Add additional concurrencies at https://expo.dev/accounts/osvaldodelfina02/settings/billing./ Build concurrency limit reached for your account. Build will enter queue once a concurrency becomes available. Add additional concurrencies at https://expo.dev/accounts/osvaldodelfina02/settings/billing.- Build concurrency limit reached for your account. Build will enter queue once a concurrency becomes available. Add additional concurrencies at https://expo.dev/accounts/osvaldodelfina02/settings/billing.\ Build concurrency limit reached for your account. Build will enter queue once a concurrency becomes available. Add additional concurrencies at https://expo.dev/accounts/osvaldodelfina02/settings/billing.| Build concurrency limit reached for your account. Build will enter queue once a concurrency becomes available. Add additional concurrencies at https://expo.dev/accounts/osvaldodelfina02/settings/billing./ Build concurrency limit reached for your account. Build will enter queue once a concurrency becomes available. Add additional concurrencies at https://expo.dev/accounts/osvaldodelfina02/settings/billing.- Build concurrency limit reached for your account. Build will enter queue once a concurrency becomes available. Add additional concurrencies at https://expo.dev/accounts/osvaldodelfina02/settings/billing.\ Build concurrency limit reached for your account. Build will enter queue once a concurrency becomes available. Add additional concurrencies at https://expo.dev/accounts/osvaldodelfina02/settings/billing.| Build concurrency limit reached for your account. Build will enter queue once a concurrency becomes available. Add additional concurrencies at https://expo.dev/accounts/osvaldodelfina02/settings/billing./ Build concurrency limit reached for your account. Build will enter queue once a concurrency becomes available. Add additional concurrencies at https://expo.dev/accounts/osvaldodelfina02/settings/billing.- Build concurrency limit reached for your account. Build will enter queue once a concurrency becomes available. Add additional concurrencies at https://expo.dev/accounts/osvaldodelfina02/settings/billing.\ Build concurrency limit reached for your account. Build will enter queue once a concurrency becomes available. Add additional concurrencies at https://expo.dev/accounts/osvaldodelfina02/settings/billing.| Build concurrency limit reached for your account. Build will enter queue once a concurrency becomes available. Add additional concurrencies at https://expo.dev/accounts/osvaldodelfina02/settings/billing./ Build concurrency limit reached for your account. Build will enter queue once a concurrency becomes available. Add additional concurrencies at https://expo.dev/accounts/osvaldodelfina02/settings/billing.- Build concurrency limit reached for your account. Build will enter queue once a concurrency becomes available. Add additional concurrencies at https://expo.dev/accounts/osvaldodelfina02/settings/billing.\ Build concurrency limit reached for your account. Build will enter queue once a concurrency becomes available. Add additional concurrencies at https://expo.dev/accounts/osvaldodelfina02/settings/billing.| Build concurrency limit reached for your account. Build will enter queue once a concurrency becomes available. Add additional concurrencies at https://expo.dev/accounts/osvaldodelfina02/settings/billing./ Build concurrency limit reached for your account. Build will enter queue once a concurrency becomes available. Add additional concurrencies at https://expo.dev/accounts/osvaldodelfina02/settings/billing.- Build concurrency limit reached for your account. Build will enter queue once a concurrency becomes available. Add additional concurrencies at https://expo.dev/accounts/osvaldodelfina02/settings/billing.\ Build concurrency limit reached for your account. Build will enter queue once a concurrency becomes available. Add additional concurrencies at https://expo.dev/accounts/osvaldodelfina02/settings/billing.| Build concurrency limit reached for your account. Build will enter queue once a concurrency becomes available. Add additional concurrencies at https://expo.dev/accounts/osvaldodelfina02/settings/billing./ Build concurrency limit reached for your account. Build will enter queue once a concurrency becomes available. Add additional concurrencies at https://expo.dev/accounts/osvaldodelfina02/settings/billing.- Build concurrency limit reached for your account. Build will enter queue once a concurrency becomes available. Add additional concurrencies at https://expo.dev/accounts/osvaldodelfina02/settings/billing.\ Build concurrency limit reached for your account. Build will enter queue once a concurrency becomes available. Add additional concurrencies at https://expo.dev/accounts/osvaldodelfina02/settings/billing.| Build concurrency limit reached for your account. Build will enter queue once a concurrency becomes available. Add additional concurrencies at https://expo.dev/accounts/osvaldodelfina02/settings/billing./ Build concurrency limit reached for your account. Build will enter queue once a concurrency becomes available. Add additional concurrencies at https://expo.dev/accounts/osvaldodelfina02/settings/billing.- Build concurrency limit reached for your account. Build will enter queue once a concurrency becomes available. Add additional concurrencies at https://expo.dev/accounts/osvaldodelfina02/settings/billing.\ Build concurrency limit reached for your account. Build will enter queue once a concurrency becomes available. Add additional concurrencies at https://expo.dev/accounts/osvaldodelfina02/settings/billing.| Build concurrency limit reached for your account. Build will enter queue once a concurrency becomes available. Add additional concurrencies at https://expo.dev/accounts/osvaldodelfina02/settings/billing./ Build concurrency limit reached for your account. Build will enter queue once a concurrency becomes available. Add additional concurrencies at https://expo.dev/accounts/osvaldodelfina02/settings/billing.- Build concurrency limit reached for your account. Build will enter queue once a concurrency becomes available. Add additional concurrencies at https://expo.dev/accounts/osvaldodelfina02/settings/billing.\ Build concurrency limit reached for your account. Build will enter queue once a concurrency becomes available. Add additional concurrencies at https://expo.dev/accounts/osvaldodelfina02/settings/billing.| Build concurrency limit reached for your account. Build will enter queue once a concurrency becomes available. Add additional concurrencies at https://expo.dev/accounts/osvaldodelfina02/settings/billing./ Build concurrency limit reached for your account. Build will enter queue once a concurrency becomes available. Add additional concurrencies at https://expo.dev/accounts/osvaldodelfina02/settings/billing.- Build concurrency limit reached for your account. Build will enter queue once a concurrency becomes available. Add additional concurrencies at https://expo.dev/accounts/osvaldodelfina02/settings/billing.\ Build concurrency limit reached for your account. Build will enter queue once a concurrency becomes available. Add additional concurrencies at https://expo.dev/accounts/osvaldodelfina02/settings/billing.| Build concurrency limit reached for your account. Build will enter queue once a concurrency becomes available. Add additional concurrencies at https://expo.dev/accounts/osvaldodelfina02/settings/billing./ Build concurrency limit reached for your account. Build will enter queue once a concurrency becomes available. Add additional concurrencies at https://expo.dev/accounts/osvaldodelfina02/settings/billing.- Build concurrency limit reached for your account. Build will enter queue once a concurrency becomes available. Add additional concurrencies at https://expo.dev/accounts/osvaldodelfina02/settings/billing.\ Build concurrency limit reached for your account. Build will enter queue once a concurrency becomes available. Add additional concurrencies at https://expo.dev/accounts/osvaldodelfina02/settings/billing.| Build concurrency limit reached for your account. Build will enter queue once a concurrency becomes available. Add additional concurrencies at https://expo.dev/accounts/osvaldodelfina02/settings/billing./ Build concurrency limit reached for your account. Build will enter queue once a concurrency becomes available. Add additional concurrencies at https://expo.dev/accounts/osvaldodelfina02/settings/billing.- Build concurrency limit reached for your account. Build will enter queue once a concurrency becomes available. Add additional concurrencies at https://expo.dev/accounts/osvaldodelfina02/settings/billing.\ Build concurrency limit reached for your account. Build will enter queue once a concurrency becomes available. Add additional concurrencies at https://expo.dev/accounts/osvaldodelfina02/settings/billing.| Build concurrency limit reached for your account. Build will enter queue once a concurrency becomes available. Add additional concurrencies at https://expo.dev/accounts/osvaldodelfina02/settings/billing./ Build concurrency limit reached for your account. Build will enter queue once a concurrency becomes available. Add additional concurrencies at https://expo.dev/accounts/osvaldodelfina02/settings/billing.- Build concurrency limit reached for your account. Build will enter queue once a concurrency becomes available. Add additional concurrencies at https://expo.dev/accounts/osvaldodelfina02/settings/billing.\ Build concurrency limit reached for your account. Build will enter queue once a concurrency becomes available. Add additional concurrencies at https://expo.dev/accounts/osvaldodelfina02/settings/billing.| Build concurrency limit reached for your account. Build will enter queue once a concurrency becomes available. Add additional concurrencies at https://expo.dev/accounts/osvaldodelfina02/settings/billing./ Build concurrency limit reached for your account. Build will enter queue once a concurrency becomes available. Add additional concurrencies at https://expo.dev/accounts/osvaldodelfina02/settings/billing.- Build concurrency limit reached for your account. Build will enter queue once a concurrency becomes available. Add additional concurrencies at https://expo.dev/accounts/osvaldodelfina02/settings/billing.\ Build concurrency limit reached for your account. Build will enter queue once a concurrency becomes available. Add additional concurrencies at https://expo.dev/accounts/osvaldodelfina02/settings/billing.| Build concurrency limit reached for your account. Build will enter queue once a concurrency becomes available. Add additional concurrencies at https://expo.dev/accounts/osvaldodelfina02/settings/billing./ Build concurrency limit reached for your account. Build will enter queue once a concurrency becomes available. Add additional concurrencies at https://expo.dev/accounts/osvaldodelfina02/settings/billing.- Build concurrency limit reached for your account. Build will enter queue once a concurrency becomes available. Add additional concurrencies at https://expo.dev/accounts/osvaldodelfina02/settings/billing.\ Build concurrency limit reached for your account. Build will enter queue once a concurrency becomes available. Add additional concurrencies at https://expo.dev/accounts/osvaldodelfina02/settings/billing.| Build concurrency limit reached for your account. Build will enter queue once a concurrency becomes available. Add additional concurrencies at https://expo.dev/accounts/osvaldodelfina02/settings/billing./ Build concurrency limit reached for your account. Build will enter queue once a concurrency becomes available. Add additional concurrencies at https://expo.dev/accounts/osvaldodelfina02/settings/billing.- Build concurrency limit reached for your account. Build will enter queue once a concurrency becomes available. Add additional concurrencies at https://expo.dev/accounts/osvaldodelfina02/settings/billing.\ Build concurrency limit reached for your account. Build will enter queue once a concurrency becomes available. Add additional concurrencies at https://expo.dev/accounts/osvaldodelfina02/settings/billing.| Build concurrency limit reached for your account. Build will enter queue once a concurrency becomes available. Add additional concurrencies at https://expo.dev/accounts/osvaldodelfina02/settings/billing./ Build concurrency limit reached for your account. Build will enter queue once a concurrency becomes available. Add additional concurrencies at https://expo.dev/accounts/osvaldodelfina02/settings/billing.- Build concurrency limit reached for your account. Build will enter queue once a concurrency becomes available. Add additional concurrencies at https://expo.dev/accounts/osvaldodelfina02/settings/billing.\ Build concurrency limit reached for your account. Build will enter queue once a concurrency becomes available. Add additional concurrencies at https://expo.dev/accounts/osvaldodelfina02/settings/billing.| Build concurrency limit reached for your account. Build will enter queue once a concurrency becomes available. Add additional concurrencies at https://expo.dev/accounts/osvaldodelfina02/settings/billing./ Build concurrency limit reached for your account. Build will enter queue once a concurrency becomes available. Add additional concurrencies at https://expo.dev/accounts/osvaldodelfina02/settings/billing.- Build concurrency limit reached for your account. Build will enter queue once a concurrency becomes available. Add additional concurrencies at https://expo.dev/accounts/osvaldodelfina02/settings/billing.\ Build concurrency limit reached for your account. Build will enter queue once a concurrency becomes available. Add additional concurrencies at https://expo.dev/accounts/osvaldodelfina02/settings/billing.| Build concurrency limit reached for your account. Build will enter queue once a concurrency becomes available. Add additional concurrencies at https://expo.dev/accounts/osvaldodelfina02/settings/billing./ Build concurrency limit reached for your account. Build will enter queue once a concurrency becomes available. Add additional concurrencies at https://expo.dev/accounts/osvaldodelfina02/settings/billing.- Build concurrency limit reached for your account. Build will enter queue once a concurrency becomes available. Add additional concurrencies at https://expo.dev/accounts/osvaldodelfina02/settings/billing.\ Build concurrency limit reached for your account. Build will enter queue once a concurrency becomes available. Add additional concurrencies at https://expo.dev/accounts/osvaldodelfina02/settings/billing.| Build concurrency limit reached for your account. Build will enter queue once a concurrency becomes available. Add additional concurrencies at https://expo.dev/accounts/osvaldodelfina02/settings/billing./ Build concurrency limit reached for your account. Build will enter queue once a concurrency becomes available. Add additional concurrencies at https://expo.dev/accounts/osvaldodelfina02/settings/billing.- Build concurrency limit reached for your account. Build will enter queue once a concurrency becomes available. Add additional concurrencies at https://expo.dev/accounts/osvaldodelfina02/settings/billing.\ Build concurrency limit reached for your account. Build will enter queue once a concurrency becomes available. Add additional concurrencies at https://expo.dev/accounts/osvaldodelfina02/settings/billing.| Build concurrency limit reached for your account. Build will enter queue once a concurrency becomes available. Add additional concurrencies at https://expo.dev/accounts/osvaldodelfina02/settings/billing./ Build concurrency limit reached for your account. Build will enter queue once a concurrency becomes available. Add additional concurrencies at https://expo.dev/accounts/osvaldodelfina02/settings/billing.- Build concurrency limit reached for your account. Build will enter queue once a concurrency becomes available. Add additional concurrencies at https://expo.dev/accounts/osvaldodelfina02/settings/billing.\ Build concurrency limit reached for your account. Build will enter queue once a concurrency becomes available. Add additional concurrencies at https://expo.dev/accounts/osvaldodelfina02/settings/billing.| Build concurrency limit reached for your account. Build will enter queue once a concurrency becomes available. Add additional concurrencies at https://expo.dev/accounts/osvaldodelfina02/settings/billing./ Build concurrency limit reached for your account. Build will enter queue once a concurrency becomes available. Add additional concurrencies at https://expo.dev/accounts/osvaldodelfina02/settings/billing.- Build concurrency limit reached for your account. Build will enter queue once a concurrency becomes available. Add additional concurrencies at https://expo.dev/accounts/osvaldodelfina02/settings/billing.\ Build concurrency limit reached for your account. Build will enter queue once a concurrency becomes available. Add additional concurrencies at https://expo.dev/accounts/osvaldodelfina02/settings/billing.| Build concurrency limit reached for your account. Build will enter queue once a concurrency becomes available. Add additional concurrencies at https://expo.dev/accounts/osvaldodelfina02/settings/billing./ Build concurrency limit reached for your account. Build will enter queue once a concurrency becomes available. Add additional concurrencies at https://expo.dev/accounts/osvaldodelfina02/settings/billing.- Build concurrency limit reached for your account. Build will enter queue once a concurrency becomes available. Add additional concurrencies at https://expo.dev/accounts/osvaldodelfina02/settings/billing.\ Build concurrency limit reached for your account. Build will enter queue once a concurrency becomes available. Add additional concurrencies at https://expo.dev/accounts/osvaldodelfina02/settings/billing.| Build concurrency limit reached for your account. Build will enter queue once a concurrency becomes available. Add additional concurrencies at https://expo.dev/accounts/osvaldodelfina02/settings/billing./ Build concurrency limit reached for your account. Build will enter queue once a concurrency becomes available. Add additional concurrencies at https://expo.dev/accounts/osvaldodelfina02/settings/billing.- Build concurrency limit reached for your account. Build will enter queue once a concurrency becomes available. Add additional concurrencies at https://expo.dev/accounts/osvaldodelfina02/settings/billing.\ Build concurrency limit reached for your account. Build will enter queue once a concurrency becomes available. Add additional concurrencies at https://expo.dev/accounts/osvaldodelfina02/settings/billing.| Build concurrency limit reached for your account. Build will enter queue once a concurrency becomes available. Add additional concurrencies at https://expo.dev/accounts/osvaldodelfina02/settings/billing./ Build concurrency limit reached for your account. Build will enter queue once a concurrency becomes available. Add additional concurrencies at https://expo.dev/accounts/osvaldodelfina02/settings/billing.- Build concurrency limit reached for your account. Build will enter queue once a concurrency becomes available. Add additional concurrencies at https://expo.dev/accounts/osvaldodelfina02/settings/billing.\ Build concurrency limit reached for your account. Build will enter queue once a concurrency becomes available. Add additional concurrencies at https://expo.dev/accounts/osvaldodelfina02/settings/billing.| Build concurrency limit reached for your account. Build will enter queue once a concurrency becomes available. Add additional concurrencies at https://expo.dev/accounts/osvaldodelfina02/settings/billing./ Build concurrency limit reached for your account. Build will enter queue once a concurrency becomes available. Add additional concurrencies at https://expo.dev/accounts/osvaldodelfina02/settings/billing.- Build concurrency limit reached for your account. Build will enter queue once a concurrency becomes available. Add additional concurrencies at https://expo.dev/accounts/osvaldodelfina02/settings/billing.\ Build concurrency limit reached for your account. Build will enter queue once a concurrency becomes available. Add additional concurrencies at https://expo.dev/accounts/osvaldodelfina02/settings/billing.| Build concurrency limit reached for your account. Build will enter queue once a concurrency becomes available. Add additional concurrencies at https://expo.dev/accounts/osvaldodelfina02/settings/billing./ Build concurrency limit reached for your account. Build will enter queue once a concurrency becomes available. Add additional concurrencies at https://expo.dev/accounts/osvaldodelfina02/settings/billing.- Build concurrency limit reached for your account. Build will enter queue once a concurrency becomes available. Add additional concurrencies at https://expo.dev/accounts/osvaldodelfina02/settings/billing.\ Build concurrency limit reached for your account. Build will enter queue once a concurrency becomes available. Add additional concurrencies at https://expo.dev/accounts/osvaldodelfina02/settings/billing.| Build concurrency limit reached for your account. Build will enter queue once a concurrency becomes available. Add additional concurrencies at https://expo.dev/accounts/osvaldodelfina02/settings/billing./ Build concurrency limit reached for your account. Build will enter queue once a concurrency becomes available. Add additional concurrencies at https://expo.dev/accounts/osvaldodelfina02/settings/billing.- Build concurrency limit reached for your account. Build will enter queue once a concurrency becomes available. Add additional concurrencies at https://expo.dev/accounts/osvaldodelfina02/settings/billing.\ Build concurrency limit reached for your account. Build will enter queue once a concurrency becomes available. Add additional concurrencies at https://expo.dev/accounts/osvaldodelfina02/settings/billing.| Build concurrency limit reached for your account. Build will enter queue once a concurrency becomes available. Add additional concurrencies at https://expo.dev/accounts/osvaldodelfina02/settings/billing./ Build concurrency limit reached for your account. Build will enter queue once a concurrency becomes available. Add additional concurrencies at https://expo.dev/accounts/osvaldodelfina02/settings/billing.- Build concurrency limit reached for your account. Build will enter queue once a concurrency becomes available. Add additional concurrencies at https://expo.dev/accounts/osvaldodelfina02/settings/billing.\ Build concurrency limit reached for your account. Build will enter queue once a concurrency becomes available. Add additional concurrencies at https://expo.dev/accounts/osvaldodelfina02/settings/billing.| Build concurrency limit reached for your account. Build will enter queue once a concurrency becomes available. Add additional concurrencies at https://expo.dev/accounts/osvaldodelfina02/settings/billing./ Build concurrency limit reached for your account. Build will enter queue once a concurrency becomes available. Add additional concurrencies at https://expo.dev/accounts/osvaldodelfina02/settings/billing.- Build concurrency limit reached for your account. Build will enter queue once a concurrency becomes available. Add additional concurrencies at https://expo.dev/accounts/osvaldodelfina02/settings/billing.\ Build concurrency limit reached for your account. Build will enter queue once a concurrency becomes available. Add additional concurrencies at https://expo.dev/accounts/osvaldodelfina02/settings/billing.| Build concurrency limit reached for your account. Build will enter queue once a concurrency becomes available. Add additional concurrencies at https://expo.dev/accounts/osvaldodelfina02/settings/billing./ Build concurrency limit reached for your account. Build will enter queue once a concurrency becomes available. Add additional concurrencies at https://expo.dev/accounts/osvaldodelfina02/settings/billing.- Build concurrency limit reached for your account. Build will enter queue once a concurrency becomes available. Add additional concurrencies at https://expo.dev/accounts/osvaldodelfina02/settings/billing.\ Build concurrency limit reached for your account. Build will enter queue once a concurrency becomes available. Add additional concurrencies at https://expo.dev/accounts/osvaldodelfina02/settings/billing.| Build concurrency limit reached for your account. Build will enter queue once a concurrency becomes available. Add additional concurrencies at https://expo.dev/accounts/osvaldodelfina02/settings/billing./ Build concurrency limit reached for your account. Build will enter queue once a concurrency becomes available. Add additional concurrencies at https://expo.dev/accounts/osvaldodelfina02/settings/billing.- Build concurrency limit reached for your account. Build will enter queue once a concurrency becomes available. Add additional concurrencies at https://expo.dev/accounts/osvaldodelfina02/settings/billing.\ Build concurrency limit reached for your account. Build will enter queue once a concurrency becomes available. Add additional concurrencies at https://expo.dev/accounts/osvaldodelfina02/settings/billing.| Build concurrency limit reached for your account. Build will enter queue once a concurrency becomes available. Add additional concurrencies at https://expo.dev/accounts/osvaldodelfina02/settings/billing./ Build concurrency limit reached for your account. Build will enter queue once a concurrency becomes available. Add additional concurrencies at https://expo.dev/accounts/osvaldodelfina02/settings/billing.- Build concurrency limit reached for your account. Build will enter queue once a concurrency becomes available. Add additional concurrencies at https://expo.dev/accounts/osvaldodelfina02/settings/billing.\ Build concurrency limit reached for your account. Build will enter queue once a concurrency becomes available. Add additional concurrencies at https://expo.dev/accounts/osvaldodelfina02/settings/billing.| Build concurrency limit reached for your account. Build will enter queue once a concurrency becomes available. Add additional concurrencies at https://expo.dev/accounts/osvaldodelfina02/settings/billing./ Build concurrency limit reached for your account. Build will enter queue once a concurrency becomes available. Add additional concurrencies at https://expo.dev/accounts/osvaldodelfina02/settings/billing.- Build concurrency limit reached for your account. Build will enter queue once a concurrency becomes available. Add additional concurrencies at https://expo.dev/accounts/osvaldodelfina02/settings/billing.\ Build concurrency limit reached for your account. Build will enter queue once a concurrency becomes available. Add additional concurrencies at https://expo.dev/accounts/osvaldodelfina02/settings/billing.| Build concurrency limit reached for your account. Build will enter queue once a concurrency becomes available. Add additional concurrencies at https://expo.dev/accounts/osvaldodelfina02/settings/billing./ Build concurrency limit reached for your account. Build will enter queue once a concurrency becomes available. Add additional concurrencies at https://expo.dev/accounts/osvaldodelfina02/settings/billing.- Build concurrency limit reached for your account. Build will enter queue once a concurrency becomes available. Add additional concurrencies at https://expo.dev/accounts/osvaldodelfina02/settings/billing.\ Build concurrency limit reached for your account. Build will enter queue once a concurrency becomes available. Add additional concurrencies at https://expo.dev/accounts/osvaldodelfina02/settings/billing.| Build concurrency limit reached for your account. Build will enter queue once a concurrency becomes available. Add additional concurrencies at https://expo.dev/accounts/osvaldodelfina02/settings/billing./ Build concurrency limit reached for your account. Build will enter queue once a concurrency becomes available. Add additional concurrencies at https://expo.dev/accounts/osvaldodelfina02/settings/billing.- Build concurrency limit reached for your account. Build will enter queue once a concurrency becomes available. Add additional concurrencies at https://expo.dev/accounts/osvaldodelfina02/settings/billing.\ Build concurrency limit reached for your account. Build will enter queue once a concurrency becomes available. Add additional concurrencies at https://expo.dev/accounts/osvaldodelfina02/settings/billing.| Build concurrency limit reached for your account. Build will enter queue once a concurrency becomes available. Add additional concurrencies at https://expo.dev/accounts/osvaldodelfina02/settings/billing./ Build concurrency limit reached for your account. Build will enter queue once a concurrency becomes available. Add additional concurrencies at https://expo.dev/accounts/osvaldodelfina02/settings/billing.- Build concurrency limit reached for your account. Build will enter queue once a concurrency becomes available. Add additional concurrencies at https://expo.dev/accounts/osvaldodelfina02/settings/billing.\ Build concurrency limit reached for your account. Build will enter queue once a concurrency becomes available. Add additional concurrencies at https://expo.dev/accounts/osvaldodelfina02/settings/billing.| Build concurrency limit reached for your account. Build will enter queue once a concurrency becomes available. Add additional concurrencies at https://expo.dev/accounts/osvaldodelfina02/settings/billing./ Build concurrency limit reached for your account. Build will enter queue once a concurrency becomes available. Add additional concurrencies at https://expo.dev/accounts/osvaldodelfina02/settings/billing.- Build concurrency limit reached for your account. Build will enter queue once a concurrency becomes available. Add additional concurrencies at https://expo.dev/accounts/osvaldodelfina02/settings/billing.\ Build concurrency limit reached for your account. Build will enter queue once a concurrency becomes available. Add additional concurrencies at https://expo.dev/accounts/osvaldodelfina02/settings/billing.| Build concurrency limit reached for your account. Build will enter queue once a concurrency becomes available. Add additional concurrencies at https://expo.dev/accounts/osvaldodelfina02/settings/billing./ Build concurrency limit reached for your account. Build will enter queue once a concurrency becomes available. Add additional concurrencies at https://expo.dev/accounts/osvaldodelfina02/settings/billing.- Build concurrency limit reached for your account. Build will enter queue once a concurrency becomes available. Add additional concurrencies at https://expo.dev/accounts/osvaldodelfina02/settings/billing.\ Build concurrency limit reached for your account. Build will enter queue once a concurrency becomes available. Add additional concurrencies at https://expo.dev/accounts/osvaldodelfina02/settings/billing.| Build concurrency limit reached for your account. Build will enter queue once a concurrency becomes available. Add additional concurrencies at https://expo.dev/accounts/osvaldodelfina02/settings/billing./ Build concurrency limit reached for your account. Build will enter queue once a concurrency becomes available. Add additional concurrencies at https://expo.dev/accounts/osvaldodelfina02/settings/billing.- Build concurrency limit reached for your account. Build will enter queue once a concurrency becomes available. Add additional concurrencies at https://expo.dev/accounts/osvaldodelfina02/settings/billing.\ Build concurrency limit reached for your account. Build will enter queue once a concurrency becomes available. Add additional concurrencies at https://expo.dev/accounts/osvaldodelfina02/settings/billing.| Build concurrency limit reached for your account. Build will enter queue once a concurrency becomes available. Add additional concurrencies at https://expo.dev/accounts/osvaldodelfina02/settings/billing./ Build concurrency limit reached for your account. Build will enter queue once a concurrency becomes available. Add additional concurrencies at https://expo.dev/accounts/osvaldodelfina02/settings/billing.- Build concurrency limit reached for your account. Build will enter queue once a concurrency becomes available. Add additional concurrencies at https://expo.dev/accounts/osvaldodelfina02/settings/billing.\ Build concurrency limit reached for your account. Build will enter queue once a concurrency becomes available. Add additional concurrencies at https://expo.dev/accounts/osvaldodelfina02/settings/billing.| Build concurrency limit reached for your account. Build will enter queue once a concurrency becomes available. Add additional concurrencies at https://expo.dev/accounts/osvaldodelfina02/settings/billing./ Build concurrency limit reached for your account. Build will enter queue once a concurrency becomes available. Add additional concurrencies at https://expo.dev/accounts/osvaldodelfina02/settings/billing.- Build concurrency limit reached for your account. Build will enter queue once a concurrency becomes available. Add additional concurrencies at https://expo.dev/accounts/osvaldodelfina02/settings/billing.\ Build concurrency limit reached for your account. Build will enter queue once a concurrency becomes available. Add additional concurrencies at https://expo.dev/accounts/osvaldodelfina02/settings/billing.| Build concurrency limit reached for your account. Build will enter queue once a concurrency becomes available. Add additional concurrencies at https://expo.dev/accounts/osvaldodelfina02/settings/billing./ Build concurrency limit reached for your account. Build will enter queue once a concurrency becomes available. Add additional concurrencies at https://expo.dev/accounts/osvaldodelfina02/settings/billing.- Build concurrency limit reached for your account. Build will enter queue once a concurrency becomes available. Add additional concurrencies at https://expo.dev/accounts/osvaldodelfina02/settings/billing.\ Build concurrency limit reached for your account. Build will enter queue once a concurrency becomes available. Add additional concurrencies at https://expo.dev/accounts/osvaldodelfina02/settings/billing.| Build concurrency limit reached for your account. Build will enter queue once a concurrency becomes available. Add additional concurrencies at https://expo.dev/accounts/osvaldodelfina02/settings/billing./ Build concurrency limit reached for your account. Build will enter queue once a concurrency becomes available. Add additional concurrencies at https://expo.dev/accounts/osvaldodelfina02/settings/billing.- Build concurrency limit reached for your account. Build will enter queue once a concurrency becomes available. Add additional concurrencies at https://expo.dev/accounts/osvaldodelfina02/settings/billing.\ Build concurrency limit reached for your account. Build will enter queue once a concurrency becomes available. Add additional concurrencies at https://expo.dev/accounts/osvaldodelfina02/settings/billing.| Build concurrency limit reached for your account. Build will enter queue once a concurrency becomes available. Add additional concurrencies at https://expo.dev/accounts/osvaldodelfina02/settings/billing./ Build concurrency limit reached for your account. Build will enter queue once a concurrency becomes available. Add additional concurrencies at https://expo.dev/accounts/osvaldodelfina02/settings/billing.- Build concurrency limit reached for your account. Build will enter queue once a concurrency becomes available. Add additional concurrencies at https://expo.dev/accounts/osvaldodelfina02/settings/billing.\ Build concurrency limit reached for your account. Build will enter queue once a concurrency becomes available. Add additional concurrencies at https://expo.dev/accounts/osvaldodelfina02/settings/billing.| Build concurrency limit reached for your account. Build will enter queue once a concurrency becomes available. Add additional concurrencies at https://expo.dev/accounts/osvaldodelfina02/settings/billing./ Build concurrency limit reached for your account. Build will enter queue once a concurrency becomes available. Add additional concurrencies at https://expo.dev/accounts/osvaldodelfina02/settings/billing.- Build concurrency limit reached for your account. Build will enter queue once a concurrency becomes available. Add additional concurrencies at https://expo.dev/accounts/osvaldodelfina02/settings/billing.\ Build concurrency limit reached for your account. Build will enter queue once a concurrency becomes available. Add additional concurrencies at https://expo.dev/accounts/osvaldodelfina02/settings/billing.| Build concurrency limit reached for your account. Build will enter queue once a concurrency becomes available. Add additional concurrencies at https://expo.dev/accounts/osvaldodelfina02/settings/billing./ Build concurrency limit reached for your account. Build will enter queue once a concurrency becomes available. Add additional concurrencies at https://expo.dev/accounts/osvaldodelfina02/settings/billing.- Build concurrency limit reached for your account. Build will enter queue once a concurrency becomes available. Add additional concurrencies at https://expo.dev/accounts/osvaldodelfina02/settings/billing.\ Build concurrency limit reached for your account. Build will enter queue once a concurrency becomes available. Add additional concurrencies at https://expo.dev/accounts/osvaldodelfina02/settings/billing.| Build concurrency limit reached for your account. Build will enter queue once a concurrency becomes available. Add additional concurrencies at https://expo.dev/accounts/osvaldodelfina02/settings/billing./ Build concurrency limit reached for your account. Build will enter queue once a concurrency becomes available. Add additional concurrencies at https://expo.dev/accounts/osvaldodelfina02/settings/billing.- Build concurrency limit reached for your account. Build will enter queue once a concurrency becomes available. Add additional concurrencies at https://expo.dev/accounts/osvaldodelfina02/settings/billing.\ Build concurrency limit reached for your account. Build will enter queue once a concurrency becomes available. Add additional concurrencies at https://expo.dev/accounts/osvaldodelfina02/settings/billing.| Build concurrency limit reached for your account. Build will enter queue once a concurrency becomes available. Add additional concurrencies at https://expo.dev/accounts/osvaldodelfina02/settings/billing./ Build concurrency limit reached for your account. Build will enter queue once a concurrency becomes available. Add additional concurrencies at https://expo.dev/accounts/osvaldodelfina02/settings/billing.- Build concurrency limit reached for your account. Build will enter queue once a concurrency becomes available. Add additional concurrencies at https://expo.dev/accounts/osvaldodelfina02/settings/billing.\ Build concurrency limit reached for your account. Build will enter queue once a concurrency becomes available. Add additional concurrencies at https://expo.dev/accounts/osvaldodelfina02/settings/billing.| Build concurrency limit reached for your account. Build will enter queue once a concurrency becomes available. Add additional concurrencies at https://expo.dev/accounts/osvaldodelfina02/settings/billing./ Build concurrency limit reached for your account. Build will enter queue once a concurrency becomes available. Add additional concurrencies at https://expo.dev/accounts/osvaldodelfina02/settings/billing.- Build concurrency limit reached for your account. Build will enter queue once a concurrency becomes available. Add additional concurrencies at https://expo.dev/accounts/osvaldodelfina02/settings/billing.\ Build concurrency limit reached for your account. Build will enter queue once a concurrency becomes available. Add additional concurrencies at https://expo.dev/accounts/osvaldodelfina02/settings/billing.| Build concurrency limit reached for your account. Build will enter queue once a concurrency becomes available. Add additional concurrencies at https://expo.dev/accounts/osvaldodelfina02/settings/billing./ Build concurrency limit reached for your account. Build will enter queue once a concurrency becomes available. Add additional concurrencies at https://expo.dev/accounts/osvaldodelfina02/settings/billing.- Build concurrency limit reached for your account. Build will enter queue once a concurrency becomes available. Add additional concurrencies at https://expo.dev/accounts/osvaldodelfina02/settings/billing.\ Build concurrency limit reached for your account. Build will enter queue once a concurrency becomes available. Add additional concurrencies at https://expo.dev/accounts/osvaldodelfina02/settings/billing.| Build concurrency limit reached for your account. Build will enter queue once a concurrency becomes available. Add additional concurrencies at https://expo.dev/accounts/osvaldodelfina02/settings/billing./ Build concurrency limit reached for your account. Build will enter queue once a concurrency becomes available. Add additional concurrencies at https://expo.dev/accounts/osvaldodelfina02/settings/billing.- Build concurrency limit reached for your account. Build will enter queue once a concurrency becomes available. Add additional concurrencies at https://expo.dev/accounts/osvaldodelfina02/settings/billing.\ Build concurrency limit reached for your account. Build will enter queue once a concurrency becomes available. Add additional concurrencies at https://expo.dev/accounts/osvaldodelfina02/settings/billing.| Build concurrency limit reached for your account. Build will enter queue once a concurrency becomes available. Add additional concurrencies at https://expo.dev/accounts/osvaldodelfina02/settings/billing./ Build concurrency limit reached for your account. Build will enter queue once a concurrency becomes available. Add additional concurrencies at https://expo.dev/accounts/osvaldodelfina02/settings/billing.- Build concurrency limit reached for your account. Build will enter queue once a concurrency becomes available. Add additional concurrencies at https://expo.dev/accounts/osvaldodelfina02/settings/billing.\ Build concurrency limit reached for your account. Build will enter queue once a concurrency becomes available. Add additional concurrencies at https://expo.dev/accounts/osvaldodelfina02/settings/billing.| Build concurrency limit reached for your account. Build will enter queue once a concurrency becomes available. Add additional concurrencies at https://expo.dev/accounts/osvaldodelfina02/settings/billing./ Build concurrency limit reached for your account. Build will enter queue once a concurrency becomes available. Add additional concurrencies at https://expo.dev/accounts/osvaldodelfina02/settings/billing.- Build concurrency limit reached for your account. Build will enter queue once a concurrency becomes available. Add additional concurrencies at https://expo.dev/accounts/osvaldodelfina02/settings/billing.\ Build concurrency limit reached for your account. Build will enter queue once a concurrency becomes available. Add additional concurrencies at https://expo.dev/accounts/osvaldodelfina02/settings/billing.| Build concurrency limit reached for your account. Build will enter queue once a concurrency becomes available. Add additional concurrencies at https://expo.dev/accounts/osvaldodelfina02/settings/billing./ Build concurrency limit reached for your account. Build will enter queue once a concurrency becomes available. Add additional concurrencies at https://expo.dev/accounts/osvaldodelfina02/settings/billing.- Build concurrency limit reached for your account. Build will enter queue once a concurrency becomes available. Add additional concurrencies at https://expo.dev/accounts/osvaldodelfina02/settings/billing.\ Build concurrency limit reached for your account. Build will enter queue once a concurrency becomes available. Add additional concurrencies at https://expo.dev/accounts/osvaldodelfina02/settings/billing.| Build concurrency limit reached for your account. Build will enter queue once a concurrency becomes available. Add additional concurrencies at https://expo.dev/accounts/osvaldodelfina02/settings/billing./ Build concurrency limit reached for your account. Build will enter queue once a concurrency becomes available. Add additional concurrencies at https://expo.dev/accounts/osvaldodelfina02/settings/billing.- Build concurrency limit reached for your account. Build will enter queue once a concurrency becomes available. Add additional concurrencies at https://expo.dev/accounts/osvaldodelfina02/settings/billing.\ Build concurrency limit reached for your account. Build will enter queue once a concurrency becomes available. Add additional concurrencies at https://expo.dev/accounts/osvaldodelfina02/settings/billing.| Build concurrency limit reached for your account. Build will enter queue once a concurrency becomes available. Add additional concurrencies at https://expo.dev/accounts/osvaldodelfina02/settings/billing./ Build concurrency limit reached for your account. Build will enter queue once a concurrency becomes available. Add additional concurrencies at https://expo.dev/accounts/osvaldodelfina02/settings/billing.- Build concurrency limit reached for your account. Build will enter queue once a concurrency becomes available. Add additional concurrencies at https://expo.dev/accounts/osvaldodelfina02/settings/billing.\ Build concurrency limit reached for your account. Build will enter queue once a concurrency becomes available. Add additional concurrencies at https://expo.dev/accounts/osvaldodelfina02/settings/billing.| Build concurrency limit reached for your account. Build will enter queue once a concurrency becomes available. Add additional concurrencies at https://expo.dev/accounts/osvaldodelfina02/settings/billing./ Build concurrency limit reached for your account. Build will enter queue once a concurrency becomes available. Add additional concurrencies at https://expo.dev/accounts/osvaldodelfina02/settings/billing.- Build concurrency limit reached for your account. Build will enter queue once a concurrency becomes available. Add additional concurrencies at https://expo.dev/accounts/osvaldodelfina02/settings/billing.\ Build concurrency limit reached for your account. Build will enter queue once a concurrency becomes available. Add additional concurrencies at https://expo.dev/accounts/osvaldodelfina02/settings/billing.| Build concurrency limit reached for your account. Build will enter queue once a concurrency becomes available. Add additional concurrencies at https://expo.dev/accounts/osvaldodelfina02/settings/billing./ Build concurrency limit reached for your account. Build will enter queue once a concurrency becomes available. Add additional concurrencies at https://expo.dev/accounts/osvaldodelfina02/settings/billing.- Build concurrency limit reached for your account. Build will enter queue once a concurrency becomes available. Add additional concurrencies at https://expo.dev/accounts/osvaldodelfina02/settings/billing.\ Build concurrency limit reached for your account. Build will enter queue once a concurrency becomes available. Add additional concurrencies at https://expo.dev/accounts/osvaldodelfina02/settings/billing.| Build concurrency limit reached for your account. Build will enter queue once a concurrency becomes available. Add additional concurrencies at https://expo.dev/accounts/osvaldodelfina02/settings/billing./ Build concurrency limit reached for your account. Build will enter queue once a concurrency becomes available. Add additional concurrencies at https://expo.dev/accounts/osvaldodelfina02/settings/billing.- Build concurrency limit reached for your account. Build will enter queue once a concurrency becomes available. Add additional concurrencies at https://expo.dev/accounts/osvaldodelfina02/settings/billing.\ Build concurrency limit reached for your account. Build will enter queue once a concurrency becomes available. Add additional concurrencies at https://expo.dev/accounts/osvaldodelfina02/settings/billing.| Build concurrency limit reached for your account. Build will enter queue once a concurrency becomes available. Add additional concurrencies at https://expo.dev/accounts/osvaldodelfina02/settings/billing./ Build concurrency limit reached for your account. Build will enter queue once a concurrency becomes available. Add additional concurrencies at https://expo.dev/accounts/osvaldodelfina02/settings/billing.- Build concurrency limit reached for your account. Build will enter queue once a concurrency becomes available. Add additional concurrencies at https://expo.dev/accounts/osvaldodelfina02/settings/billing.\ Build concurrency limit reached for your account. Build will enter queue once a concurrency becomes available. Add additional concurrencies at https://expo.dev/accounts/osvaldodelfina02/settings/billing.| Build concurrency limit reached for your account. Build will enter queue once a concurrency becomes available. Add additional concurrencies at https://expo.dev/accounts/osvaldodelfina02/settings/billing./ Build concurrency limit reached for your account. Build will enter queue once a concurrency becomes available. Add additional concurrencies at https://expo.dev/accounts/osvaldodelfina02/settings/billing.- Build concurrency limit reached for your account. Build will enter queue once a concurrency becomes available. Add additional concurrencies at https://expo.dev/accounts/osvaldodelfina02/settings/billing.\ Build concurrency limit reached for your account. Build will enter queue once a concurrency becomes available. Add additional concurrencies at https://expo.dev/accounts/osvaldodelfina02/settings/billing.| Build concurrency limit reached for your account. Build will enter queue once a concurrency becomes available. Add additional concurrencies at https://expo.dev/accounts/osvaldodelfina02/settings/billing./ Build concurrency limit reached for your account. Build will enter queue once a concurrency becomes available. Add additional concurrencies at https://expo.dev/accounts/osvaldodelfina02/settings/billing.- Build concurrency limit reached for your account. Build will enter queue once a concurrency becomes available. Add additional concurrencies at https://expo.dev/accounts/osvaldodelfina02/settings/billing.\ Build concurrency limit reached for your account. Build will enter queue once a concurrency becomes available. Add additional concurrencies at https://expo.dev/accounts/osvaldodelfina02/settings/billing.| Build concurrency limit reached for your account. Build will enter queue once a concurrency becomes available. Add additional concurrencies at https://expo.dev/accounts/osvaldodelfina02/settings/billing./ Build concurrency limit reached for your account. Build will enter queue once a concurrency becomes available. Add additional concurrencies at https://expo.dev/accounts/osvaldodelfina02/settings/billing.- Build concurrency limit reached for your account. Build will enter queue once a concurrency becomes available. Add additional concurrencies at https://expo.dev/accounts/osvaldodelfina02/settings/billing.\ Build concurrency limit reached for your account. Build will enter queue once a concurrency becomes available. Add additional concurrencies at https://expo.dev/accounts/osvaldodelfina02/settings/billing.| Build concurrency limit reached for your account. Build will enter queue once a concurrency becomes available. Add additional concurrencies at https://expo.dev/accounts/osvaldodelfina02/settings/billing./ Build concurrency limit reached for your account. Build will enter queue once a concurrency becomes available. Add additional concurrencies at https://expo.dev/accounts/osvaldodelfina02/settings/billing.- Build concurrency limit reached for your account. Build will enter queue once a concurrency becomes available. Add additional concurrencies at https://expo.dev/accounts/osvaldodelfina02/settings/billing.\ Build concurrency limit reached for your account. Build will enter queue once a concurrency becomes available. Add additional concurrencies at https://expo.dev/accounts/osvaldodelfina02/settings/billing.| Build concurrency limit reached for your account. Build will enter queue once a concurrency becomes available. Add additional concurrencies at https://expo.dev/accounts/osvaldodelfina02/settings/billing./ Build concurrency limit reached for your account. Build will enter queue once a concurrency becomes available. Add additional concurrencies at https://expo.dev/accounts/osvaldodelfina02/settings/billing.- Build concurrency limit reached for your account. Build will enter queue once a concurrency becomes available. Add additional concurrencies at https://expo.dev/accounts/osvaldodelfina02/settings/billing.\ Build concurrency limit reached for your account. Build will enter queue once a concurrency becomes available. Add additional concurrencies at https://expo.dev/accounts/osvaldodelfina02/settings/billing.| Build concurrency limit reached for your account. Build will enter queue once a concurrency becomes available. Add additional concurrencies at https://expo.dev/accounts/osvaldodelfina02/settings/billing./ Build concurrency limit reached for your account. Build will enter queue once a concurrency becomes available. Add additional concurrencies at https://expo.dev/accounts/osvaldodelfina02/settings/billing.- Build concurrency limit reached for your account. Build will enter queue once a concurrency becomes available. Add additional concurrencies at https://expo.dev/accounts/osvaldodelfina02/settings/billing.\ Build concurrency limit reached for your account. Build will enter queue once a concurrency becomes available. Add additional concurrencies at https://expo.dev/accounts/osvaldodelfina02/settings/billing.| Build concurrency limit reached for your account. Build will enter queue once a concurrency becomes available. Add additional concurrencies at https://expo.dev/accounts/osvaldodelfina02/settings/billing./ Build concurrency limit reached for your account. Build will enter queue once a concurrency becomes available. Add additional concurrencies at https://expo.dev/accounts/osvaldodelfina02/settings/billing.- Build concurrency limit reached for your account. Build will enter queue once a concurrency becomes available. Add additional concurrencies at https://expo.dev/accounts/osvaldodelfina02/settings/billing.\ Build concurrency limit reached for your account. Build will enter queue once a concurrency becomes available. Add additional concurrencies at https://expo.dev/accounts/osvaldodelfina02/settings/billing.| Build concurrency limit reached for your account. Build will enter queue once a concurrency becomes available. Add additional concurrencies at https://expo.dev/accounts/osvaldodelfina02/settings/billing./ Build concurrency limit reached for your account. Build will enter queue once a concurrency becomes available. Add additional concurrencies at https://expo.dev/accounts/osvaldodelfina02/settings/billing.- Build concurrency limit reached for your account. Build will enter queue once a concurrency becomes available. Add additional concurrencies at https://expo.dev/accounts/osvaldodelfina02/settings/billing.\ Build concurrency limit reached for your account. Build will enter queue once a concurrency becomes available. Add additional concurrencies at https://expo.dev/accounts/osvaldodelfina02/settings/billing.| Build concurrency limit reached for your account. Build will enter queue once a concurrency becomes available. Add additional concurrencies at https://expo.dev/accounts/osvaldodelfina02/settings/billing./ Build concurrency limit reached for your account. Build will enter queue once a concurrency becomes available. Add additional concurrencies at https://expo.dev/accounts/osvaldodelfina02/settings/billing.- Build concurrency limit reached for your account. Build will enter queue once a concurrency becomes available. Add additional concurrencies at https://expo.dev/accounts/osvaldodelfina02/settings/billing.\ Build concurrency limit reached for your account. Build will enter queue once a concurrency becomes available. Add additional concurrencies at https://expo.dev/accounts/osvaldodelfina02/settings/billing.| Build concurrency limit reached for your account. Build will enter queue once a concurrency becomes available. Add additional concurrencies at https://expo.dev/accounts/osvaldodelfina02/settings/billing./ Build concurrency limit reached for your account. Build will enter queue once a concurrency becomes available. Add additional concurrencies at https://expo.dev/accounts/osvaldodelfina02/settings/billing.- Build concurrency limit reached for your account. Build will enter queue once a concurrency becomes available. Add additional concurrencies at https://expo.dev/accounts/osvaldodelfina02/settings/billing.\ Build concurrency limit reached for your account. Build will enter queue once a concurrency becomes available. Add additional concurrencies at https://expo.dev/accounts/osvaldodelfina02/settings/billing.| Build concurrency limit reached for your account. Build will enter queue once a concurrency becomes available. Add additional concurrencies at https://expo.dev/accounts/osvaldodelfina02/settings/billing./ Build concurrency limit reached for your account. Build will enter queue once a concurrency becomes available. Add additional concurrencies at https://expo.dev/accounts/osvaldodelfina02/settings/billing.- Build concurrency limit reached for your account. Build will enter queue once a concurrency becomes available. Add additional concurrencies at https://expo.dev/accounts/osvaldodelfina02/settings/billing.\ Build concurrency limit reached for your account. Build will enter queue once a concurrency becomes available. Add additional concurrencies at https://expo.dev/accounts/osvaldodelfina02/settings/billing.| Build concurrency limit reached for your account. Build will enter queue once a concurrency becomes available. Add additional concurrencies at https://expo.dev/accounts/osvaldodelfina02/settings/billing./ Build concurrency limit reached for your account. Build will enter queue once a concurrency becomes available. Add additional concurrencies at https://expo.dev/accounts/osvaldodelfina02/settings/billing.- Build concurrency limit reached for your account. Build will enter queue once a concurrency becomes available. Add additional concurrencies at https://expo.dev/accounts/osvaldodelfina02/settings/billing.\ Build concurrency limit reached for your account. Build will enter queue once a concurrency becomes available. Add additional concurrencies at https://expo.dev/accounts/osvaldodelfina02/settings/billing.| Build concurrency limit reached for your account. Build will enter queue once a concurrency becomes available. Add additional concurrencies at https://expo.dev/accounts/osvaldodelfina02/settings/billing./ Build concurrency limit reached for your account. Build will enter queue once a concurrency becomes available. Add additional concurrencies at https://expo.dev/accounts/osvaldodelfina02/settings/billing.- Build concurrency limit reached for your account. Build will enter queue once a concurrency becomes available. Add additional concurrencies at https://expo.dev/accounts/osvaldodelfina02/settings/billing.\ Build concurrency limit reached for your account. Build will enter queue once a concurrency becomes available. Add additional concurrencies at https://expo.dev/accounts/osvaldodelfina02/settings/billing.| Build concurrency limit reached for your account. Build will enter queue once a concurrency becomes available. Add additional concurrencies at https://expo.dev/accounts/osvaldodelfina02/settings/billing./ Build concurrency limit reached for your account. Build will enter queue once a concurrency becomes available. Add additional concurrencies at https://expo.dev/accounts/osvaldodelfina02/settings/billing.- Build concurrency limit reached for your account. Build will enter queue once a concurrency becomes available. Add additional concurrencies at https://expo.dev/accounts/osvaldodelfina02/settings/billing.\ Build concurrency limit reached for your account. Build will enter queue once a concurrency becomes available. Add additional concurrencies at https://expo.dev/accounts/osvaldodelfina02/settings/billing.| Build concurrency limit reached for your account. Build will enter queue once a concurrency becomes available. Add additional concurrencies at https://expo.dev/accounts/osvaldodelfina02/settings/billing./ Build concurrency limit reached for your account. Build will enter queue once a concurrency becomes available. Add additional concurrencies at https://expo.dev/accounts/osvaldodelfina02/settings/billing.- Build concurrency limit reached for your account. Build will enter queue once a concurrency becomes available. Add additional concurrencies at https://expo.dev/accounts/osvaldodelfina02/settings/billing.\ Build concurrency limit reached for your account. Build will enter queue once a concurrency becomes available. Add additional concurrencies at https://expo.dev/accounts/osvaldodelfina02/settings/billing.| Build concurrency limit reached for your account. Build will enter queue once a concurrency becomes available. Add additional concurrencies at https://expo.dev/accounts/osvaldodelfina02/settings/billing./ Build concurrency limit reached for your account. Build will enter queue once a concurrency becomes available. Add additional concurrencies at https://expo.dev/accounts/osvaldodelfina02/settings/billing.- Build concurrency limit reached for your account. Build will enter queue once a concurrency becomes available. Add additional concurrencies at https://expo.dev/accounts/osvaldodelfina02/settings/billing.\ Build concurrency limit reached for your account. Build will enter queue once a concurrency becomes available. Add additional concurrencies at https://expo.dev/accounts/osvaldodelfina02/settings/billing.| Build concurrency limit reached for your account. Build will enter queue once a concurrency becomes available. Add additional concurrencies at https://expo.dev/accounts/osvaldodelfina02/settings/billing./ Build concurrency limit reached for your account. Build will enter queue once a concurrency becomes available. Add additional concurrencies at https://expo.dev/accounts/osvaldodelfina02/settings/billing.- Build concurrency limit reached for your account. Build will enter queue once a concurrency becomes available. Add additional concurrencies at https://expo.dev/accounts/osvaldodelfina02/settings/billing.\ Build concurrency limit reached for your account. Build will enter queue once a concurrency becomes available. Add additional concurrencies at https://expo.dev/accounts/osvaldodelfina02/settings/billing.| Build concurrency limit reached for your account. Build will enter queue once a concurrency becomes available. Add additional concurrencies at https://expo.dev/accounts/osvaldodelfina02/settings/billing./ Build concurrency limit reached for your account. Build will enter queue once a concurrency becomes available. Add additional concurrencies at https://expo.dev/accounts/osvaldodelfina02/settings/billing.- Build concurrency limit reached for your account. Build will enter queue once a concurrency becomes available. Add additional concurrencies at https://expo.dev/accounts/osvaldodelfina02/settings/billing.\ Build concurrency limit reached for your account. Build will enter queue once a concurrency becomes available. Add additional concurrencies at https://expo.dev/accounts/osvaldodelfina02/settings/billing.| Build concurrency limit reached for your account. Build will enter queue once a concurrency becomes available. Add additional concurrencies at https://expo.dev/accounts/osvaldodelfina02/settings/billing./ Build concurrency limit reached for your account. Build will enter queue once a concurrency becomes available. Add additional concurrencies at https://expo.dev/accounts/osvaldodelfina02/settings/billing.- Build concurrency limit reached for your account. Build will enter queue once a concurrency becomes available. Add additional concurrencies at https://expo.dev/accounts/osvaldodelfina02/settings/billing.\ Build concurrency limit reached for your account. Build will enter queue once a concurrency becomes available. Add additional concurrencies at https://expo.dev/accounts/osvaldodelfina02/settings/billing.| Build concurrency limit reached for your account. Build will enter queue once a concurrency becomes available. Add additional concurrencies at https://expo.dev/accounts/osvaldodelfina02/settings/billing./ Build concurrency limit reached for your account. Build will enter queue once a concurrency becomes available. Add additional concurrencies at https://expo.dev/accounts/osvaldodelfina02/settings/billing.- Build concurrency limit reached for your account. Build will enter queue once a concurrency becomes available. Add additional concurrencies at https://expo.dev/accounts/osvaldodelfina02/settings/billing.\ Build concurrency limit reached for your account. Build will enter queue once a concurrency becomes available. Add additional concurrencies at https://expo.dev/accounts/osvaldodelfina02/settings/billing.| Build concurrency limit reached for your account. Build will enter queue once a concurrency becomes available. Add additional concurrencies at https://expo.dev/accounts/osvaldodelfina02/settings/billing./ Build concurrency limit reached for your account. Build will enter queue once a concurrency becomes available. Add additional concurrencies at https://expo.dev/accounts/osvaldodelfina02/settings/billing.- Build concurrency limit reached for your account. Build will enter queue once a concurrency becomes available. Add additional concurrencies at https://expo.dev/accounts/osvaldodelfina02/settings/billing.\ Build concurrency limit reached for your account. Build will enter queue once a concurrency becomes available. Add additional concurrencies at https://expo.dev/accounts/osvaldodelfina02/settings/billing.| Build concurrency limit reached for your account. Build will enter queue once a concurrency becomes available. Add additional concurrencies at https://expo.dev/accounts/osvaldodelfina02/settings/billing./ Build concurrency limit reached for your account. Build will enter queue once a concurrency becomes available. Add additional concurrencies at https://expo.dev/accounts/osvaldodelfina02/settings/billing.- Build concurrency limit reached for your account. Build will enter queue once a concurrency becomes available. Add additional concurrencies at https://expo.dev/accounts/osvaldodelfina02/settings/billing.\ Build concurrency limit reached for your account. Build will enter queue once a concurrency becomes available. Add additional concurrencies at https://expo.dev/accounts/osvaldodelfina02/settings/billing.| Build concurrency limit reached for your account. Build will enter queue once a concurrency becomes available. Add additional concurrencies at https://expo.dev/accounts/osvaldodelfina02/settings/billing./ Build concurrency limit reached for your account. Build will enter queue once a concurrency becomes available. Add additional concurrencies at https://expo.dev/accounts/osvaldodelfina02/settings/billing.- Build concurrency limit reached for your account. Build will enter queue once a concurrency becomes available. Add additional concurrencies at https://expo.dev/accounts/osvaldodelfina02/settings/billing.\ Build concurrency limit reached for your account. Build will enter queue once a concurrency becomes available. Add additional concurrencies at https://expo.dev/accounts/osvaldodelfina02/settings/billing.| Build concurrency limit reached for your account. Build will enter queue once a concurrency becomes available. Add additional concurrencies at https://expo.dev/accounts/osvaldodelfina02/settings/billing./ Build concurrency limit reached for your account. Build will enter queue once a concurrency becomes available. Add additional concurrencies at https://expo.dev/accounts/osvaldodelfina02/settings/billing.- Build concurrency limit reached for your account. Build will enter queue once a concurrency becomes available. Add additional concurrencies at https://expo.dev/accounts/osvaldodelfina02/settings/billing.\ Build concurrency limit reached for your account. Build will enter queue once a concurrency becomes available. Add additional concurrencies at https://expo.dev/accounts/osvaldodelfina02/settings/billing.| Build concurrency limit reached for your account. Build will enter queue once a concurrency becomes available. Add additional concurrencies at https://expo.dev/accounts/osvaldodelfina02/settings/billing./ Build concurrency limit reached for your account. Build will enter queue once a concurrency becomes available. Add additional concurrencies at https://expo.dev/accounts/osvaldodelfina02/settings/billing.- Build concurrency limit reached for your account. Build will enter queue once a concurrency becomes available. Add additional concurrencies at https://expo.dev/accounts/osvaldodelfina02/settings/billing.\ Build concurrency limit reached for your account. Build will enter queue once a concurrency becomes available. Add additional concurrencies at https://expo.dev/accounts/osvaldodelfina02/settings/billing.| Build concurrency limit reached for your account. Build will enter queue once a concurrency becomes available. Add additional concurrencies at https://expo.dev/accounts/osvaldodelfina02/settings/billing./ Build concurrency limit reached for your account. Build will enter queue once a concurrency becomes available. Add additional concurrencies at https://expo.dev/accounts/osvaldodelfina02/settings/billing.- Build concurrency limit reached for your account. Build will enter queue once a concurrency becomes available. Add additional concurrencies at https://expo.dev/accounts/osvaldodelfina02/settings/billing.\ Build concurrency limit reached for your account. Build will enter queue once a concurrency becomes available. Add additional concurrencies at https://expo.dev/accounts/osvaldodelfina02/settings/billing.| Build concurrency limit reached for your account. Build will enter queue once a concurrency becomes available. Add additional concurrencies at https://expo.dev/accounts/osvaldodelfina02/settings/billing./ Build concurrency limit reached for your account. Build will enter queue once a concurrency becomes available. Add additional concurrencies at https://expo.dev/accounts/osvaldodelfina02/settings/billing.- Build concurrency limit reached for your account. Build will enter queue once a concurrency becomes available. Add additional concurrencies at https://expo.dev/accounts/osvaldodelfina02/settings/billing.\ Build concurrency limit reached for your account. Build will enter queue once a concurrency becomes available. Add additional concurrencies at https://expo.dev/accounts/osvaldodelfina02/settings/billing.| Build concurrency limit reached for your account. Build will enter queue once a concurrency becomes available. Add additional concurrencies at https://expo.dev/accounts/osvaldodelfina02/settings/billing./ Build concurrency limit reached for your account. Build will enter queue once a concurrency becomes available. Add additional concurrencies at https://expo.dev/accounts/osvaldodelfina02/settings/billing.- Build concurrency limit reached for your account. Build will enter queue once a concurrency becomes available. Add additional concurrencies at https://expo.dev/accounts/osvaldodelfina02/settings/billing.\ Build concurrency limit reached for your account. Build will enter queue once a concurrency becomes available. Add additional concurrencies at https://expo.dev/accounts/osvaldodelfina02/settings/billing.| Build concurrency limit reached for your account. Build will enter queue once a concurrency becomes available. Add additional concurrencies at https://expo.dev/accounts/osvaldodelfina02/settings/billing./ Build concurrency limit reached for your account. Build will enter queue once a concurrency becomes available. Add additional concurrencies at https://expo.dev/accounts/osvaldodelfina02/settings/billing.- Build concurrency limit reached for your account. Build will enter queue once a concurrency becomes available. Add additional concurrencies at https://expo.dev/accounts/osvaldodelfina02/settings/billing.\ Build concurrency limit reached for your account. Build will enter queue once a concurrency becomes available. Add additional concurrencies at https://expo.dev/accounts/osvaldodelfina02/settings/billing.| Build concurrency limit reached for your account. Build will enter queue once a concurrency becomes available. Add additional concurrencies at https://expo.dev/accounts/osvaldodelfina02/settings/billing./ Build concurrency limit reached for your account. Build will enter queue once a concurrency becomes available. Add additional concurrencies at https://expo.dev/accounts/osvaldodelfina02/settings/billing.- Build concurrency limit reached for your account. Build will enter queue once a concurrency becomes available. Add additional concurrencies at https://expo.dev/accounts/osvaldodelfina02/settings/billing.\ Build concurrency limit reached for your account. Build will enter queue once a concurrency becomes available. Add additional concurrencies at https://expo.dev/accounts/osvaldodelfina02/settings/billing.| Build concurrency limit reached for your account. Build will enter queue once a concurrency becomes available. Add additional concurrencies at https://expo.dev/accounts/osvaldodelfina02/settings/billing./ Build concurrency limit reached for your account. Build will enter queue once a concurrency becomes available. Add additional concurrencies at https://expo.dev/accounts/osvaldodelfina02/settings/billing.- Build concurrency limit reached for your account. Build will enter queue once a concurrency becomes available. Add additional concurrencies at https://expo.dev/accounts/osvaldodelfina02/settings/billing.\ Build concurrency limit reached for your account. Build will enter queue once a concurrency becomes available. Add additional concurrencies at https://expo.dev/accounts/osvaldodelfina02/settings/billing.| Build concurrency limit reached for your account. Build will enter queue once a concurrency becomes available. Add additional concurrencies at https://expo.dev/accounts/osvaldodelfina02/settings/billing./ Build concurrency limit reached for your account. Build will enter queue once a concurrency becomes available. Add additional concurrencies at https://expo.dev/accounts/osvaldodelfina02/settings/billing.- Build concurrency limit reached for your account. Build will enter queue once a concurrency becomes available. Add additional concurrencies at https://expo.dev/accounts/osvaldodelfina02/settings/billing.\ Build concurrency limit reached for your account. Build will enter queue once a concurrency becomes available. Add additional concurrencies at https://expo.dev/accounts/osvaldodelfina02/settings/billing.| Build concurrency limit reached for your account. Build will enter queue once a concurrency becomes available. Add additional concurrencies at https://expo.dev/accounts/osvaldodelfina02/settings/billing./ Build concurrency limit reached for your account. Build will enter queue once a concurrency becomes available. Add additional concurrencies at https://expo.dev/accounts/osvaldodelfina02/settings/billing.- Build concurrency limit reached for your account. Build will enter queue once a concurrency becomes available. Add additional concurrencies at https://expo.dev/accounts/osvaldodelfina02/settings/billing.\ Build concurrency limit reached for your account. Build will enter queue once a concurrency becomes available. Add additional concurrencies at https://expo.dev/accounts/osvaldodelfina02/settings/billing.| Build concurrency limit reached for your account. Build will enter queue once a concurrency becomes available. Add additional concurrencies at https://expo.dev/accounts/osvaldodelfina02/settings/billing./ Build concurrency limit reached for your account. Build will enter queue once a concurrency becomes available. Add additional concurrencies at https://expo.dev/accounts/osvaldodelfina02/settings/billing.- Build concurrency limit reached for your account. Build will enter queue once a concurrency becomes available. Add additional concurrencies at https://expo.dev/accounts/osvaldodelfina02/settings/billing.\ Build concurrency limit reached for your account. Build will enter queue once a concurrency becomes available. Add additional concurrencies at https://expo.dev/accounts/osvaldodelfina02/settings/billing.| Build concurrency limit reached for your account. Build will enter queue once a concurrency becomes available. Add additional concurrencies at https://expo.dev/accounts/osvaldodelfina02/settings/billing./ Build concurrency limit reached for your account. Build will enter queue once a concurrency becomes available. Add additional concurrencies at https://expo.dev/accounts/osvaldodelfina02/settings/billing.- Build concurrency limit reached for your account. Build will enter queue once a concurrency becomes available. Add additional concurrencies at https://expo.dev/accounts/osvaldodelfina02/settings/billing.\ Build concurrency limit reached for your account. Build will enter queue once a concurrency becomes available. Add additional concurrencies at https://expo.dev/accounts/osvaldodelfina02/settings/billing.| Build concurrency limit reached for your account. Build will enter queue once a concurrency becomes available. Add additional concurrencies at https://expo.dev/accounts/osvaldodelfina02/settings/billing./ Build concurrency limit reached for your account. Build will enter queue once a concurrency becomes available. Add additional concurrencies at https://expo.dev/accounts/osvaldodelfina02/settings/billing.- Build concurrency limit reached for your account. Build will enter queue once a concurrency becomes available. Add additional concurrencies at https://expo.dev/accounts/osvaldodelfina02/settings/billing.\ Build concurrency limit reached for your account. Build will enter queue once a concurrency becomes available. Add additional concurrencies at https://expo.dev/accounts/osvaldodelfina02/settings/billing.| Build concurrency limit reached for your account. Build will enter queue once a concurrency becomes available. Add additional concurrencies at https://expo.dev/accounts/osvaldodelfina02/settings/billing./ Build concurrency limit reached for your account. Build will enter queue once a concurrency becomes available. Add additional concurrencies at https://expo.dev/accounts/osvaldodelfina02/settings/billing.- Build concurrency limit reached for your account. Build will enter queue once a concurrency becomes available. Add additional concurrencies at https://expo.dev/accounts/osvaldodelfina02/settings/billing.\ Build concurrency limit reached for your account. Build will enter queue once a concurrency becomes available. Add additional concurrencies at https://expo.dev/accounts/osvaldodelfina02/settings/billing.| Build concurrency limit reached for your account. Build will enter queue once a concurrency becomes available. Add additional concurrencies at https://expo.dev/accounts/osvaldodelfina02/settings/billing./ Build concurrency limit reached for your account. Build will enter queue once a concurrency becomes available. Add additional concurrencies at https://expo.dev/accounts/osvaldodelfina02/settings/billing.- Build concurrency limit reached for your account. Build will enter queue once a concurrency becomes available. Add additional concurrencies at https://expo.dev/accounts/osvaldodelfina02/settings/billing.\ Build concurrency limit reached for your account. Build will enter queue once a concurrency becomes available. Add additional concurrencies at https://expo.dev/accounts/osvaldodelfina02/settings/billing.| Build concurrency limit reached for your account. Build will enter queue once a concurrency becomes available. Add additional concurrencies at https://expo.dev/accounts/osvaldodelfina02/settings/billing./ Build concurrency limit reached for your account. Build will enter queue once a concurrency becomes available. Add additional concurrencies at https://expo.dev/accounts/osvaldodelfina02/settings/billing.- Build concurrency limit reached for your account. Build will enter queue once a concurrency becomes available. Add additional concurrencies at https://expo.dev/accounts/osvaldodelfina02/settings/billing.\ Build concurrency limit reached for your account. Build will enter queue once a concurrency becomes available. Add additional concurrencies at https://expo.dev/accounts/osvaldodelfina02/settings/billing.| Build concurrency limit reached for your account. Build will enter queue once a concurrency becomes available. Add additional concurrencies at https://expo.dev/accounts/osvaldodelfina02/settings/billing./ Build concurrency limit reached for your account. Build will enter queue once a concurrency becomes available. Add additional concurrencies at https://expo.dev/accounts/osvaldodelfina02/settings/billing.- Build concurrency limit reached for your account. Build will enter queue once a concurrency becomes available. Add additional concurrencies at https://expo.dev/accounts/osvaldodelfina02/settings/billing.\ Build concurrency limit reached for your account. Build will enter queue once a concurrency becomes available. Add additional concurrencies at https://expo.dev/accounts/osvaldodelfina02/settings/billing.| Build concurrency limit reached for your account. Build will enter queue once a concurrency becomes available. Add additional concurrencies at https://expo.dev/accounts/osvaldodelfina02/settings/billing./ Build concurrency limit reached for your account. Build will enter queue once a concurrency becomes available. Add additional concurrencies at https://expo.dev/accounts/osvaldodelfina02/settings/billing.- Build concurrency limit reached for your account. Build will enter queue once a concurrency becomes available. Add additional concurrencies at https://expo.dev/accounts/osvaldodelfina02/settings/billing.\ Build concurrency limit reached for your account. Build will enter queue once a concurrency becomes available. Add additional concurrencies at https://expo.dev/accounts/osvaldodelfina02/settings/billing.| Build concurrency limit reached for your account. Build will enter queue once a concurrency becomes available. Add additional concurrencies at https://expo.dev/accounts/osvaldodelfina02/settings/billing./ Build concurrency limit reached for your account. Build will enter queue once a concurrency becomes available. Add additional concurrencies at https://expo.dev/accounts/osvaldodelfina02/settings/billing.- Build concurrency limit reached for your account. Build will enter queue once a concurrency becomes available. Add additional concurrencies at https://expo.dev/accounts/osvaldodelfina02/settings/billing.\ Build concurrency limit reached for your account. Build will enter queue once a concurrency becomes available. Add additional concurrencies at https://expo.dev/accounts/osvaldodelfina02/settings/billing.| Build concurrency limit reached for your account. Build will enter queue once a concurrency becomes available. Add additional concurrencies at https://expo.dev/accounts/osvaldodelfina02/settings/billing./ Build concurrency limit reached for your account. Build will enter queue once a concurrency becomes available. Add additional concurrencies at https://expo.dev/accounts/osvaldodelfina02/settings/billing.- Build concurrency limit reached for your account. Build will enter queue once a concurrency becomes available. Add additional concurrencies at https://expo.dev/accounts/osvaldodelfina02/settings/billing.\ Build concurrency limit reached for your account. Build will enter queue once a concurrency becomes available. Add additional concurrencies at https://expo.dev/accounts/osvaldodelfina02/settings/billing.| Build concurrency limit reached for your account. Build will enter queue once a concurrency becomes available. Add additional concurrencies at https://expo.dev/accounts/osvaldodelfina02/settings/billing./ Build concurrency limit reached for your account. Build will enter queue once a concurrency becomes available. Add additional concurrencies at https://expo.dev/accounts/osvaldodelfina02/settings/billing.- Build concurrency limit reached for your account. Build will enter queue once a concurrency becomes available. Add additional concurrencies at https://expo.dev/accounts/osvaldodelfina02/settings/billing.\ Build concurrency limit reached for your account. Build will enter queue once a concurrency becomes available. Add additional concurrencies at https://expo.dev/accounts/osvaldodelfina02/settings/billing.| Build concurrency limit reached for your account. Build will enter queue once a concurrency becomes available. Add additional concurrencies at https://expo.dev/accounts/osvaldodelfina02/settings/billing./ Build concurrency limit reached for your account. Build will enter queue once a concurrency becomes available. Add additional concurrencies at https://expo.dev/accounts/osvaldodelfina02/settings/billing.- Build concurrency limit reached for your account. Build will enter queue once a concurrency becomes available. Add additional concurrencies at https://expo.dev/accounts/osvaldodelfina02/settings/billing.\ Build concurrency limit reached for your account. Build will enter queue once a concurrency becomes available. Add additional concurrencies at https://expo.dev/accounts/osvaldodelfina02/settings/billing.| Build concurrency limit reached for your account. Build will enter queue once a concurrency becomes available. Add additional concurrencies at https://expo.dev/accounts/osvaldodelfina02/settings/billing./ Build concurrency limit reached for your account. Build will enter queue once a concurrency becomes available. Add additional concurrencies at https://expo.dev/accounts/osvaldodelfina02/settings/billing.- Build concurrency limit reached for your account. Build will enter queue once a concurrency becomes available. Add additional concurrencies at https://expo.dev/accounts/osvaldodelfina02/settings/billing.\ Build concurrency limit reached for your account. Build will enter queue once a concurrency becomes available. Add additional concurrencies at https://expo.dev/accounts/osvaldodelfina02/settings/billing.| Build concurrency limit reached for your account. Build will enter queue once a concurrency becomes available. Add additional concurrencies at https://expo.dev/accounts/osvaldodelfina02/settings/billing./ Build concurrency limit reached for your account. Build will enter queue once a concurrency becomes available. Add additional concurrencies at https://expo.dev/accounts/osvaldodelfina02/settings/billing.- Build concurrency limit reached for your account. Build will enter queue once a concurrency becomes available. Add additional concurrencies at https://expo.dev/accounts/osvaldodelfina02/settings/billing.\ Build concurrency limit reached for your account. Build will enter queue once a concurrency becomes available. Add additional concurrencies at https://expo.dev/accounts/osvaldodelfina02/settings/billing.| Build concurrency limit reached for your account. Build will enter queue once a concurrency becomes available. Add additional concurrencies at https://expo.dev/accounts/osvaldodelfina02/settings/billing./ Build concurrency limit reached for your account. Build will enter queue once a concurrency becomes available. Add additional concurrencies at https://expo.dev/accounts/osvaldodelfina02/settings/billing.- Build concurrency limit reached for your account. Build will enter queue once a concurrency becomes available. Add additional concurrencies at https://expo.dev/accounts/osvaldodelfina02/settings/billing.\ Build concurrency limit reached for your account. Build will enter queue once a concurrency becomes available. Add additional concurrencies at https://expo.dev/accounts/osvaldodelfina02/settings/billing.| Build concurrency limit reached for your account. Build will enter queue once a concurrency becomes available. Add additional concurrencies at https://expo.dev/accounts/osvaldodelfina02/settings/billing./ Build concurrency limit reached for your account. Build will enter queue once a concurrency becomes available. Add additional concurrencies at https://expo.dev/accounts/osvaldodelfina02/settings/billing.- Build concurrency limit reached for your account. Build will enter queue once a concurrency becomes available. Add additional concurrencies at https://expo.dev/accounts/osvaldodelfina02/settings/billing.\ Build concurrency limit reached for your account. Build will enter queue once a concurrency becomes available. Add additional concurrencies at https://expo.dev/accounts/osvaldodelfina02/settings/billing.| Build concurrency limit reached for your account. Build will enter queue once a concurrency becomes available. Add additional concurrencies at https://expo.dev/accounts/osvaldodelfina02/settings/billing./ Build concurrency limit reached for your account. Build will enter queue once a concurrency becomes available. Add additional concurrencies at https://expo.dev/accounts/osvaldodelfina02/settings/billing.- Build concurrency limit reached for your account. Build will enter queue once a concurrency becomes available. Add additional concurrencies at https://expo.dev/accounts/osvaldodelfina02/settings/billing.\ Build concurrency limit reached for your account. Build will enter queue once a concurrency becomes available. Add additional concurrencies at https://expo.dev/accounts/osvaldodelfina02/settings/billing.| Build concurrency limit reached for your account. Build will enter queue once a concurrency becomes available. Add additional concurrencies at https://expo.dev/accounts/osvaldodelfina02/settings/billing./ Build concurrency limit reached for your account. Build will enter queue once a concurrency becomes available. Add additional concurrencies at https://expo.dev/accounts/osvaldodelfina02/settings/billing.- Build concurrency limit reached for your account. Build will enter queue once a concurrency becomes available. Add additional concurrencies at https://expo.dev/accounts/osvaldodelfina02/settings/billing.\ Build concurrency limit reached for your account. Build will enter queue once a concurrency becomes available. Add additional concurrencies at https://expo.dev/accounts/osvaldodelfina02/settings/billing.| Build concurrency limit reached for your account. Build will enter queue once a concurrency becomes available. Add additional concurrencies at https://expo.dev/accounts/osvaldodelfina02/settings/billing./ Build concurrency limit reached for your account. Build will enter queue once a concurrency becomes available. Add additional concurrencies at https://expo.dev/accounts/osvaldodelfina02/settings/billing.- Build concurrency limit reached for your account. Build will enter queue once a concurrency becomes available. Add additional concurrencies at https://expo.dev/accounts/osvaldodelfina02/settings/billing.\ Build concurrency limit reached for your account. Build will enter queue once a concurrency becomes available. Add additional concurrencies at https://expo.dev/accounts/osvaldodelfina02/settings/billing.| Build concurrency limit reached for your account. Build will enter queue once a concurrency becomes available. Add additional concurrencies at https://expo.dev/accounts/osvaldodelfina02/settings/billing./ Build concurrency limit reached for your account. Build will enter queue once a concurrency becomes available. Add additional concurrencies at https://expo.dev/accounts/osvaldodelfina02/settings/billing.- Build concurrency limit reached for your account. Build will enter queue once a concurrency becomes available. Add additional concurrencies at https://expo.dev/accounts/osvaldodelfina02/settings/billing.\ Build concurrency limit reached for your account. Build will enter queue once a concurrency becomes available. Add additional concurrencies at https://expo.dev/accounts/osvaldodelfina02/settings/billing.| Build concurrency limit reached for your account. Build will enter queue once a concurrency becomes available. Add additional concurrencies at https://expo.dev/accounts/osvaldodelfina02/settings/billing./ Build concurrency limit reached for your account. Build will enter queue once a concurrency becomes available. Add additional concurrencies at https://expo.dev/accounts/osvaldodelfina02/settings/billing.- Build concurrency limit reached for your account. Build will enter queue once a concurrency becomes available. Add additional concurrencies at https://expo.dev/accounts/osvaldodelfina02/settings/billing.\ Build concurrency limit reached for your account. Build will enter queue once a concurrency becomes available. Add additional concurrencies at https://expo.dev/accounts/osvaldodelfina02/settings/billing.| Build concurrency limit reached for your account. Build will enter queue once a concurrency becomes available. Add additional concurrencies at https://expo.dev/accounts/osvaldodelfina02/settings/billing./ Build concurrency limit reached for your account. Build will enter queue once a concurrency becomes available. Add additional concurrencies at https://expo.dev/accounts/osvaldodelfina02/settings/billing.- Build concurrency limit reached for your account. Build will enter queue once a concurrency becomes available. Add additional concurrencies at https://expo.dev/accounts/osvaldodelfina02/settings/billing.\ Build concurrency limit reached for your account. Build will enter queue once a concurrency becomes available. Add additional concurrencies at https://expo.dev/accounts/osvaldodelfina02/settings/billing.| Build concurrency limit reached for your account. Build will enter queue once a concurrency becomes available. Add additional concurrencies at https://expo.dev/accounts/osvaldodelfina02/settings/billing./ Build concurrency limit reached for your account. Build will enter queue once a concurrency becomes available. Add additional concurrencies at https://expo.dev/accounts/osvaldodelfina02/settings/billing.- Build concurrency limit reached for your account. Build will enter queue once a concurrency becomes available. Add additional concurrencies at https://expo.dev/accounts/osvaldodelfina02/settings/billing.\ Build concurrency limit reached for your account. Build will enter queue once a concurrency becomes available. Add additional concurrencies at https://expo.dev/accounts/osvaldodelfina02/settings/billing.| Build concurrency limit reached for your account. Build will enter queue once a concurrency becomes available. Add additional concurrencies at https://expo.dev/accounts/osvaldodelfina02/settings/billing./ Build concurrency limit reached for your account. Build will enter queue once a concurrency becomes available. Add additional concurrencies at https://expo.dev/accounts/osvaldodelfina02/settings/billing.- Build concurrency limit reached for your account. Build will enter queue once a concurrency becomes available. Add additional concurrencies at https://expo.dev/accounts/osvaldodelfina02/settings/billing.\ Build concurrency limit reached for your account. Build will enter queue once a concurrency becomes available. Add additional concurrencies at https://expo.dev/accounts/osvaldodelfina02/settings/billing.| Build concurrency limit reached for your account. Build will enter queue once a concurrency becomes available. Add additional concurrencies at https://expo.dev/accounts/osvaldodelfina02/settings/billing./ Build concurrency limit reached for your account. Build will enter queue once a concurrency becomes available. Add additional concurrencies at https://expo.dev/accounts/osvaldodelfina02/settings/billing.- Build concurrency limit reached for your account. Build will enter queue once a concurrency becomes available. Add additional concurrencies at https://expo.dev/accounts/osvaldodelfina02/settings/billing.\ Build concurrency limit reached for your account. Build will enter queue once a concurrency becomes available. Add additional concurrencies at https://expo.dev/accounts/osvaldodelfina02/settings/billing.| Build concurrency limit reached for your account. Build will enter queue once a concurrency becomes available. Add additional concurrencies at https://expo.dev/accounts/osvaldodelfina02/settings/billing./ Build concurrency limit reached for your account. Build will enter queue once a concurrency becomes available. Add additional concurrencies at https://expo.dev/accounts/osvaldodelfina02/settings/billing.- Build concurrency limit reached for your account. Build will enter queue once a concurrency becomes available. Add additional concurrencies at https://expo.dev/accounts/osvaldodelfina02/settings/billing.\ Build concurrency limit reached for your account. Build will enter queue once a concurrency becomes available. Add additional concurrencies at https://expo.dev/accounts/osvaldodelfina02/settings/billing.| Build concurrency limit reached for your account. Build will enter queue once a concurrency becomes available. Add additional concurrencies at https://expo.dev/accounts/osvaldodelfina02/settings/billing./ Build concurrency limit reached for your account. Build will enter queue once a concurrency becomes available. Add additional concurrencies at https://expo.dev/accounts/osvaldodelfina02/settings/billing.- Build concurrency limit reached for your account. Build will enter queue once a concurrency becomes available. Add additional concurrencies at https://expo.dev/accounts/osvaldodelfina02/settings/billing.\ Build concurrency limit reached for your account. Build will enter queue once a concurrency becomes available. Add additional concurrencies at https://expo.dev/accounts/osvaldodelfina02/settings/billing.| Build concurrency limit reached for your account. Build will enter queue once a concurrency becomes available. Add additional concurrencies at https://expo.dev/accounts/osvaldodelfina02/settings/billing./ Build concurrency limit reached for your account. Build will enter queue once a concurrency becomes available. Add additional concurrencies at https://expo.dev/accounts/osvaldodelfina02/settings/billing.- Build concurrency limit reached for your account. Build will enter queue once a concurrency becomes available. Add additional concurrencies at https://expo.dev/accounts/osvaldodelfina02/settings/billing.\ Build concurrency limit reached for your account. Build will enter queue once a concurrency becomes available. Add additional concurrencies at https://expo.dev/accounts/osvaldodelfina02/settings/billing.| Build concurrency limit reached for your account. Build will enter queue once a concurrency becomes available. Add additional concurrencies at https://expo.dev/accounts/osvaldodelfina02/settings/billing./ Build concurrency limit reached for your account. Build will enter queue once a concurrency becomes available. Add additional concurrencies at https://expo.dev/accounts/osvaldodelfina02/settings/billing.- Build concurrency limit reached for your account. Build will enter queue once a concurrency becomes available. Add additional concurrencies at https://expo.dev/accounts/osvaldodelfina02/settings/billing.\ Build concurrency limit reached for your account. Build will enter queue once a concurrency becomes available. Add additional concurrencies at https://expo.dev/accounts/osvaldodelfina02/settings/billing.| Build concurrency limit reached for your account. Build will enter queue once a concurrency becomes available. Add additional concurrencies at https://expo.dev/accounts/osvaldodelfina02/settings/billing./ Build concurrency limit reached for your account. Build will enter queue once a concurrency becomes available. Add additional concurrencies at https://expo.dev/accounts/osvaldodelfina02/settings/billing.- Build concurrency limit reached for your account. Build will enter queue once a concurrency becomes available. Add additional concurrencies at https://expo.dev/accounts/osvaldodelfina02/settings/billing.\ Build concurrency limit reached for your account. Build will enter queue once a concurrency becomes available. Add additional concurrencies at https://expo.dev/accounts/osvaldodelfina02/settings/billing.| Build concurrency limit reached for your account. Build will enter queue once a concurrency becomes available. Add additional concurrencies at https://expo.dev/accounts/osvaldodelfina02/settings/billing./ Build concurrency limit reached for your account. Build will enter queue once a concurrency becomes available. Add additional concurrencies at https://expo.dev/accounts/osvaldodelfina02/settings/billing.- Build concurrency limit reached for your account. Build will enter queue once a concurrency becomes available. Add additional concurrencies at https://expo.dev/accounts/osvaldodelfina02/settings/billing.\ Build concurrency limit reached for your account. Build will enter queue once a concurrency becomes available. Add additional concurrencies at https://expo.dev/accounts/osvaldodelfina02/settings/billing.| Build concurrency limit reached for your account. Build will enter queue once a concurrency becomes available. Add additional concurrencies at https://expo.dev/accounts/osvaldodelfina02/settings/billing./ Build concurrency limit reached for your account. Build will enter queue once a concurrency becomes available. Add additional concurrencies at https://expo.dev/accounts/osvaldodelfina02/settings/billing.- Build concurrency limit reached for your account. Build will enter queue once a concurrency becomes available. Add additional concurrencies at https://expo.dev/accounts/osvaldodelfina02/settings/billing.\ Build concurrency limit reached for your account. Build will enter queue once a concurrency becomes available. Add additional concurrencies at https://expo.dev/accounts/osvaldodelfina02/settings/billing.| Build concurrency limit reached for your account. Build will enter queue once a concurrency becomes available. Add additional concurrencies at https://expo.dev/accounts/osvaldodelfina02/settings/billing./ Build concurrency limit reached for your account. Build will enter queue once a concurrency becomes available. Add additional concurrencies at https://expo.dev/accounts/osvaldodelfina02/settings/billing.- Build concurrency limit reached for your account. Build will enter queue once a concurrency becomes available. Add additional concurrencies at https://expo.dev/accounts/osvaldodelfina02/settings/billing.\ Build concurrency limit reached for your account. Build will enter queue once a concurrency becomes available. Add additional concurrencies at https://expo.dev/accounts/osvaldodelfina02/settings/billing.| Build concurrency limit reached for your account. Build will enter queue once a concurrency becomes available. Add additional concurrencies at https://expo.dev/accounts/osvaldodelfina02/settings/billing./ Build concurrency limit reached for your account. Build will enter queue once a concurrency becomes available. Add additional concurrencies at https://expo.dev/accounts/osvaldodelfina02/settings/billing.- Build concurrency limit reached for your account. Build will enter queue once a concurrency becomes available. Add additional concurrencies at https://expo.dev/accounts/osvaldodelfina02/settings/billing.\ Build concurrency limit reached for your account. Build will enter queue once a concurrency becomes available. Add additional concurrencies at https://expo.dev/accounts/osvaldodelfina02/settings/billing.| Build concurrency limit reached for your account. Build will enter queue once a concurrency becomes available. Add additional concurrencies at https://expo.dev/accounts/osvaldodelfina02/settings/billing./ Build concurrency limit reached for your account. Build will enter queue once a concurrency becomes available. Add additional concurrencies at https://expo.dev/accounts/osvaldodelfina02/settings/billing.- Build concurrency limit reached for your account. Build will enter queue once a concurrency becomes available. Add additional concurrencies at https://expo.dev/accounts/osvaldodelfina02/settings/billing.\ Build concurrency limit reached for your account. Build will enter queue once a concurrency becomes available. Add additional concurrencies at https://expo.dev/accounts/osvaldodelfina02/settings/billing.| Build concurrency limit reached for your account. Build will enter queue once a concurrency becomes available. Add additional concurrencies at https://expo.dev/accounts/osvaldodelfina02/settings/billing./ Build concurrency limit reached for your account. Build will enter queue once a concurrency becomes available. Add additional concurrencies at https://expo.dev/accounts/osvaldodelfina02/settings/billing.- Build concurrency limit reached for your account. Build will enter queue once a concurrency becomes available. Add additional concurrencies at https://expo.dev/accounts/osvaldodelfina02/settings/billing.\ Build concurrency limit reached for your account. Build will enter queue once a concurrency becomes available. Add additional concurrencies at https://expo.dev/accounts/osvaldodelfina02/settings/billing.| Build concurrency limit reached for your account. Build will enter queue once a concurrency becomes available. Add additional concurrencies at https://expo.dev/accounts/osvaldodelfina02/settings/billing./ Build concurrency limit reached for your account. Build will enter queue once a concurrency becomes available. Add additional concurrencies at https://expo.dev/accounts/osvaldodelfina02/settings/billing.- Build concurrency limit reached for your account. Build will enter queue once a concurrency becomes available. Add additional concurrencies at https://expo.dev/accounts/osvaldodelfina02/settings/billing.\ Build concurrency limit reached for your account. Build will enter queue once a concurrency becomes available. Add additional concurrencies at https://expo.dev/accounts/osvaldodelfina02/settings/billing.| Build concurrency limit reached for your account. Build will enter queue once a concurrency becomes available. Add additional concurrencies at https://expo.dev/accounts/osvaldodelfina02/settings/billing./ Build concurrency limit reached for your account. Build will enter queue once a concurrency becomes available. Add additional concurrencies at https://expo.dev/accounts/osvaldodelfina02/settings/billing.- Build concurrency limit reached for your account. Build will enter queue once a concurrency becomes available. Add additional concurrencies at https://expo.dev/accounts/osvaldodelfina02/settings/billing.\ Build concurrency limit reached for your account. Build will enter queue once a concurrency becomes available. Add additional concurrencies at https://expo.dev/accounts/osvaldodelfina02/settings/billing.| Build concurrency limit reached for your account. Build will enter queue once a concurrency becomes available. Add additional concurrencies at https://expo.dev/accounts/osvaldodelfina02/settings/billing./ Build concurrency limit reached for your account. Build will enter queue once a concurrency becomes available. Add additional concurrencies at https://expo.dev/accounts/osvaldodelfina02/settings/billing.- Build concurrency limit reached for your account. Build will enter queue once a concurrency becomes available. Add additional concurrencies at https://expo.dev/accounts/osvaldodelfina02/settings/billing.\ Build concurrency limit reached for your account. Build will enter queue once a concurrency becomes available. Add additional concurrencies at https://expo.dev/accounts/osvaldodelfina02/settings/billing.| Build concurrency limit reached for your account. Build will enter queue once a concurrency becomes available. Add additional concurrencies at https://expo.dev/accounts/osvaldodelfina02/settings/billing./ Build concurrency limit reached for your account. Build will enter queue once a concurrency becomes available. Add additional concurrencies at https://expo.dev/accounts/osvaldodelfina02/settings/billing.- Build concurrency limit reached for your account. Build will enter queue once a concurrency becomes available. Add additional concurrencies at https://expo.dev/accounts/osvaldodelfina02/settings/billing.\ Build concurrency limit reached for your account. Build will enter queue once a concurrency becomes available. Add additional concurrencies at https://expo.dev/accounts/osvaldodelfina02/settings/billing.| Build concurrency limit reached for your account. Build will enter queue once a concurrency becomes available. Add additional concurrencies at https://expo.dev/accounts/osvaldodelfina02/settings/billing./ Build concurrency limit reached for your account. Build will enter queue once a concurrency becomes available. Add additional concurrencies at https://expo.dev/accounts/osvaldodelfina02/settings/billing.- Build concurrency limit reached for your account. Build will enter queue once a concurrency becomes available. Add additional concurrencies at https://expo.dev/accounts/osvaldodelfina02/settings/billing.\ Build concurrency limit reached for your account. Build will enter queue once a concurrency becomes available. Add additional concurrencies at https://expo.dev/accounts/osvaldodelfina02/settings/billing.| Build concurrency limit reached for your account. Build will enter queue once a concurrency becomes available. Add additional concurrencies at https://expo.dev/accounts/osvaldodelfina02/settings/billing./ Build concurrency limit reached for your account. Build will enter queue once a concurrency becomes available. Add additional concurrencies at https://expo.dev/accounts/osvaldodelfina02/settings/billing.- Build concurrency limit reached for your account. Build will enter queue once a concurrency becomes available. Add additional concurrencies at https://expo.dev/accounts/osvaldodelfina02/settings/billing.\ Build concurrency limit reached for your account. Build will enter queue once a concurrency becomes available. Add additional concurrencies at https://expo.dev/accounts/osvaldodelfina02/settings/billing.| Build concurrency limit reached for your account. Build will enter queue once a concurrency becomes available. Add additional concurrencies at https://expo.dev/accounts/osvaldodelfina02/settings/billing./ Build concurrency limit reached for your account. Build will enter queue once a concurrency becomes available. Add additional concurrencies at https://expo.dev/accounts/osvaldodelfina02/settings/billing.- Build concurrency limit reached for your account. Build will enter queue once a concurrency becomes available. Add additional concurrencies at https://expo.dev/accounts/osvaldodelfina02/settings/billing.\ Build concurrency limit reached for your account. Build will enter queue once a concurrency becomes available. Add additional concurrencies at https://expo.dev/accounts/osvaldodelfina02/settings/billing.| Build concurrency limit reached for your account. Build will enter queue once a concurrency becomes available. Add additional concurrencies at https://expo.dev/accounts/osvaldodelfina02/settings/billing./ Build concurrency limit reached for your account. Build will enter queue once a concurrency becomes available. Add additional concurrencies at https://expo.dev/accounts/osvaldodelfina02/settings/billing.- Build concurrency limit reached for your account. Build will enter queue once a concurrency becomes available. Add additional concurrencies at https://expo.dev/accounts/osvaldodelfina02/settings/billing.\ Build concurrency limit reached for your account. Build will enter queue once a concurrency becomes available. Add additional concurrencies at https://expo.dev/accounts/osvaldodelfina02/settings/billing.| Build concurrency limit reached for your account. Build will enter queue once a concurrency becomes available. Add additional concurrencies at https://expo.dev/accounts/osvaldodelfina02/settings/billing./ Build concurrency limit reached for your account. Build will enter queue once a concurrency becomes available. Add additional concurrencies at https://expo.dev/accounts/osvaldodelfina02/settings/billing.- Build concurrency limit reached for your account. Build will enter queue once a concurrency becomes available. Add additional concurrencies at https://expo.dev/accounts/osvaldodelfina02/settings/billing.\ Build concurrency limit reached for your account. Build will enter queue once a concurrency becomes available. Add additional concurrencies at https://expo.dev/accounts/osvaldodelfina02/settings/billing.| Build concurrency limit reached for your account. Build will enter queue once a concurrency becomes available. Add additional concurrencies at https://expo.dev/accounts/osvaldodelfina02/settings/billing./ Build concurrency limit reached for your account. Build will enter queue once a concurrency becomes available. Add additional concurrencies at https://expo.dev/accounts/osvaldodelfina02/settings/billing.- Build concurrency limit reached for your account. Build will enter queue once a concurrency becomes available. Add additional concurrencies at https://expo.dev/accounts/osvaldodelfina02/settings/billing.\ Build concurrency limit reached for your account. Build will enter queue once a concurrency becomes available. Add additional concurrencies at https://expo.dev/accounts/osvaldodelfina02/settings/billing.| Build concurrency limit reached for your account. Build will enter queue once a concurrency becomes available. Add additional concurrencies at https://expo.dev/accounts/osvaldodelfina02/settings/billing./ Build concurrency limit reached for your account. Build will enter queue once a concurrency becomes available. Add additional concurrencies at https://expo.dev/accounts/osvaldodelfina02/settings/billing.- Build concurrency limit reached for your account. Build will enter queue once a concurrency becomes available. Add additional concurrencies at https://expo.dev/accounts/osvaldodelfina02/settings/billing.\ Build concurrency limit reached for your account. Build will enter queue once a concurrency becomes available. Add additional concurrencies at https://expo.dev/accounts/osvaldodelfina02/settings/billing.| Build concurrency limit reached for your account. Build will enter queue once a concurrency becomes available. Add additional concurrencies at https://expo.dev/accounts/osvaldodelfina02/settings/billing./ Build concurrency limit reached for your account. Build will enter queue once a concurrency becomes available. Add additional concurrencies at https://expo.dev/accounts/osvaldodelfina02/settings/billing.- Build concurrency limit reached for your account. Build will enter queue once a concurrency becomes available. Add additional concurrencies at https://expo.dev/accounts/osvaldodelfina02/settings/billing.\ Build concurrency limit reached for your account. Build will enter queue once a concurrency becomes available. Add additional concurrencies at https://expo.dev/accounts/osvaldodelfina02/settings/billing.| Build concurrency limit reached for your account. Build will enter queue once a concurrency becomes available. Add additional concurrencies at https://expo.dev/accounts/osvaldodelfina02/settings/billing./ Build concurrency limit reached for your account. Build will enter queue once a concurrency becomes available. Add additional concurrencies at https://expo.dev/accounts/osvaldodelfina02/settings/billing.- Build concurrency limit reached for your account. Build will enter queue once a concurrency becomes available. Add additional concurrencies at https://expo.dev/accounts/osvaldodelfina02/settings/billing.\ Build concurrency limit reached for your account. Build will enter queue once a concurrency becomes available. Add additional concurrencies at https://expo.dev/accounts/osvaldodelfina02/settings/billing.| Build concurrency limit reached for your account. Build will enter queue once a concurrency becomes available. Add additional concurrencies at https://expo.dev/accounts/osvaldodelfina02/settings/billing./ Build concurrency limit reached for your account. Build will enter queue once a concurrency becomes available. Add additional concurrencies at https://expo.dev/accounts/osvaldodelfina02/settings/billing.- Build concurrency limit reached for your account. Build will enter queue once a concurrency becomes available. Add additional concurrencies at https://expo.dev/accounts/osvaldodelfina02/settings/billing.\ Build concurrency limit reached for your account. Build will enter queue once a concurrency becomes available. Add additional concurrencies at https://expo.dev/accounts/osvaldodelfina02/settings/billing.| Build concurrency limit reached for your account. Build will enter queue once a concurrency becomes available. Add additional concurrencies at https://expo.dev/accounts/osvaldodelfina02/settings/billing./ Build concurrency limit reached for your account. Build will enter queue once a concurrency becomes available. Add additional concurrencies at https://expo.dev/accounts/osvaldodelfina02/settings/billing.- Build concurrency limit reached for your account. Build will enter queue once a concurrency becomes available. Add additional concurrencies at https://expo.dev/accounts/osvaldodelfina02/settings/billing.\ Build concurrency limit reached for your account. Build will enter queue once a concurrency becomes available. Add additional concurrencies at https://expo.dev/accounts/osvaldodelfina02/settings/billing.| Build concurrency limit reached for your account. Build will enter queue once a concurrency becomes available. Add additional concurrencies at https://expo.dev/accounts/osvaldodelfina02/settings/billing./ Build concurrency limit reached for your account. Build will enter queue once a concurrency becomes available. Add additional concurrencies at https://expo.dev/accounts/osvaldodelfina02/settings/billing.- Build concurrency limit reached for your account. Build will enter queue once a concurrency becomes available. Add additional concurrencies at https://expo.dev/accounts/osvaldodelfina02/settings/billing.\ Build concurrency limit reached for your account. Build will enter queue once a concurrency becomes available. Add additional concurrencies at https://expo.dev/accounts/osvaldodelfina02/settings/billing.| Build concurrency limit reached for your account. Build will enter queue once a concurrency becomes available. Add additional concurrencies at https://expo.dev/accounts/osvaldodelfina02/settings/billing./ Build concurrency limit reached for your account. Build will enter queue once a concurrency becomes available. Add additional concurrencies at https://expo.dev/accounts/osvaldodelfina02/settings/billing.- Build concurrency limit reached for your account. Build will enter queue once a concurrency becomes available. Add additional concurrencies at https://expo.dev/accounts/osvaldodelfina02/settings/billing.\ Build concurrency limit reached for your account. Build will enter queue once a concurrency becomes available. Add additional concurrencies at https://expo.dev/accounts/osvaldodelfina02/settings/billing.| Build concurrency limit reached for your account. Build will enter queue once a concurrency becomes available. Add additional concurrencies at https://expo.dev/accounts/osvaldodelfina02/settings/billing./ Build concurrency limit reached for your account. Build will enter queue once a concurrency becomes available. Add additional concurrencies at https://expo.dev/accounts/osvaldodelfina02/settings/billing.- Build concurrency limit reached for your account. Build will enter queue once a concurrency becomes available. Add additional concurrencies at https://expo.dev/accounts/osvaldodelfina02/settings/billing.\ Build concurrency limit reached for your account. Build will enter queue once a concurrency becomes available. Add additional concurrencies at https://expo.dev/accounts/osvaldodelfina02/settings/billing.| Build concurrency limit reached for your account. Build will enter queue once a concurrency becomes available. Add additional concurrencies at https://expo.dev/accounts/osvaldodelfina02/settings/billing./ Build concurrency limit reached for your account. Build will enter queue once a concurrency becomes available. Add additional concurrencies at https://expo.dev/accounts/osvaldodelfina02/settings/billing.- Build concurrency limit reached for your account. Build will enter queue once a concurrency becomes available. Add additional concurrencies at https://expo.dev/accounts/osvaldodelfina02/settings/billing.\ Build concurrency limit reached for your account. Build will enter queue once a concurrency becomes available. Add additional concurrencies at https://expo.dev/accounts/osvaldodelfina02/settings/billing.| Build concurrency limit reached for your account. Build will enter queue once a concurrency becomes available. Add additional concurrencies at https://expo.dev/accounts/osvaldodelfina02/settings/billing./ Build concurrency limit reached for your account. Build will enter queue once a concurrency becomes available. Add additional concurrencies at https://expo.dev/accounts/osvaldodelfina02/settings/billing.- Build concurrency limit reached for your account. Build will enter queue once a concurrency becomes available. Add additional concurrencies at https://expo.dev/accounts/osvaldodelfina02/settings/billing.\ Build concurrency limit reached for your account. Build will enter queue once a concurrency becomes available. Add additional concurrencies at https://expo.dev/accounts/osvaldodelfina02/settings/billing.| Build concurrency limit reached for your account. Build will enter queue once a concurrency becomes available. Add additional concurrencies at https://expo.dev/accounts/osvaldodelfina02/settings/billing./ Build concurrency limit reached for your account. Build will enter queue once a concurrency becomes available. Add additional concurrencies at https://expo.dev/accounts/osvaldodelfina02/settings/billing.- Build concurrency limit reached for your account. Build will enter queue once a concurrency becomes available. Add additional concurrencies at https://expo.dev/accounts/osvaldodelfina02/settings/billing.\ Build concurrency limit reached for your account. Build will enter queue once a concurrency becomes available. Add additional concurrencies at https://expo.dev/accounts/osvaldodelfina02/settings/billing.| Build concurrency limit reached for your account. Build will enter queue once a concurrency becomes available. Add additional concurrencies at https://expo.dev/accounts/osvaldodelfina02/settings/billing./ Build concurrency limit reached for your account. Build will enter queue once a concurrency becomes available. Add additional concurrencies at https://expo.dev/accounts/osvaldodelfina02/settings/billing.- Build concurrency limit reached for your account. Build will enter queue once a concurrency becomes available. Add additional concurrencies at https://expo.dev/accounts/osvaldodelfina02/settings/billing.\ Build concurrency limit reached for your account. Build will enter queue once a concurrency becomes available. Add additional concurrencies at https://expo.dev/accounts/osvaldodelfina02/settings/billing.| Build concurrency limit reached for your account. Build will enter queue once a concurrency becomes available. Add additional concurrencies at https://expo.dev/accounts/osvaldodelfina02/settings/billing./ Build concurrency limit reached for your account. Build will enter queue once a concurrency becomes available. Add additional concurrencies at https://expo.dev/accounts/osvaldodelfina02/settings/billing.- Build concurrency limit reached for your account. Build will enter queue once a concurrency becomes available. Add additional concurrencies at https://expo.dev/accounts/osvaldodelfina02/settings/billing.\ Build concurrency limit reached for your account. Build will enter queue once a concurrency becomes available. Add additional concurrencies at https://expo.dev/accounts/osvaldodelfina02/settings/billing.| Build concurrency limit reached for your account. Build will enter queue once a concurrency becomes available. Add additional concurrencies at https://expo.dev/accounts/osvaldodelfina02/settings/billing./ Build concurrency limit reached for your account. Build will enter queue once a concurrency becomes available. Add additional concurrencies at https://expo.dev/accounts/osvaldodelfina02/settings/billing.- Build concurrency limit reached for your account. Build will enter queue once a concurrency becomes available. Add additional concurrencies at https://expo.dev/accounts/osvaldodelfina02/settings/billing.\ Build concurrency limit reached for your account. Build will enter queue once a concurrency becomes available. Add additional concurrencies at https://expo.dev/accounts/osvaldodelfina02/settings/billing.| Build concurrency limit reached for your account. Build will enter queue once a concurrency becomes available. Add additional concurrencies at https://expo.dev/accounts/osvaldodelfina02/settings/billing./ Build concurrency limit reached for your account. Build will enter queue once a concurrency becomes available. Add additional concurrencies at https://expo.dev/accounts/osvaldodelfina02/settings/billing.- Build concurrency limit reached for your account. Build will enter queue once a concurrency becomes available. Add additional concurrencies at https://expo.dev/accounts/osvaldodelfina02/settings/billing.\ Build concurrency limit reached for your account. Build will enter queue once a concurrency becomes available. Add additional concurrencies at https://expo.dev/accounts/osvaldodelfina02/settings/billing.| Build concurrency limit reached for your account. Build will enter queue once a concurrency becomes available. Add additional concurrencies at https://expo.dev/accounts/osvaldodelfina02/settings/billing./ Build concurrency limit reached for your account. Build will enter queue once a concurrency becomes available. Add additional concurrencies at https://expo.dev/accounts/osvaldodelfina02/settings/billing.- Build concurrency limit reached for your account. Build will enter queue once a concurrency becomes available. Add additional concurrencies at https://expo.dev/accounts/osvaldodelfina02/settings/billing.\ Build concurrency limit reached for your account. Build will enter queue once a concurrency becomes available. Add additional concurrencies at https://expo.dev/accounts/osvaldodelfina02/settings/billing.| Build concurrency limit reached for your account. Build will enter queue once a concurrency becomes available. Add additional concurrencies at https://expo.dev/accounts/osvaldodelfina02/settings/billing./ Build concurrency limit reached for your account. Build will enter queue once a concurrency becomes available. Add additional concurrencies at https://expo.dev/accounts/osvaldodelfina02/settings/billing.- Build concurrency limit reached for your account. Build will enter queue once a concurrency becomes available. Add additional concurrencies at https://expo.dev/accounts/osvaldodelfina02/settings/billing.\ Build concurrency limit reached for your account. Build will enter queue once a concurrency becomes available. Add additional concurrencies at https://expo.dev/accounts/osvaldodelfina02/settings/billing.| Build concurrency limit reached for your account. Build will enter queue once a concurrency becomes available. Add additional concurrencies at https://expo.dev/accounts/osvaldodelfina02/settings/billing./ Build concurrency limit reached for your account. Build will enter queue once a concurrency becomes available. Add additional concurrencies at https://expo.dev/accounts/osvaldodelfina02/settings/billing.- Build concurrency limit reached for your account. Build will enter queue once a concurrency becomes available. Add additional concurrencies at https://expo.dev/accounts/osvaldodelfina02/settings/billing.\ Build concurrency limit reached for your account. Build will enter queue once a concurrency becomes available. Add additional concurrencies at https://expo.dev/accounts/osvaldodelfina02/settings/billing.| Build concurrency limit reached for your account. Build will enter queue once a concurrency becomes available. Add additional concurrencies at https://expo.dev/accounts/osvaldodelfina02/settings/billing./ Build concurrency limit reached for your account. Build will enter queue once a concurrency becomes available. Add additional concurrencies at https://expo.dev/accounts/osvaldodelfina02/settings/billing.- Build concurrency limit reached for your account. Build will enter queue once a concurrency becomes available. Add additional concurrencies at https://expo.dev/accounts/osvaldodelfina02/settings/billing.\ Build concurrency limit reached for your account. Build will enter queue once a concurrency becomes available. Add additional concurrencies at https://expo.dev/accounts/osvaldodelfina02/settings/billing.| Build concurrency limit reached for your account. Build will enter queue once a concurrency becomes available. Add additional concurrencies at https://expo.dev/accounts/osvaldodelfina02/settings/billing./ Build concurrency limit reached for your account. Build will enter queue once a concurrency becomes available. Add additional concurrencies at https://expo.dev/accounts/osvaldodelfina02/settings/billing.- Build concurrency limit reached for your account. Build will enter queue once a concurrency becomes available. Add additional concurrencies at https://expo.dev/accounts/osvaldodelfina02/settings/billing.\ Build concurrency limit reached for your account. Build will enter queue once a concurrency becomes available. Add additional concurrencies at https://expo.dev/accounts/osvaldodelfina02/settings/billing.| Build concurrency limit reached for your account. Build will enter queue once a concurrency becomes available. Add additional concurrencies at https://expo.dev/accounts/osvaldodelfina02/settings/billing./ Build concurrency limit reached for your account. Build will enter queue once a concurrency becomes available. Add additional concurrencies at https://expo.dev/accounts/osvaldodelfina02/settings/billing.- Build concurrency limit reached for your account. Build will enter queue once a concurrency becomes available. Add additional concurrencies at https://expo.dev/accounts/osvaldodelfina02/settings/billing.\ Build concurrency limit reached for your account. Build will enter queue once a concurrency becomes available. Add additional concurrencies at https://expo.dev/accounts/osvaldodelfina02/settings/billing.| Build concurrency limit reached for your account. Build will enter queue once a concurrency becomes available. Add additional concurrencies at https://expo.dev/accounts/osvaldodelfina02/settings/billing./ Build concurrency limit reached for your account. Build will enter queue once a concurrency becomes available. Add additional concurrencies at https://expo.dev/accounts/osvaldodelfina02/settings/billing.- Build concurrency limit reached for your account. Build will enter queue once a concurrency becomes available. Add additional concurrencies at https://expo.dev/accounts/osvaldodelfina02/settings/billing.\ Build concurrency limit reached for your account. Build will enter queue once a concurrency becomes available. Add additional concurrencies at https://expo.dev/accounts/osvaldodelfina02/settings/billing.| Build concurrency limit reached for your account. Build will enter queue once a concurrency becomes available. Add additional concurrencies at https://expo.dev/accounts/osvaldodelfina02/settings/billing./ Build concurrency limit reached for your account. Build will enter queue once a concurrency becomes available. Add additional concurrencies at https://expo.dev/accounts/osvaldodelfina02/settings/billing.- Build concurrency limit reached for your account. Build will enter queue once a concurrency becomes available. Add additional concurrencies at https://expo.dev/accounts/osvaldodelfina02/settings/billing.\ Build concurrency limit reached for your account. Build will enter queue once a concurrency becomes available. Add additional concurrencies at https://expo.dev/accounts/osvaldodelfina02/settings/billing.| Build concurrency limit reached for your account. Build will enter queue once a concurrency becomes available. Add additional concurrencies at https://expo.dev/accounts/osvaldodelfina02/settings/billing./ Build concurrency limit reached for your account. Build will enter queue once a concurrency becomes available. Add additional concurrencies at https://expo.dev/accounts/osvaldodelfina02/settings/billing.- Build concurrency limit reached for your account. Build will enter queue once a concurrency becomes available. Add additional concurrencies at https://expo.dev/accounts/osvaldodelfina02/settings/billing.\ Build concurrency limit reached for your account. Build will enter queue once a concurrency becomes available. Add additional concurrencies at https://expo.dev/accounts/osvaldodelfina02/settings/billing.| Build concurrency limit reached for your account. Build will enter queue once a concurrency becomes available. Add additional concurrencies at https://expo.dev/accounts/osvaldodelfina02/settings/billing./ Build concurrency limit reached for your account. Build will enter queue once a concurrency becomes available. Add additional concurrencies at https://expo.dev/accounts/osvaldodelfina02/settings/billing.- Build concurrency limit reached for your account. Build will enter queue once a concurrency becomes available. Add additional concurrencies at https://expo.dev/accounts/osvaldodelfina02/settings/billing.\ Build concurrency limit reached for your account. Build will enter queue once a concurrency becomes available. Add additional concurrencies at https://expo.dev/accounts/osvaldodelfina02/settings/billing.| Build concurrency limit reached for your account. Build will enter queue once a concurrency becomes available. Add additional concurrencies at https://expo.dev/accounts/osvaldodelfina02/settings/billing./ Build concurrency limit reached for your account. Build will enter queue once a concurrency becomes available. Add additional concurrencies at https://expo.dev/accounts/osvaldodelfina02/settings/billing.- Build concurrency limit reached for your account. Build will enter queue once a concurrency becomes available. Add additional concurrencies at https://expo.dev/accounts/osvaldodelfina02/settings/billing.\ Build concurrency limit reached for your account. Build will enter queue once a concurrency becomes available. Add additional concurrencies at https://expo.dev/accounts/osvaldodelfina02/settings/billing.| Build concurrency limit reached for your account. Build will enter queue once a concurrency becomes available. Add additional concurrencies at https://expo.dev/accounts/osvaldodelfina02/settings/billing./ Build concurrency limit reached for your account. Build will enter queue once a concurrency becomes available. Add additional concurrencies at https://expo.dev/accounts/osvaldodelfina02/settings/billing.- Build concurrency limit reached for your account. Build will enter queue once a concurrency becomes available. Add additional concurrencies at https://expo.dev/accounts/osvaldodelfina02/settings/billing.\ Build concurrency limit reached for your account. Build will enter queue once a concurrency becomes available. Add additional concurrencies at https://expo.dev/accounts/osvaldodelfina02/settings/billing.| Build concurrency limit reached for your account. Build will enter queue once a concurrency becomes available. Add additional concurrencies at https://expo.dev/accounts/osvaldodelfina02/settings/billing./ Build concurrency limit reached for your account. Build will enter queue once a concurrency becomes available. Add additional concurrencies at https://expo.dev/accounts/osvaldodelfina02/settings/billing.- Build concurrency limit reached for your account. Build will enter queue once a concurrency becomes available. Add additional concurrencies at https://expo.dev/accounts/osvaldodelfina02/settings/billing.\ Build concurrency limit reached for your account. Build will enter queue once a concurrency becomes available. Add additional concurrencies at https://expo.dev/accounts/osvaldodelfina02/settings/billing.| Build concurrency limit reached for your account. Build will enter queue once a concurrency becomes available. Add additional concurrencies at https://expo.dev/accounts/osvaldodelfina02/settings/billing./ Build concurrency limit reached for your account. Build will enter queue once a concurrency becomes available. Add additional concurrencies at https://expo.dev/accounts/osvaldodelfina02/settings/billing.- Build concurrency limit reached for your account. Build will enter queue once a concurrency becomes available. Add additional concurrencies at https://expo.dev/accounts/osvaldodelfina02/settings/billing.\ Build concurrency limit reached for your account. Build will enter queue once a concurrency becomes available. Add additional concurrencies at https://expo.dev/accounts/osvaldodelfina02/settings/billing.| Build concurrency limit reached for your account. Build will enter queue once a concurrency becomes available. Add additional concurrencies at https://expo.dev/accounts/osvaldodelfina02/settings/billing./ Build concurrency limit reached for your account. Build will enter queue once a concurrency becomes available. Add additional concurrencies at https://expo.dev/accounts/osvaldodelfina02/settings/billing.- Build concurrency limit reached for your account. Build will enter queue once a concurrency becomes available. Add additional concurrencies at https://expo.dev/accounts/osvaldodelfina02/settings/billing.\ Build concurrency limit reached for your account. Build will enter queue once a concurrency becomes available. Add additional concurrencies at https://expo.dev/accounts/osvaldodelfina02/settings/billing.| Build concurrency limit reached for your account. Build will enter queue once a concurrency becomes available. Add additional concurrencies at https://expo.dev/accounts/osvaldodelfina02/settings/billing./ Build concurrency limit reached for your account. Build will enter queue once a concurrency becomes available. Add additional concurrencies at https://expo.dev/accounts/osvaldodelfina02/settings/billing.- Build concurrency limit reached for your account. Build will enter queue once a concurrency becomes available. Add additional concurrencies at https://expo.dev/accounts/osvaldodelfina02/settings/billing.\ Build concurrency limit reached for your account. Build will enter queue once a concurrency becomes available. Add additional concurrencies at https://expo.dev/accounts/osvaldodelfina02/settings/billing.| Build concurrency limit reached for your account. Build will enter queue once a concurrency becomes available. Add additional concurrencies at https://expo.dev/accounts/osvaldodelfina02/settings/billing./ Build concurrency limit reached for your account. Build will enter queue once a concurrency becomes available. Add additional concurrencies at https://expo.dev/accounts/osvaldodelfina02/settings/billing.- Build concurrency limit reached for your account. Build will enter queue once a concurrency becomes available. Add additional concurrencies at https://expo.dev/accounts/osvaldodelfina02/settings/billing.\ Build concurrency limit reached for your account. Build will enter queue once a concurrency becomes available. Add additional concurrencies at https://expo.dev/accounts/osvaldodelfina02/settings/billing.| Build concurrency limit reached for your account. Build will enter queue once a concurrency becomes available. Add additional concurrencies at https://expo.dev/accounts/osvaldodelfina02/settings/billing./ Build concurrency limit reached for your account. Build will enter queue once a concurrency becomes available. Add additional concurrencies at https://expo.dev/accounts/osvaldodelfina02/settings/billing.- Build concurrency limit reached for your account. Build will enter queue once a concurrency becomes available. Add additional concurrencies at https://expo.dev/accounts/osvaldodelfina02/settings/billing.\ Build concurrency limit reached for your account. Build will enter queue once a concurrency becomes available. Add additional concurrencies at https://expo.dev/accounts/osvaldodelfina02/settings/billing.| Build concurrency limit reached for your account. Build will enter queue once a concurrency becomes available. Add additional concurrencies at https://expo.dev/accounts/osvaldodelfina02/settings/billing./ Build concurrency limit reached for your account. Build will enter queue once a concurrency becomes available. Add additional concurrencies at https://expo.dev/accounts/osvaldodelfina02/settings/billing.- Build concurrency limit reached for your account. Build will enter queue once a concurrency becomes available. Add additional concurrencies at https://expo.dev/accounts/osvaldodelfina02/settings/billing.\ Build concurrency limit reached for your account. Build will enter queue once a concurrency becomes available. Add additional concurrencies at https://expo.dev/accounts/osvaldodelfina02/settings/billing.| Build concurrency limit reached for your account. Build will enter queue once a concurrency becomes available. Add additional concurrencies at https://expo.dev/accounts/osvaldodelfina02/settings/billing./ Build concurrency limit reached for your account. Build will enter queue once a concurrency becomes available. Add additional concurrencies at https://expo.dev/accounts/osvaldodelfina02/settings/billing.- Build concurrency limit reached for your account. Build will enter queue once a concurrency becomes available. Add additional concurrencies at https://expo.dev/accounts/osvaldodelfina02/settings/billing.\ Build concurrency limit reached for your account. Build will enter queue once a concurrency becomes available. Add additional concurrencies at https://expo.dev/accounts/osvaldodelfina02/settings/billing.| Build concurrency limit reached for your account. Build will enter queue once a concurrency becomes available. Add additional concurrencies at https://expo.dev/accounts/osvaldodelfina02/settings/billing./ Build concurrency limit reached for your account. Build will enter queue once a concurrency becomes available. Add additional concurrencies at https://expo.dev/accounts/osvaldodelfina02/settings/billing.- Build concurrency limit reached for your account. Build will enter queue once a concurrency becomes available. Add additional concurrencies at https://expo.dev/accounts/osvaldodelfina02/settings/billing.\ Build concurrency limit reached for your account. Build will enter queue once a concurrency becomes available. Add additional concurrencies at https://expo.dev/accounts/osvaldodelfina02/settings/billing.| Build concurrency limit reached for your account. Build will enter queue once a concurrency becomes available. Add additional concurrencies at https://expo.dev/accounts/osvaldodelfina02/settings/billing./ Build concurrency limit reached for your account. Build will enter queue once a concurrency becomes available. Add additional concurrencies at https://expo.dev/accounts/osvaldodelfina02/settings/billing.- Build concurrency limit reached for your account. Build will enter queue once a concurrency becomes available. Add additional concurrencies at https://expo.dev/accounts/osvaldodelfina02/settings/billing.\ Build concurrency limit reached for your account. Build will enter queue once a concurrency becomes available. Add additional concurrencies at https://expo.dev/accounts/osvaldodelfina02/settings/billing.| Build concurrency limit reached for your account. Build will enter queue once a concurrency becomes available. Add additional concurrencies at https://expo.dev/accounts/osvaldodelfina02/settings/billing./ Build concurrency limit reached for your account. Build will enter queue once a concurrency becomes available. Add additional concurrencies at https://expo.dev/accounts/osvaldodelfina02/settings/billing.- Build concurrency limit reached for your account. Build will enter queue once a concurrency becomes available. Add additional concurrencies at https://expo.dev/accounts/osvaldodelfina02/settings/billing.\ Build concurrency limit reached for your account. Build will enter queue once a concurrency becomes available. Add additional concurrencies at https://expo.dev/accounts/osvaldodelfina02/settings/billing.| Build concurrency limit reached for your account. Build will enter queue once a concurrency becomes available. Add additional concurrencies at https://expo.dev/accounts/osvaldodelfina02/settings/billing./ Build concurrency limit reached for your account. Build will enter queue once a concurrency becomes available. Add additional concurrencies at https://expo.dev/accounts/osvaldodelfina02/settings/billing.- Build concurrency limit reached for your account. Build will enter queue once a concurrency becomes available. Add additional concurrencies at https://expo.dev/accounts/osvaldodelfina02/settings/billing.\ Build concurrency limit reached for your account. Build will enter queue once a concurrency becomes available. Add additional concurrencies at https://expo.dev/accounts/osvaldodelfina02/settings/billing.| Build concurrency limit reached for your account. Build will enter queue once a concurrency becomes available. Add additional concurrencies at https://expo.dev/accounts/osvaldodelfina02/settings/billing./ Build concurrency limit reached for your account. Build will enter queue once a concurrency becomes available. Add additional concurrencies at https://expo.dev/accounts/osvaldodelfina02/settings/billing.- Build concurrency limit reached for your account. Build will enter queue once a concurrency becomes available. Add additional concurrencies at https://expo.dev/accounts/osvaldodelfina02/settings/billing.\ Build concurrency limit reached for your account. Build will enter queue once a concurrency becomes available. Add additional concurrencies at https://expo.dev/accounts/osvaldodelfina02/settings/billing.| Build concurrency limit reached for your account. Build will enter queue once a concurrency becomes available. Add additional concurrencies at https://expo.dev/accounts/osvaldodelfina02/settings/billing./ Build concurrency limit reached for your account. Build will enter queue once a concurrency becomes available. Add additional concurrencies at https://expo.dev/accounts/osvaldodelfina02/settings/billing.- Build concurrency limit reached for your account. Build will enter queue once a concurrency becomes available. Add additional concurrencies at https://expo.dev/accounts/osvaldodelfina02/settings/billing.\ Build concurrency limit reached for your account. Build will enter queue once a concurrency becomes available. Add additional concurrencies at https://expo.dev/accounts/osvaldodelfina02/settings/billing.| Build concurrency limit reached for your account. Build will enter queue once a concurrency becomes available. Add additional concurrencies at https://expo.dev/accounts/osvaldodelfina02/settings/billing./ Build concurrency limit reached for your account. Build will enter queue once a concurrency becomes available. Add additional concurrencies at https://expo.dev/accounts/osvaldodelfina02/settings/billing.- Build concurrency limit reached for your account. Build will enter queue once a concurrency becomes available. Add additional concurrencies at https://expo.dev/accounts/osvaldodelfina02/settings/billing.\ Build concurrency limit reached for your account. Build will enter queue once a concurrency becomes available. Add additional concurrencies at https://expo.dev/accounts/osvaldodelfina02/settings/billing.| Build concurrency limit reached for your account. Build will enter queue once a concurrency becomes available. Add additional concurrencies at https://expo.dev/accounts/osvaldodelfina02/settings/billing./ Build concurrency limit reached for your account. Build will enter queue once a concurrency becomes available. Add additional concurrencies at https://expo.dev/accounts/osvaldodelfina02/settings/billing.- Build concurrency limit reached for your account. Build will enter queue once a concurrency becomes available. Add additional concurrencies at https://expo.dev/accounts/osvaldodelfina02/settings/billing.\ Build concurrency limit reached for your account. Build will enter queue once a concurrency becomes available. Add additional concurrencies at https://expo.dev/accounts/osvaldodelfina02/settings/billing.| Build concurrency limit reached for your account. Build will enter queue once a concurrency becomes available. Add additional concurrencies at https://expo.dev/accounts/osvaldodelfina02/settings/billing./ Build concurrency limit reached for your account. Build will enter queue once a concurrency becomes available. Add additional concurrencies at https://expo.dev/accounts/osvaldodelfina02/settings/billing.- Build concurrency limit reached for your account. Build will enter queue once a concurrency becomes available. Add additional concurrencies at https://expo.dev/accounts/osvaldodelfina02/settings/billing.\ Build concurrency limit reached for your account. Build will enter queue once a concurrency becomes available. Add additional concurrencies at https://expo.dev/accounts/osvaldodelfina02/settings/billing.| Build concurrency limit reached for your account. Build will enter queue once a concurrency becomes available. Add additional concurrencies at https://expo.dev/accounts/osvaldodelfina02/settings/billing./ Build concurrency limit reached for your account. Build will enter queue once a concurrency becomes available. Add additional concurrencies at https://expo.dev/accounts/osvaldodelfina02/settings/billing.- Build concurrency limit reached for your account. Build will enter queue once a concurrency becomes available. Add additional concurrencies at https://expo.dev/accounts/osvaldodelfina02/settings/billing.\ Build concurrency limit reached for your account. Build will enter queue once a concurrency becomes available. Add additional concurrencies at https://expo.dev/accounts/osvaldodelfina02/settings/billing.| Build concurrency limit reached for your account. Build will enter queue once a concurrency becomes available. Add additional concurrencies at https://expo.dev/accounts/osvaldodelfina02/settings/billing./ Build concurrency limit reached for your account. Build will enter queue once a concurrency becomes available. Add additional concurrencies at https://expo.dev/accounts/osvaldodelfina02/settings/billing.- Build concurrency limit reached for your account. Build will enter queue once a concurrency becomes available. Add additional concurrencies at https://expo.dev/accounts/osvaldodelfina02/settings/billing.\ Build concurrency limit reached for your account. Build will enter queue once a concurrency becomes available. Add additional concurrencies at https://expo.dev/accounts/osvaldodelfina02/settings/billing.| Build concurrency limit reached for your account. Build will enter queue once a concurrency becomes available. Add additional concurrencies at https://expo.dev/accounts/osvaldodelfina02/settings/billing./ Build concurrency limit reached for your account. Build will enter queue once a concurrency becomes available. Add additional concurrencies at https://expo.dev/accounts/osvaldodelfina02/settings/billing.- Build concurrency limit reached for your account. Build will enter queue once a concurrency becomes available. Add additional concurrencies at https://expo.dev/accounts/osvaldodelfina02/settings/billing.\ Build concurrency limit reached for your account. Build will enter queue once a concurrency becomes available. Add additional concurrencies at https://expo.dev/accounts/osvaldodelfina02/settings/billing.| Build concurrency limit reached for your account. Build will enter queue once a concurrency becomes available. Add additional concurrencies at https://expo.dev/accounts/osvaldodelfina02/settings/billing./ Build concurrency limit reached for your account. Build will enter queue once a concurrency becomes available. Add additional concurrencies at https://expo.dev/accounts/osvaldodelfina02/settings/billing.- Build concurrency limit reached for your account. Build will enter queue once a concurrency becomes available. Add additional concurrencies at https://expo.dev/accounts/osvaldodelfina02/settings/billing.\ Build concurrency limit reached for your account. Build will enter queue once a concurrency becomes available. Add additional concurrencies at https://expo.dev/accounts/osvaldodelfina02/settings/billing.| Build concurrency limit reached for your account. Build will enter queue once a concurrency becomes available. Add additional concurrencies at https://expo.dev/accounts/osvaldodelfina02/settings/billing./ Build concurrency limit reached for your account. Build will enter queue once a concurrency becomes available. Add additional concurrencies at https://expo.dev/accounts/osvaldodelfina02/settings/billing.- Build concurrency limit reached for your account. Build will enter queue once a concurrency becomes available. Add additional concurrencies at https://expo.dev/accounts/osvaldodelfina02/settings/billing.\ Build concurrency limit reached for your account. Build will enter queue once a concurrency becomes available. Add additional concurrencies at https://expo.dev/accounts/osvaldodelfina02/settings/billing.| Build concurrency limit reached for your account. Build will enter queue once a concurrency becomes available. Add additional concurrencies at https://expo.dev/accounts/osvaldodelfina02/settings/billing./ Build concurrency limit reached for your account. Build will enter queue once a concurrency becomes available. Add additional concurrencies at https://expo.dev/accounts/osvaldodelfina02/settings/billing.- Build concurrency limit reached for your account. Build will enter queue once a concurrency becomes available. Add additional concurrencies at https://expo.dev/accounts/osvaldodelfina02/settings/billing.\ Build concurrency limit reached for your account. Build will enter queue once a concurrency becomes available. Add additional concurrencies at https://expo.dev/accounts/osvaldodelfina02/settings/billing.| Build concurrency limit reached for your account. Build will enter queue once a concurrency becomes available. Add additional concurrencies at https://expo.dev/accounts/osvaldodelfina02/settings/billing./ Build concurrency limit reached for your account. Build will enter queue once a concurrency becomes available. Add additional concurrencies at https://expo.dev/accounts/osvaldodelfina02/settings/billing.- Build concurrency limit reached for your account. Build will enter queue once a concurrency becomes available. Add additional concurrencies at https://expo.dev/accounts/osvaldodelfina02/settings/billing.\ Build concurrency limit reached for your account. Build will enter queue once a concurrency becomes available. Add additional concurrencies at https://expo.dev/accounts/osvaldodelfina02/settings/billing.| Build concurrency limit reached for your account. Build will enter queue once a concurrency becomes available. Add additional concurrencies at https://expo.dev/accounts/osvaldodelfina02/settings/billing./ Build concurrency limit reached for your account. Build will enter queue once a concurrency becomes available. Add additional concurrencies at https://expo.dev/accounts/osvaldodelfina02/settings/billing.- Build concurrency limit reached for your account. Build will enter queue once a concurrency becomes available. Add additional concurrencies at https://expo.dev/accounts/osvaldodelfina02/settings/billing.\ Build concurrency limit reached for your account. Build will enter queue once a concurrency becomes available. Add additional concurrencies at https://expo.dev/accounts/osvaldodelfina02/settings/billing.| Build concurrency limit reached for your account. Build will enter queue once a concurrency becomes available. Add additional concurrencies at https://expo.dev/accounts/osvaldodelfina02/settings/billing./ Build concurrency limit reached for your account. Build will enter queue once a concurrency becomes available. Add additional concurrencies at https://expo.dev/accounts/osvaldodelfina02/settings/billing.- Build concurrency limit reached for your account. Build will enter queue once a concurrency becomes available. Add additional concurrencies at https://expo.dev/accounts/osvaldodelfina02/settings/billing.\ Build concurrency limit reached for your account. Build will enter queue once a concurrency becomes available. Add additional concurrencies at https://expo.dev/accounts/osvaldodelfina02/settings/billing.| Build concurrency limit reached for your account. Build will enter queue once a concurrency becomes available. Add additional concurrencies at https://expo.dev/accounts/osvaldodelfina02/settings/billing./ Build concurrency limit reached for your account. Build will enter queue once a concurrency becomes available. Add additional concurrencies at https://expo.dev/accounts/osvaldodelfina02/settings/billing.- Build concurrency limit reached for your account. Build will enter queue once a concurrency becomes available. Add additional concurrencies at https://expo.dev/accounts/osvaldodelfina02/settings/billing.\ Build concurrency limit reached for your account. Build will enter queue once a concurrency becomes available. Add additional concurrencies at https://expo.dev/accounts/osvaldodelfina02/settings/billing.| Build concurrency limit reached for your account. Build will enter queue once a concurrency becomes available. Add additional concurrencies at https://expo.dev/accounts/osvaldodelfina02/settings/billing./ Build concurrency limit reached for your account. Build will enter queue once a concurrency becomes available. Add additional concurrencies at https://expo.dev/accounts/osvaldodelfina02/settings/billing.- Build concurrency limit reached for your account. Build will enter queue once a concurrency becomes available. Add additional concurrencies at https://expo.dev/accounts/osvaldodelfina02/settings/billing.\ Build concurrency limit reached for your account. Build will enter queue once a concurrency becomes available. Add additional concurrencies at https://expo.dev/accounts/osvaldodelfina02/settings/billing.| Build concurrency limit reached for your account. Build will enter queue once a concurrency becomes available. Add additional concurrencies at https://expo.dev/accounts/osvaldodelfina02/settings/billing./ Build concurrency limit reached for your account. Build will enter queue once a concurrency becomes available. Add additional concurrencies at https://expo.dev/accounts/osvaldodelfina02/settings/billing.- Build concurrency limit reached for your account. Build will enter queue once a concurrency becomes available. Add additional concurrencies at https://expo.dev/accounts/osvaldodelfina02/settings/billing.\ Build concurrency limit reached for your account. Build will enter queue once a concurrency becomes available. Add additional concurrencies at https://expo.dev/accounts/osvaldodelfina02/settings/billing.| Build concurrency limit reached for your account. Build will enter queue once a concurrency becomes available. Add additional concurrencies at https://expo.dev/accounts/osvaldodelfina02/settings/billing./ Build concurrency limit reached for your account. Build will enter queue once a concurrency becomes available. Add additional concurrencies at https://expo.dev/accounts/osvaldodelfina02/settings/billing.- Build concurrency limit reached for your account. Build will enter queue once a concurrency becomes available. Add additional concurrencies at https://expo.dev/accounts/osvaldodelfina02/settings/billing.\ Build concurrency limit reached for your account. Build will enter queue once a concurrency becomes available. Add additional concurrencies at https://expo.dev/accounts/osvaldodelfina02/settings/billing.| Build concurrency limit reached for your account. Build will enter queue once a concurrency becomes available. Add additional concurrencies at https://expo.dev/accounts/osvaldodelfina02/settings/billing./ Build concurrency limit reached for your account. Build will enter queue once a concurrency becomes available. Add additional concurrencies at https://expo.dev/accounts/osvaldodelfina02/settings/billing.- Build concurrency limit reached for your account. Build will enter queue once a concurrency becomes available. Add additional concurrencies at https://expo.dev/accounts/osvaldodelfina02/settings/billing.\ Build concurrency limit reached for your account. Build will enter queue once a concurrency becomes available. Add additional concurrencies at https://expo.dev/accounts/osvaldodelfina02/settings/billing.| Build concurrency limit reached for your account. Build will enter queue once a concurrency becomes available. Add additional concurrencies at https://expo.dev/accounts/osvaldodelfina02/settings/billing./ Build concurrency limit reached for your account. Build will enter queue once a concurrency becomes available. Add additional concurrencies at https://expo.dev/accounts/osvaldodelfina02/settings/billing.- Build concurrency limit reached for your account. Build will enter queue once a concurrency becomes available. Add additional concurrencies at https://expo.dev/accounts/osvaldodelfina02/settings/billing.\ Build concurrency limit reached for your account. Build will enter queue once a concurrency becomes available. Add additional concurrencies at https://expo.dev/accounts/osvaldodelfina02/settings/billing.| Build concurrency limit reached for your account. Build will enter queue once a concurrency becomes available. Add additional concurrencies at https://expo.dev/accounts/osvaldodelfina02/settings/billing./ Build concurrency limit reached for your account. Build will enter queue once a concurrency becomes available. Add additional concurrencies at https://expo.dev/accounts/osvaldodelfina02/settings/billing.- Build concurrency limit reached for your account. Build will enter queue once a concurrency becomes available. Add additional concurrencies at https://expo.dev/accounts/osvaldodelfina02/settings/billing.\ Build concurrency limit reached for your account. Build will enter queue once a concurrency becomes available. Add additional concurrencies at https://expo.dev/accounts/osvaldodelfina02/settings/billing.| Build concurrency limit reached for your account. Build will enter queue once a concurrency becomes available. Add additional concurrencies at https://expo.dev/accounts/osvaldodelfina02/settings/billing./ Build concurrency limit reached for your account. Build will enter queue once a concurrency becomes available. Add additional concurrencies at https://expo.dev/accounts/osvaldodelfina02/settings/billing.- Build concurrency limit reached for your account. Build will enter queue once a concurrency becomes available. Add additional concurrencies at https://expo.dev/accounts/osvaldodelfina02/settings/billing.\ Build concurrency limit reached for your account. Build will enter queue once a concurrency becomes available. Add additional concurrencies at https://expo.dev/accounts/osvaldodelfina02/settings/billing.| Build concurrency limit reached for your account. Build will enter queue once a concurrency becomes available. Add additional concurrencies at https://expo.dev/accounts/osvaldodelfina02/settings/billing./ Build concurrency limit reached for your account. Build will enter queue once a concurrency becomes available. Add additional concurrencies at https://expo.dev/accounts/osvaldodelfina02/settings/billing.- Build concurrency limit reached for your account. Build will enter queue once a concurrency becomes available. Add additional concurrencies at https://expo.dev/accounts/osvaldodelfina02/settings/billing.\ Build concurrency limit reached for your account. Build will enter queue once a concurrency becomes available. Add additional concurrencies at https://expo.dev/accounts/osvaldodelfina02/settings/billing.| Build concurrency limit reached for your account. Build will enter queue once a concurrency becomes available. Add additional concurrencies at https://expo.dev/accounts/osvaldodelfina02/settings/billing./ Build concurrency limit reached for your account. Build will enter queue once a concurrency becomes available. Add additional concurrencies at https://expo.dev/accounts/osvaldodelfina02/settings/billing.- Build concurrency limit reached for your account. Build will enter queue once a concurrency becomes available. Add additional concurrencies at https://expo.dev/accounts/osvaldodelfina02/settings/billing.\ Build concurrency limit reached for your account. Build will enter queue once a concurrency becomes available. Add additional concurrencies at https://expo.dev/accounts/osvaldodelfina02/settings/billing.| Build concurrency limit reached for your account. Build will enter queue once a concurrency becomes available. Add additional concurrencies at https://expo.dev/accounts/osvaldodelfina02/settings/billing./ Build concurrency limit reached for your account. Build will enter queue once a concurrency becomes available. Add additional concurrencies at https://expo.dev/accounts/osvaldodelfina02/settings/billing.- Build concurrency limit reached for your account. Build will enter queue once a concurrency becomes available. Add additional concurrencies at https://expo.dev/accounts/osvaldodelfina02/settings/billing.\ Build concurrency limit reached for your account. Build will enter queue once a concurrency becomes available. Add additional concurrencies at https://expo.dev/accounts/osvaldodelfina02/settings/billing.| Build concurrency limit reached for your account. Build will enter queue once a concurrency becomes available. Add additional concurrencies at https://expo.dev/accounts/osvaldodelfina02/settings/billing./ Build concurrency limit reached for your account. Build will enter queue once a concurrency becomes available. Add additional concurrencies at https://expo.dev/accounts/osvaldodelfina02/settings/billing.- Build concurrency limit reached for your account. Build will enter queue once a concurrency becomes available. Add additional concurrencies at https://expo.dev/accounts/osvaldodelfina02/settings/billing.\ Build concurrency limit reached for your account. Build will enter queue once a concurrency becomes available. Add additional concurrencies at https://expo.dev/accounts/osvaldodelfina02/settings/billing.| Build concurrency limit reached for your account. Build will enter queue once a concurrency becomes available. Add additional concurrencies at https://expo.dev/accounts/osvaldodelfina02/settings/billing./ Build concurrency limit reached for your account. Build will enter queue once a concurrency becomes available. Add additional concurrencies at https://expo.dev/accounts/osvaldodelfina02/settings/billing.- Build concurrency limit reached for your account. Build will enter queue once a concurrency becomes available. Add additional concurrencies at https://expo.dev/accounts/osvaldodelfina02/settings/billing.\ Build concurrency limit reached for your account. Build will enter queue once a concurrency becomes available. Add additional concurrencies at https://expo.dev/accounts/osvaldodelfina02/settings/billing.| Build concurrency limit reached for your account. Build will enter queue once a concurrency becomes available. Add additional concurrencies at https://expo.dev/accounts/osvaldodelfina02/settings/billing./ Build concurrency limit reached for your account. Build will enter queue once a concurrency becomes available. Add additional concurrencies at https://expo.dev/accounts/osvaldodelfina02/settings/billing.- Build concurrency limit reached for your account. Build will enter queue once a concurrency becomes available. Add additional concurrencies at https://expo.dev/accounts/osvaldodelfina02/settings/billing.\ Build concurrency limit reached for your account. Build will enter queue once a concurrency becomes available. Add additional concurrencies at https://expo.dev/accounts/osvaldodelfina02/settings/billing.| Build concurrency limit reached for your account. Build will enter queue once a concurrency becomes available. Add additional concurrencies at https://expo.dev/accounts/osvaldodelfina02/settings/billing./ Build concurrency limit reached for your account. Build will enter queue once a concurrency becomes available. Add additional concurrencies at https://expo.dev/accounts/osvaldodelfina02/settings/billing.- Build concurrency limit reached for your account. Build will enter queue once a concurrency becomes available. Add additional concurrencies at https://expo.dev/accounts/osvaldodelfina02/settings/billing.\ Build concurrency limit reached for your account. Build will enter queue once a concurrency becomes available. Add additional concurrencies at https://expo.dev/accounts/osvaldodelfina02/settings/billing.| Build concurrency limit reached for your account. Build will enter queue once a concurrency becomes available. Add additional concurrencies at https://expo.dev/accounts/osvaldodelfina02/settings/billing./ Build concurrency limit reached for your account. Build will enter queue once a concurrency becomes available. Add additional concurrencies at https://expo.dev/accounts/osvaldodelfina02/settings/billing.- Build concurrency limit reached for your account. Build will enter queue once a concurrency becomes available. Add additional concurrencies at https://expo.dev/accounts/osvaldodelfina02/settings/billing.\ Build concurrency limit reached for your account. Build will enter queue once a concurrency becomes available. Add additional concurrencies at https://expo.dev/accounts/osvaldodelfina02/settings/billing.| Build concurrency limit reached for your account. Build will enter queue once a concurrency becomes available. Add additional concurrencies at https://expo.dev/accounts/osvaldodelfina02/settings/billing./ Build concurrency limit reached for your account. Build will enter queue once a concurrency becomes available. Add additional concurrencies at https://expo.dev/accounts/osvaldodelfina02/settings/billing.- Build concurrency limit reached for your account. Build will enter queue once a concurrency becomes available. Add additional concurrencies at https://expo.dev/accounts/osvaldodelfina02/settings/billing.\ Build concurrency limit reached for your account. Build will enter queue once a concurrency becomes available. Add additional concurrencies at https://expo.dev/accounts/osvaldodelfina02/settings/billing.| Build concurrency limit reached for your account. Build will enter queue once a concurrency becomes available. Add additional concurrencies at https://expo.dev/accounts/osvaldodelfina02/settings/billing./ Build concurrency limit reached for your account. Build will enter queue once a concurrency becomes available. Add additional concurrencies at https://expo.dev/accounts/osvaldodelfina02/settings/billing.- Build concurrency limit reached for your account. Build will enter queue once a concurrency becomes available. Add additional concurrencies at https://expo.dev/accounts/osvaldodelfina02/settings/billing.\ Build concurrency limit reached for your account. Build will enter queue once a concurrency becomes available. Add additional concurrencies at https://expo.dev/accounts/osvaldodelfina02/settings/billing.| Build concurrency limit reached for your account. Build will enter queue once a concurrency becomes available. Add additional concurrencies at https://expo.dev/accounts/osvaldodelfina02/settings/billing./ Build concurrency limit reached for your account. Build will enter queue once a concurrency becomes available. Add additional concurrencies at https://expo.dev/accounts/osvaldodelfina02/settings/billing.- Build concurrency limit reached for your account. Build will enter queue once a concurrency becomes available. Add additional concurrencies at https://expo.dev/accounts/osvaldodelfina02/settings/billing.\ Build concurrency limit reached for your account. Build will enter queue once a concurrency becomes available. Add additional concurrencies at https://expo.dev/accounts/osvaldodelfina02/settings/billing.| Build concurrency limit reached for your account. Build will enter queue once a concurrency becomes available. Add additional concurrencies at https://expo.dev/accounts/osvaldodelfina02/settings/billing./ Build concurrency limit reached for your account. Build will enter queue once a concurrency becomes available. Add additional concurrencies at https://expo.dev/accounts/osvaldodelfina02/settings/billing.- Build concurrency limit reached for your account. Build will enter queue once a concurrency becomes available. Add additional concurrencies at https://expo.dev/accounts/osvaldodelfina02/settings/billing.\ Build concurrency limit reached for your account. Build will enter queue once a concurrency becomes available. Add additional concurrencies at https://expo.dev/accounts/osvaldodelfina02/settings/billing.| Build concurrency limit reached for your account. Build will enter queue once a concurrency becomes available. Add additional concurrencies at https://expo.dev/accounts/osvaldodelfina02/settings/billing./ Build concurrency limit reached for your account. Build will enter queue once a concurrency becomes available. Add additional concurrencies at https://expo.dev/accounts/osvaldodelfina02/settings/billing.- Build concurrency limit reached for your account. Build will enter queue once a concurrency becomes available. Add additional concurrencies at https://expo.dev/accounts/osvaldodelfina02/settings/billing.\ Build concurrency limit reached for your account. Build will enter queue once a concurrency becomes available. Add additional concurrencies at https://expo.dev/accounts/osvaldodelfina02/settings/billing.| Build concurrency limit reached for your account. Build will enter queue once a concurrency becomes available. Add additional concurrencies at https://expo.dev/accounts/osvaldodelfina02/settings/billing./ Build concurrency limit reached for your account. Build will enter queue once a concurrency becomes available. Add additional concurrencies at https://expo.dev/accounts/osvaldodelfina02/settings/billing.- Build concurrency limit reached for your account. Build will enter queue once a concurrency becomes available. Add additional concurrencies at https://expo.dev/accounts/osvaldodelfina02/settings/billing.\ Build concurrency limit reached for your account. Build will enter queue once a concurrency becomes available. Add additional concurrencies at https://expo.dev/accounts/osvaldodelfina02/settings/billing.| Build concurrency limit reached for your account. Build will enter queue once a concurrency becomes available. Add additional concurrencies at https://expo.dev/accounts/osvaldodelfina02/settings/billing./ Build concurrency limit reached for your account. Build will enter queue once a concurrency becomes available. Add additional concurrencies at https://expo.dev/accounts/osvaldodelfina02/settings/billing.- Build concurrency limit reached for your account. Build will enter queue once a concurrency becomes available. Add additional concurrencies at https://expo.dev/accounts/osvaldodelfina02/settings/billing.\ Build concurrency limit reached for your account. Build will enter queue once a concurrency becomes available. Add additional concurrencies at https://expo.dev/accounts/osvaldodelfina02/settings/billing.| Build concurrency limit reached for your account. Build will enter queue once a concurrency becomes available. Add additional concurrencies at https://expo.dev/accounts/osvaldodelfina02/settings/billing./ Build concurrency limit reached for your account. Build will enter queue once a concurrency becomes available. Add additional concurrencies at https://expo.dev/accounts/osvaldodelfina02/settings/billing.- Build concurrency limit reached for your account. Build will enter queue once a concurrency becomes available. Add additional concurrencies at https://expo.dev/accounts/osvaldodelfina02/settings/billing.\ Build concurrency limit reached for your account. Build will enter queue once a concurrency becomes available. Add additional concurrencies at https://expo.dev/accounts/osvaldodelfina02/settings/billing.| Build concurrency limit reached for your account. Build will enter queue once a concurrency becomes available. Add additional concurrencies at https://expo.dev/accounts/osvaldodelfina02/settings/billing./ Build concurrency limit reached for your account. Build will enter queue once a concurrency becomes available. Add additional concurrencies at https://expo.dev/accounts/osvaldodelfina02/settings/billing.- Build concurrency limit reached for your account. Build will enter queue once a concurrency becomes available. Add additional concurrencies at https://expo.dev/accounts/osvaldodelfina02/settings/billing.\ Build concurrency limit reached for your account. Build will enter queue once a concurrency becomes available. Add additional concurrencies at https://expo.dev/accounts/osvaldodelfina02/settings/billing.| Build concurrency limit reached for your account. Build will enter queue once a concurrency becomes available. Add additional concurrencies at https://expo.dev/accounts/osvaldodelfina02/settings/billing./ Build concurrency limit reached for your account. Build will enter queue once a concurrency becomes available. Add additional concurrencies at https://expo.dev/accounts/osvaldodelfina02/settings/billing.- Build concurrency limit reached for your account. Build will enter queue once a concurrency becomes available. Add additional concurrencies at https://expo.dev/accounts/osvaldodelfina02/settings/billing.\ Build concurrency limit reached for your account. Build will enter queue once a concurrency becomes available. Add additional concurrencies at https://expo.dev/accounts/osvaldodelfina02/settings/billing.| Build concurrency limit reached for your account. Build will enter queue once a concurrency becomes available. Add additional concurrencies at https://expo.dev/accounts/osvaldodelfina02/settings/billing./ Build concurrency limit reached for your account. Build will enter queue once a concurrency becomes available. Add additional concurrencies at https://expo.dev/accounts/osvaldodelfina02/settings/billing.- Build concurrency limit reached for your account. Build will enter queue once a concurrency becomes available. Add additional concurrencies at https://expo.dev/accounts/osvaldodelfina02/settings/billing.\ Build concurrency limit reached for your account. Build will enter queue once a concurrency becomes available. Add additional concurrencies at https://expo.dev/accounts/osvaldodelfina02/settings/billing.| Build concurrency limit reached for your account. Build will enter queue once a concurrency becomes available. Add additional concurrencies at https://expo.dev/accounts/osvaldodelfina02/settings/billing./ Build concurrency limit reached for your account. Build will enter queue once a concurrency becomes available. Add additional concurrencies at https://expo.dev/accounts/osvaldodelfina02/settings/billing.- Build concurrency limit reached for your account. Build will enter queue once a concurrency becomes available. Add additional concurrencies at https://expo.dev/accounts/osvaldodelfina02/settings/billing.\ Build concurrency limit reached for your account. Build will enter queue once a concurrency becomes available. Add additional concurrencies at https://expo.dev/accounts/osvaldodelfina02/settings/billing.| Build concurrency limit reached for your account. Build will enter queue once a concurrency becomes available. Add additional concurrencies at https://expo.dev/accounts/osvaldodelfina02/settings/billing./ Build concurrency limit reached for your account. Build will enter queue once a concurrency becomes available. Add additional concurrencies at https://expo.dev/accounts/osvaldodelfina02/settings/billing.- Build concurrency limit reached for your account. Build will enter queue once a concurrency becomes available. Add additional concurrencies at https://expo.dev/accounts/osvaldodelfina02/settings/billing.\ Build concurrency limit reached for your account. Build will enter queue once a concurrency becomes available. Add additional concurrencies at https://expo.dev/accounts/osvaldodelfina02/settings/billing.| Build concurrency limit reached for your account. Build will enter queue once a concurrency becomes available. Add additional concurrencies at https://expo.dev/accounts/osvaldodelfina02/settings/billing./ Build concurrency limit reached for your account. Build will enter queue once a concurrency becomes available. Add additional concurrencies at https://expo.dev/accounts/osvaldodelfina02/settings/billing.- Build concurrency limit reached for your account. Build will enter queue once a concurrency becomes available. Add additional concurrencies at https://expo.dev/accounts/osvaldodelfina02/settings/billing.\ Build concurrency limit reached for your account. Build will enter queue once a concurrency becomes available. Add additional concurrencies at https://expo.dev/accounts/osvaldodelfina02/settings/billing.| Build concurrency limit reached for your account. Build will enter queue once a concurrency becomes available. Add additional concurrencies at https://expo.dev/accounts/osvaldodelfina02/settings/billing./ Build concurrency limit reached for your account. Build will enter queue once a concurrency becomes available. Add additional concurrencies at https://expo.dev/accounts/osvaldodelfina02/settings/billing.- Build concurrency limit reached for your account. Build will enter queue once a concurrency becomes available. Add additional concurrencies at https://expo.dev/accounts/osvaldodelfina02/settings/billing.\ Build concurrency limit reached for your account. Build will enter queue once a concurrency becomes available. Add additional concurrencies at https://expo.dev/accounts/osvaldodelfina02/settings/billing.| Build concurrency limit reached for your account. Build will enter queue once a concurrency becomes available. Add additional concurrencies at https://expo.dev/accounts/osvaldodelfina02/settings/billing./ Build concurrency limit reached for your account. Build will enter queue once a concurrency becomes available. Add additional concurrencies at https://expo.dev/accounts/osvaldodelfina02/settings/billing.- Build concurrency limit reached for your account. Build will enter queue once a concurrency becomes available. Add additional concurrencies at https://expo.dev/accounts/osvaldodelfina02/settings/billing.\ Build concurrency limit reached for your account. Build will enter queue once a concurrency becomes available. Add additional concurrencies at https://expo.dev/accounts/osvaldodelfina02/settings/billing.| Build concurrency limit reached for your account. Build will enter queue once a concurrency becomes available. Add additional concurrencies at https://expo.dev/accounts/osvaldodelfina02/settings/billing./ Build concurrency limit reached for your account. Build will enter queue once a concurrency becomes available. Add additional concurrencies at https://expo.dev/accounts/osvaldodelfina02/settings/billing.- Build concurrency limit reached for your account. Build will enter queue once a concurrency becomes available. Add additional concurrencies at https://expo.dev/accounts/osvaldodelfina02/settings/billing.\ Build concurrency limit reached for your account. Build will enter queue once a concurrency becomes available. Add additional concurrencies at https://expo.dev/accounts/osvaldodelfina02/settings/billing.| Build concurrency limit reached for your account. Build will enter queue once a concurrency becomes available. Add additional concurrencies at https://expo.dev/accounts/osvaldodelfina02/settings/billing./ Build concurrency limit reached for your account. Build will enter queue once a concurrency becomes available. Add additional concurrencies at https://expo.dev/accounts/osvaldodelfina02/settings/billing.- Build concurrency limit reached for your account. Build will enter queue once a concurrency becomes available. Add additional concurrencies at https://expo.dev/accounts/osvaldodelfina02/settings/billing.\ Build concurrency limit reached for your account. Build will enter queue once a concurrency becomes available. Add additional concurrencies at https://expo.dev/accounts/osvaldodelfina02/settings/billing.| Build concurrency limit reached for your account. Build will enter queue once a concurrency becomes available. Add additional concurrencies at https://expo.dev/accounts/osvaldodelfina02/settings/billing./ Build concurrency limit reached for your account. Build will enter queue once a concurrency becomes available. Add additional concurrencies at https://expo.dev/accounts/osvaldodelfina02/settings/billing.- Build concurrency limit reached for your account. Build will enter queue once a concurrency becomes available. Add additional concurrencies at https://expo.dev/accounts/osvaldodelfina02/settings/billing.\ Build concurrency limit reached for your account. Build will enter queue once a concurrency becomes available. Add additional concurrencies at https://expo.dev/accounts/osvaldodelfina02/settings/billing.| Build concurrency limit reached for your account. Build will enter queue once a concurrency becomes available. Add additional concurrencies at https://expo.dev/accounts/osvaldodelfina02/settings/billing./ Build concurrency limit reached for your account. Build will enter queue once a concurrency becomes available. Add additional concurrencies at https://expo.dev/accounts/osvaldodelfina02/settings/billing.- Build concurrency limit reached for your account. Build will enter queue once a concurrency becomes available. Add additional concurrencies at https://expo.dev/accounts/osvaldodelfina02/settings/billing.\ Build concurrency limit reached for your account. Build will enter queue once a concurrency becomes available. Add additional concurrencies at https://expo.dev/accounts/osvaldodelfina02/settings/billing.| Build concurrency limit reached for your account. Build will enter queue once a concurrency becomes available. Add additional concurrencies at https://expo.dev/accounts/osvaldodelfina02/settings/billing./ Build concurrency limit reached for your account. Build will enter queue once a concurrency becomes available. Add additional concurrencies at https://expo.dev/accounts/osvaldodelfina02/settings/billing.- Build concurrency limit reached for your account. Build will enter queue once a concurrency becomes available. Add additional concurrencies at https://expo.dev/accounts/osvaldodelfina02/settings/billing.\ Build concurrency limit reached for your account. Build will enter queue once a concurrency becomes available. Add additional concurrencies at https://expo.dev/accounts/osvaldodelfina02/settings/billing.| Build concurrency limit reached for your account. Build will enter queue once a concurrency becomes available. Add additional concurrencies at https://expo.dev/accounts/osvaldodelfina02/settings/billing./ Build concurrency limit reached for your account. Build will enter queue once a concurrency becomes available. Add additional concurrencies at https://expo.dev/accounts/osvaldodelfina02/settings/billing.- Build concurrency limit reached for your account. Build will enter queue once a concurrency becomes available. Add additional concurrencies at https://expo.dev/accounts/osvaldodelfina02/settings/billing.\ Build concurrency limit reached for your account. Build will enter queue once a concurrency becomes available. Add additional concurrencies at https://expo.dev/accounts/osvaldodelfina02/settings/billing.| Build concurrency limit reached for your account. Build will enter queue once a concurrency becomes available. Add additional concurrencies at https://expo.dev/accounts/osvaldodelfina02/settings/billing./ Build concurrency limit reached for your account. Build will enter queue once a concurrency becomes available. Add additional concurrencies at https://expo.dev/accounts/osvaldodelfina02/settings/billing.- Build concurrency limit reached for your account. Build will enter queue once a concurrency becomes available. Add additional concurrencies at https://expo.dev/accounts/osvaldodelfina02/settings/billing.\ Build concurrency limit reached for your account. Build will enter queue once a concurrency becomes available. Add additional concurrencies at https://expo.dev/accounts/osvaldodelfina02/settings/billing.| Build concurrency limit reached for your account. Build will enter queue once a concurrency becomes available. Add additional concurrencies at https://expo.dev/accounts/osvaldodelfina02/settings/billing./ Build concurrency limit reached for your account. Build will enter queue once a concurrency becomes available. Add additional concurrencies at https://expo.dev/accounts/osvaldodelfina02/settings/billing.- Build concurrency limit reached for your account. Build will enter queue once a concurrency becomes available. Add additional concurrencies at https://expo.dev/accounts/osvaldodelfina02/settings/billing.\ Build concurrency limit reached for your account. Build will enter queue once a concurrency becomes available. Add additional concurrencies at https://expo.dev/accounts/osvaldodelfina02/settings/billing.| Build concurrency limit reached for your account. Build will enter queue once a concurrency becomes available. Add additional concurrencies at https://expo.dev/accounts/osvaldodelfina02/settings/billing./ Build concurrency limit reached for your account. Build will enter queue once a concurrency becomes available. Add additional concurrencies at https://expo.dev/accounts/osvaldodelfina02/settings/billing.- Build concurrency limit reached for your account. Build will enter queue once a concurrency becomes available. Add additional concurrencies at https://expo.dev/accounts/osvaldodelfina02/settings/billing.\ Build concurrency limit reached for your account. Build will enter queue once a concurrency becomes available. Add additional concurrencies at https://expo.dev/accounts/osvaldodelfina02/settings/billing.| Build concurrency limit reached for your account. Build will enter queue once a concurrency becomes available. Add additional concurrencies at https://expo.dev/accounts/osvaldodelfina02/settings/billing./ Build concurrency limit reached for your account. Build will enter queue once a concurrency becomes available. Add additional concurrencies at https://expo.dev/accounts/osvaldodelfina02/settings/billing.- Build concurrency limit reached for your account. Build will enter queue once a concurrency becomes available. Add additional concurrencies at https://expo.dev/accounts/osvaldodelfina02/settings/billing.\ Build concurrency limit reached for your account. Build will enter queue once a concurrency becomes available. Add additional concurrencies at https://expo.dev/accounts/osvaldodelfina02/settings/billing.| Build concurrency limit reached for your account. Build will enter queue once a concurrency becomes available. Add additional concurrencies at https://expo.dev/accounts/osvaldodelfina02/settings/billing./ Build concurrency limit reached for your account. Build will enter queue once a concurrency becomes available. Add additional concurrencies at https://expo.dev/accounts/osvaldodelfina02/settings/billing.- Build concurrency limit reached for your account. Build will enter queue once a concurrency becomes available. Add additional concurrencies at https://expo.dev/accounts/osvaldodelfina02/settings/billing.\ Build concurrency limit reached for your account. Build will enter queue once a concurrency becomes available. Add additional concurrencies at https://expo.dev/accounts/osvaldodelfina02/settings/billing.| Build concurrency limit reached for your account. Build will enter queue once a concurrency becomes available. Add additional concurrencies at https://expo.dev/accounts/osvaldodelfina02/settings/billing./ Build concurrency limit reached for your account. Build will enter queue once a concurrency becomes available. Add additional concurrencies at https://expo.dev/accounts/osvaldodelfina02/settings/billing.- Build concurrency limit reached for your account. Build will enter queue once a concurrency becomes available. Add additional concurrencies at https://expo.dev/accounts/osvaldodelfina02/settings/billing.\ Build concurrency limit reached for your account. Build will enter queue once a concurrency becomes available. Add additional concurrencies at https://expo.dev/accounts/osvaldodelfina02/settings/billing.| Build concurrency limit reached for your account. Build will enter queue once a concurrency becomes available. Add additional concurrencies at https://expo.dev/accounts/osvaldodelfina02/settings/billing./ Build concurrency limit reached for your account. Build will enter queue once a concurrency becomes available. Add additional concurrencies at https://expo.dev/accounts/osvaldodelfina02/settings/billing.- Build concurrency limit reached for your account. Build will enter queue once a concurrency becomes available. Add additional concurrencies at https://expo.dev/accounts/osvaldodelfina02/settings/billing.\ Build concurrency limit reached for your account. Build will enter queue once a concurrency becomes available. Add additional concurrencies at https://expo.dev/accounts/osvaldodelfina02/settings/billing.| Build concurrency limit reached for your account. Build will enter queue once a concurrency becomes available. Add additional concurrencies at https://expo.dev/accounts/osvaldodelfina02/settings/billing./ Build concurrency limit reached for your account. Build will enter queue once a concurrency becomes available. Add additional concurrencies at https://expo.dev/accounts/osvaldodelfina02/settings/billing.- Build concurrency limit reached for your account. Build will enter queue once a concurrency becomes available. Add additional concurrencies at https://expo.dev/accounts/osvaldodelfina02/settings/billing.\ Build concurrency limit reached for your account. Build will enter queue once a concurrency becomes available. Add additional concurrencies at https://expo.dev/accounts/osvaldodelfina02/settings/billing.| Build concurrency limit reached for your account. Build will enter queue once a concurrency becomes available. Add additional concurrencies at https://expo.dev/accounts/osvaldodelfina02/settings/billing./ Build concurrency limit reached for your account. Build will enter queue once a concurrency becomes available. Add additional concurrencies at https://expo.dev/accounts/osvaldodelfina02/settings/billing.- Build concurrency limit reached for your account. Build will enter queue once a concurrency becomes available. Add additional concurrencies at https://expo.dev/accounts/osvaldodelfina02/settings/billing.\ Build concurrency limit reached for your account. Build will enter queue once a concurrency becomes available. Add additional concurrencies at https://expo.dev/accounts/osvaldodelfina02/settings/billing.| Build concurrency limit reached for your account. Build will enter queue once a concurrency becomes available. Add additional concurrencies at https://expo.dev/accounts/osvaldodelfina02/settings/billing./ Build concurrency limit reached for your account. Build will enter queue once a concurrency becomes available. Add additional concurrencies at https://expo.dev/accounts/osvaldodelfina02/settings/billing.- Build concurrency limit reached for your account. Build will enter queue once a concurrency becomes available. Add additional concurrencies at https://expo.dev/accounts/osvaldodelfina02/settings/billing.\ Build concurrency limit reached for your account. Build will enter queue once a concurrency becomes available. Add additional concurrencies at https://expo.dev/accounts/osvaldodelfina02/settings/billing.| Build concurrency limit reached for your account. Build will enter queue once a concurrency becomes available. Add additional concurrencies at https://expo.dev/accounts/osvaldodelfina02/settings/billing./ Build concurrency limit reached for your account. Build will enter queue once a concurrency becomes available. Add additional concurrencies at https://expo.dev/accounts/osvaldodelfina02/settings/billing.- Build concurrency limit reached for your account. Build will enter queue once a concurrency becomes available. Add additional concurrencies at https://expo.dev/accounts/osvaldodelfina02/settings/billing.\ Build concurrency limit reached for your account. Build will enter queue once a concurrency becomes available. Add additional concurrencies at https://expo.dev/accounts/osvaldodelfina02/settings/billing.| Build concurrency limit reached for your account. Build will enter queue once a concurrency becomes available. Add additional concurrencies at https://expo.dev/accounts/osvaldodelfina02/settings/billing./ Build concurrency limit reached for your account. Build will enter queue once a concurrency becomes available. Add additional concurrencies at https://expo.dev/accounts/osvaldodelfina02/settings/billing.- Build concurrency limit reached for your account. Build will enter queue once a concurrency becomes available. Add additional concurrencies at https://expo.dev/accounts/osvaldodelfina02/settings/billing.\ Build concurrency limit reached for your account. Build will enter queue once a concurrency becomes available. Add additional concurrencies at https://expo.dev/accounts/osvaldodelfina02/settings/billing.| Build concurrency limit reached for your account. Build will enter queue once a concurrency becomes available. Add additional concurrencies at https://expo.dev/accounts/osvaldodelfina02/settings/billing./ Build concurrency limit reached for your account. Build will enter queue once a concurrency becomes available. Add additional concurrencies at https://expo.dev/accounts/osvaldodelfina02/settings/billing.- Build concurrency limit reached for your account. Build will enter queue once a concurrency becomes available. Add additional concurrencies at https://expo.dev/accounts/osvaldodelfina02/settings/billing.\ Build concurrency limit reached for your account. Build will enter queue once a concurrency becomes available. Add additional concurrencies at https://expo.dev/accounts/osvaldodelfina02/settings/billing.| Build concurrency limit reached for your account. Build will enter queue once a concurrency becomes available. Add additional concurrencies at https://expo.dev/accounts/osvaldodelfina02/settings/billing./ Build concurrency limit reached for your account. Build will enter queue once a concurrency becomes available. Add additional concurrencies at https://expo.dev/accounts/osvaldodelfina02/settings/billing.- Build concurrency limit reached for your account. Build will enter queue once a concurrency becomes available. Add additional concurrencies at https://expo.dev/accounts/osvaldodelfina02/settings/billing.\ Build concurrency limit reached for your account. Build will enter queue once a concurrency becomes available. Add additional concurrencies at https://expo.dev/accounts/osvaldodelfina02/settings/billing.| Build concurrency limit reached for your account. Build will enter queue once a concurrency becomes available. Add additional concurrencies at https://expo.dev/accounts/osvaldodelfina02/settings/billing./ Build concurrency limit reached for your account. Build will enter queue once a concurrency becomes available. Add additional concurrencies at https://expo.dev/accounts/osvaldodelfina02/settings/billing.- Build concurrency limit reached for your account. Build will enter queue once a concurrency becomes available. Add additional concurrencies at https://expo.dev/accounts/osvaldodelfina02/settings/billing.\ Build concurrency limit reached for your account. Build will enter queue once a concurrency becomes available. Add additional concurrencies at https://expo.dev/accounts/osvaldodelfina02/settings/billing.| Build concurrency limit reached for your account. Build will enter queue once a concurrency becomes available. Add additional concurrencies at https://expo.dev/accounts/osvaldodelfina02/settings/billing./ Build concurrency limit reached for your account. Build will enter queue once a concurrency becomes available. Add additional concurrencies at https://expo.dev/accounts/osvaldodelfina02/settings/billing.- Build concurrency limit reached for your account. Build will enter queue once a concurrency becomes available. Add additional concurrencies at https://expo.dev/accounts/osvaldodelfina02/settings/billing.\ Build concurrency limit reached for your account. Build will enter queue once a concurrency becomes available. Add additional concurrencies at https://expo.dev/accounts/osvaldodelfina02/settings/billing.| Build concurrency limit reached for your account. Build will enter queue once a concurrency becomes available. Add additional concurrencies at https://expo.dev/accounts/osvaldodelfina02/settings/billing./ Build concurrency limit reached for your account. Build will enter queue once a concurrency becomes available. Add additional concurrencies at https://expo.dev/accounts/osvaldodelfina02/settings/billing.- Build concurrency limit reached for your account. Build will enter queue once a concurrency becomes available. Add additional concurrencies at https://expo.dev/accounts/osvaldodelfina02/settings/billing.\ Build concurrency limit reached for your account. Build will enter queue once a concurrency becomes available. Add additional concurrencies at https://expo.dev/accounts/osvaldodelfina02/settings/billing.| Build concurrency limit reached for your account. Build will enter queue once a concurrency becomes available. Add additional concurrencies at https://expo.dev/accounts/osvaldodelfina02/settings/billing./ Build concurrency limit reached for your account. Build will enter queue once a concurrency becomes available. Add additional concurrencies at https://expo.dev/accounts/osvaldodelfina02/settings/billing.- Build concurrency limit reached for your account. Build will enter queue once a concurrency becomes available. Add additional concurrencies at https://expo.dev/accounts/osvaldodelfina02/settings/billing.\ Build concurrency limit reached for your account. Build will enter queue once a concurrency becomes available. Add additional concurrencies at https://expo.dev/accounts/osvaldodelfina02/settings/billing.| Build concurrency limit reached for your account. Build will enter queue once a concurrency becomes available. Add additional concurrencies at https://expo.dev/accounts/osvaldodelfina02/settings/billing./ Build concurrency limit reached for your account. Build will enter queue once a concurrency becomes available. Add additional concurrencies at https://expo.dev/accounts/osvaldodelfina02/settings/billing.- Build concurrency limit reached for your account. Build will enter queue once a concurrency becomes available. Add additional concurrencies at https://expo.dev/accounts/osvaldodelfina02/settings/billing.\ Build concurrency limit reached for your account. Build will enter queue once a concurrency becomes available. Add additional concurrencies at https://expo.dev/accounts/osvaldodelfina02/settings/billing.| Build concurrency limit reached for your account. Build will enter queue once a concurrency becomes available. Add additional concurrencies at https://expo.dev/accounts/osvaldodelfina02/settings/billing./ Build concurrency limit reached for your account. Build will enter queue once a concurrency becomes available. Add additional concurrencies at https://expo.dev/accounts/osvaldodelfina02/settings/billing.- Build concurrency limit reached for your account. Build will enter queue once a concurrency becomes available. Add additional concurrencies at https://expo.dev/accounts/osvaldodelfina02/settings/billing.\ Build concurrency limit reached for your account. Build will enter queue once a concurrency becomes available. Add additional concurrencies at https://expo.dev/accounts/osvaldodelfina02/settings/billing.| Build concurrency limit reached for your account. Build will enter queue once a concurrency becomes available. Add additional concurrencies at https://expo.dev/accounts/osvaldodelfina02/settings/billing./ Build concurrency limit reached for your account. Build will enter queue once a concurrency becomes available. Add additional concurrencies at https://expo.dev/accounts/osvaldodelfina02/settings/billing.- Build concurrency limit reached for your account. Build will enter queue once a concurrency becomes available. Add additional concurrencies at https://expo.dev/accounts/osvaldodelfina02/settings/billing.\ Build concurrency limit reached for your account. Build will enter queue once a concurrency becomes available. Add additional concurrencies at https://expo.dev/accounts/osvaldodelfina02/settings/billing.| Build concurrency limit reached for your account. Build will enter queue once a concurrency becomes available. Add additional concurrencies at https://expo.dev/accounts/osvaldodelfina02/settings/billing./ Build concurrency limit reached for your account. Build will enter queue once a concurrency becomes available. Add additional concurrencies at https://expo.dev/accounts/osvaldodelfina02/settings/billing.- Build concurrency limit reached for your account. Build will enter queue once a concurrency becomes available. Add additional concurrencies at https://expo.dev/accounts/osvaldodelfina02/settings/billing.\ Build concurrency limit reached for your account. Build will enter queue once a concurrency becomes available. Add additional concurrencies at https://expo.dev/accounts/osvaldodelfina02/settings/billing.| Build concurrency limit reached for your account. Build will enter queue once a concurrency becomes available. Add additional concurrencies at https://expo.dev/accounts/osvaldodelfina02/settings/billing./ Build concurrency limit reached for your account. Build will enter queue once a concurrency becomes available. Add additional concurrencies at https://expo.dev/accounts/osvaldodelfina02/settings/billing.- Build concurrency limit reached for your account. Build will enter queue once a concurrency becomes available. Add additional concurrencies at https://expo.dev/accounts/osvaldodelfina02/settings/billing.\ Build concurrency limit reached for your account. Build will enter queue once a concurrency becomes available. Add additional concurrencies at https://expo.dev/accounts/osvaldodelfina02/settings/billing.| Build concurrency limit reached for your account. Build will enter queue once a concurrency becomes available. Add additional concurrencies at https://expo.dev/accounts/osvaldodelfina02/settings/billing./ Build concurrency limit reached for your account. Build will enter queue once a concurrency becomes available. Add additional concurrencies at https://expo.dev/accounts/osvaldodelfina02/settings/billing.- Build concurrency limit reached for your account. Build will enter queue once a concurrency becomes available. Add additional concurrencies at https://expo.dev/accounts/osvaldodelfina02/settings/billing.\ Build concurrency limit reached for your account. Build will enter queue once a concurrency becomes available. Add additional concurrencies at https://expo.dev/accounts/osvaldodelfina02/settings/billing.| Build concurrency limit reached for your account. Build will enter queue once a concurrency becomes available. Add additional concurrencies at https://expo.dev/accounts/osvaldodelfina02/settings/billing./ Build concurrency limit reached for your account. Build will enter queue once a concurrency becomes available. Add additional concurrencies at https://expo.dev/accounts/osvaldodelfina02/settings/billing.- Build concurrency limit reached for your account. Build will enter queue once a concurrency becomes available. Add additional concurrencies at https://expo.dev/accounts/osvaldodelfina02/settings/billing.\ Build concurrency limit reached for your account. Build will enter queue once a concurrency becomes available. Add additional concurrencies at https://expo.dev/accounts/osvaldodelfina02/settings/billing.| Build concurrency limit reached for your account. Build will enter queue once a concurrency becomes available. Add additional concurrencies at https://expo.dev/accounts/osvaldodelfina02/settings/billing./ Build concurrency limit reached for your account. Build will enter queue once a concurrency becomes available. Add additional concurrencies at https://expo.dev/accounts/osvaldodelfina02/settings/billing.- Build concurrency limit reached for your account. Build will enter queue once a concurrency becomes available. Add additional concurrencies at https://expo.dev/accounts/osvaldodelfina02/settings/billing.\ Build concurrency limit reached for your account. Build will enter queue once a concurrency becomes available. Add additional concurrencies at https://expo.dev/accounts/osvaldodelfina02/settings/billing.| Build concurrency limit reached for your account. Build will enter queue once a concurrency becomes available. Add additional concurrencies at https://expo.dev/accounts/osvaldodelfina02/settings/billing./ Build concurrency limit reached for your account. Build will enter queue once a concurrency becomes available. Add additional concurrencies at https://expo.dev/accounts/osvaldodelfina02/settings/billing.- Build concurrency limit reached for your account. Build will enter queue once a concurrency becomes available. Add additional concurrencies at https://expo.dev/accounts/osvaldodelfina02/settings/billing.\ Build concurrency limit reached for your account. Build will enter queue once a concurrency becomes available. Add additional concurrencies at https://expo.dev/accounts/osvaldodelfina02/settings/billing.| Build concurrency limit reached for your account. Build will enter queue once a concurrency becomes available. Add additional concurrencies at https://expo.dev/accounts/osvaldodelfina02/settings/billing./ Build concurrency limit reached for your account. Build will enter queue once a concurrency becomes available. Add additional concurrencies at https://expo.dev/accounts/osvaldodelfina02/settings/billing.- Build concurrency limit reached for your account. Build will enter queue once a concurrency becomes available. Add additional concurrencies at https://expo.dev/accounts/osvaldodelfina02/settings/billing.\ Build concurrency limit reached for your account. Build will enter queue once a concurrency becomes available. Add additional concurrencies at https://expo.dev/accounts/osvaldodelfina02/settings/billing.| Build concurrency limit reached for your account. Build will enter queue once a concurrency becomes available. Add additional concurrencies at https://expo.dev/accounts/osvaldodelfina02/settings/billing./ Build concurrency limit reached for your account. Build will enter queue once a concurrency becomes available. Add additional concurrencies at https://expo.dev/accounts/osvaldodelfina02/settings/billing.- Build concurrency limit reached for your account. Build will enter queue once a concurrency becomes available. Add additional concurrencies at https://expo.dev/accounts/osvaldodelfina02/settings/billing.\ Build concurrency limit reached for your account. Build will enter queue once a concurrency becomes available. Add additional concurrencies at https://expo.dev/accounts/osvaldodelfina02/settings/billing.| Build concurrency limit reached for your account. Build will enter queue once a concurrency becomes available. Add additional concurrencies at https://expo.dev/accounts/osvaldodelfina02/settings/billing./ Build concurrency limit reached for your account. Build will enter queue once a concurrency becomes available. Add additional concurrencies at https://expo.dev/accounts/osvaldodelfina02/settings/billing.- Build concurrency limit reached for your account. Build will enter queue once a concurrency becomes available. Add additional concurrencies at https://expo.dev/accounts/osvaldodelfina02/settings/billing.\ Build concurrency limit reached for your account. Build will enter queue once a concurrency becomes available. Add additional concurrencies at https://expo.dev/accounts/osvaldodelfina02/settings/billing.| Build concurrency limit reached for your account. Build will enter queue once a concurrency becomes available. Add additional concurrencies at https://expo.dev/accounts/osvaldodelfina02/settings/billing./ Build concurrency limit reached for your account. Build will enter queue once a concurrency becomes available. Add additional concurrencies at https://expo.dev/accounts/osvaldodelfina02/settings/billing.- Build concurrency limit reached for your account. Build will enter queue once a concurrency becomes available. Add additional concurrencies at https://expo.dev/accounts/osvaldodelfina02/settings/billing.\ Build concurrency limit reached for your account. Build will enter queue once a concurrency becomes available. Add additional concurrencies at https://expo.dev/accounts/osvaldodelfina02/settings/billing.| Build concurrency limit reached for your account. Build will enter queue once a concurrency becomes available. Add additional concurrencies at https://expo.dev/accounts/osvaldodelfina02/settings/billing./ Build concurrency limit reached for your account. Build will enter queue once a concurrency becomes available. Add additional concurrencies at https://expo.dev/accounts/osvaldodelfina02/settings/billing.- Build concurrency limit reached for your account. Build will enter queue once a concurrency becomes available. Add additional concurrencies at https://expo.dev/accounts/osvaldodelfina02/settings/billing.\ Build concurrency limit reached for your account. Build will enter queue once a concurrency becomes available. Add additional concurrencies at https://expo.dev/accounts/osvaldodelfina02/settings/billing.| Build concurrency limit reached for your account. Build will enter queue once a concurrency becomes available. Add additional concurrencies at https://expo.dev/accounts/osvaldodelfina02/settings/billing./ Build concurrency limit reached for your account. Build will enter queue once a concurrency becomes available. Add additional concurrencies at https://expo.dev/accounts/osvaldodelfina02/settings/billing.- Build concurrency limit reached for your account. Build will enter queue once a concurrency becomes available. Add additional concurrencies at https://expo.dev/accounts/osvaldodelfina02/settings/billing.\ Build concurrency limit reached for your account. Build will enter queue once a concurrency becomes available. Add additional concurrencies at https://expo.dev/accounts/osvaldodelfina02/settings/billing.| Build concurrency limit reached for your account. Build will enter queue once a concurrency becomes available. Add additional concurrencies at https://expo.dev/accounts/osvaldodelfina02/settings/billing./ Build concurrency limit reached for your account. Build will enter queue once a concurrency becomes available. Add additional concurrencies at https://expo.dev/accounts/osvaldodelfina02/settings/billing.- Build concurrency limit reached for your account. Build will enter queue once a concurrency becomes available. Add additional concurrencies at https://expo.dev/accounts/osvaldodelfina02/settings/billing.\ Build concurrency limit reached for your account. Build will enter queue once a concurrency becomes available. Add additional concurrencies at https://expo.dev/accounts/osvaldodelfina02/settings/billing.| Build concurrency limit reached for your account. Build will enter queue once a concurrency becomes available. Add additional concurrencies at https://expo.dev/accounts/osvaldodelfina02/settings/billing./ Build concurrency limit reached for your account. Build will enter queue once a concurrency becomes available. Add additional concurrencies at https://expo.dev/accounts/osvaldodelfina02/settings/billing.- Build concurrency limit reached for your account. Build will enter queue once a concurrency becomes available. Add additional concurrencies at https://expo.dev/accounts/osvaldodelfina02/settings/billing.\ Build concurrency limit reached for your account. Build will enter queue once a concurrency becomes available. Add additional concurrencies at https://expo.dev/accounts/osvaldodelfina02/settings/billing.| Build concurrency limit reached for your account. Build will enter queue once a concurrency becomes available. Add additional concurrencies at https://expo.dev/accounts/osvaldodelfina02/settings/billing./ Build concurrency limit reached for your account. Build will enter queue once a concurrency becomes available. Add additional concurrencies at https://expo.dev/accounts/osvaldodelfina02/settings/billing.- Build concurrency limit reached for your account. Build will enter queue once a concurrency becomes available. Add additional concurrencies at https://expo.dev/accounts/osvaldodelfina02/settings/billing.\ Build concurrency limit reached for your account. Build will enter queue once a concurrency becomes available. Add additional concurrencies at https://expo.dev/accounts/osvaldodelfina02/settings/billing.| Build concurrency limit reached for your account. Build will enter queue once a concurrency becomes available. Add additional concurrencies at https://expo.dev/accounts/osvaldodelfina02/settings/billing./ Build concurrency limit reached for your account. Build will enter queue once a concurrency becomes available. Add additional concurrencies at https://expo.dev/accounts/osvaldodelfina02/settings/billing.- Build concurrency limit reached for your account. Build will enter queue once a concurrency becomes available. Add additional concurrencies at https://expo.dev/accounts/osvaldodelfina02/settings/billing.\ Build concurrency limit reached for your account. Build will enter queue once a concurrency becomes available. Add additional concurrencies at https://expo.dev/accounts/osvaldodelfina02/settings/billing.| Build concurrency limit reached for your account. Build will enter queue once a concurrency becomes available. Add additional concurrencies at https://expo.dev/accounts/osvaldodelfina02/settings/billing./ Build concurrency limit reached for your account. Build will enter queue once a concurrency becomes available. Add additional concurrencies at https://expo.dev/accounts/osvaldodelfina02/settings/billing.- Build concurrency limit reached for your account. Build will enter queue once a concurrency becomes available. Add additional concurrencies at https://expo.dev/accounts/osvaldodelfina02/settings/billing.\ Build concurrency limit reached for your account. Build will enter queue once a concurrency becomes available. Add additional concurrencies at https://expo.dev/accounts/osvaldodelfina02/settings/billing.| Build concurrency limit reached for your account. Build will enter queue once a concurrency becomes available. Add additional concurrencies at https://expo.dev/accounts/osvaldodelfina02/settings/billing./ Build concurrency limit reached for your account. Build will enter queue once a concurrency becomes available. Add additional concurrencies at https://expo.dev/accounts/osvaldodelfina02/settings/billing.- Build concurrency limit reached for your account. Build will enter queue once a concurrency becomes available. Add additional concurrencies at https://expo.dev/accounts/osvaldodelfina02/settings/billing.\ Build concurrency limit reached for your account. Build will enter queue once a concurrency becomes available. Add additional concurrencies at https://expo.dev/accounts/osvaldodelfina02/settings/billing.| Build concurrency limit reached for your account. Build will enter queue once a concurrency becomes available. Add additional concurrencies at https://expo.dev/accounts/osvaldodelfina02/settings/billing./ Build concurrency limit reached for your account. Build will enter queue once a concurrency becomes available. Add additional concurrencies at https://expo.dev/accounts/osvaldodelfina02/settings/billing.- Build concurrency limit reached for your account. Build will enter queue once a concurrency becomes available. Add additional concurrencies at https://expo.dev/accounts/osvaldodelfina02/settings/billing.\ Build concurrency limit reached for your account. Build will enter queue once a concurrency becomes available. Add additional concurrencies at https://expo.dev/accounts/osvaldodelfina02/settings/billing.| Build concurrency limit reached for your account. Build will enter queue once a concurrency becomes available. Add additional concurrencies at https://expo.dev/accounts/osvaldodelfina02/settings/billing./ Build concurrency limit reached for your account. Build will enter queue once a concurrency becomes available. Add additional concurrencies at https://expo.dev/accounts/osvaldodelfina02/settings/billing.- Build concurrency limit reached for your account. Build will enter queue once a concurrency becomes available. Add additional concurrencies at https://expo.dev/accounts/osvaldodelfina02/settings/billing.\ Build concurrency limit reached for your account. Build will enter queue once a concurrency becomes available. Add additional concurrencies at https://expo.dev/accounts/osvaldodelfina02/settings/billing.| Build concurrency limit reached for your account. Build will enter queue once a concurrency becomes available. Add additional concurrencies at https://expo.dev/accounts/osvaldodelfina02/settings/billing./ Build concurrency limit reached for your account. Build will enter queue once a concurrency becomes available. Add additional concurrencies at https://expo.dev/accounts/osvaldodelfina02/settings/billing.- Build concurrency limit reached for your account. Build will enter queue once a concurrency becomes available. Add additional concurrencies at https://expo.dev/accounts/osvaldodelfina02/settings/billing.\ Build concurrency limit reached for your account. Build will enter queue once a concurrency becomes available. Add additional concurrencies at https://expo.dev/accounts/osvaldodelfina02/settings/billing.| Build concurrency limit reached for your account. Build will enter queue once a concurrency becomes available. Add additional concurrencies at https://expo.dev/accounts/osvaldodelfina02/settings/billing./ Build concurrency limit reached for your account. Build will enter queue once a concurrency becomes available. Add additional concurrencies at https://expo.dev/accounts/osvaldodelfina02/settings/billing.- Build concurrency limit reached for your account. Build will enter queue once a concurrency becomes available. Add additional concurrencies at https://expo.dev/accounts/osvaldodelfina02/settings/billing.\ Build concurrency limit reached for your account. Build will enter queue once a concurrency becomes available. Add additional concurrencies at https://expo.dev/accounts/osvaldodelfina02/settings/billing.| Build concurrency limit reached for your account. Build will enter queue once a concurrency becomes available. Add additional concurrencies at https://expo.dev/accounts/osvaldodelfina02/settings/billing./ Build concurrency limit reached for your account. Build will enter queue once a concurrency becomes available. Add additional concurrencies at https://expo.dev/accounts/osvaldodelfina02/settings/billing.- Build concurrency limit reached for your account. Build will enter queue once a concurrency becomes available. Add additional concurrencies at https://expo.dev/accounts/osvaldodelfina02/settings/billing.\ Build concurrency limit reached for your account. Build will enter queue once a concurrency becomes available. Add additional concurrencies at https://expo.dev/accounts/osvaldodelfina02/settings/billing.| Build concurrency limit reached for your account. Build will enter queue once a concurrency becomes available. Add additional concurrencies at https://expo.dev/accounts/osvaldodelfina02/settings/billing./ Build concurrency limit reached for your account. Build will enter queue once a concurrency becomes available. Add additional concurrencies at https://expo.dev/accounts/osvaldodelfina02/settings/billing.- Build concurrency limit reached for your account. Build will enter queue once a concurrency becomes available. Add additional concurrencies at https://expo.dev/accounts/osvaldodelfina02/settings/billing.\ Build concurrency limit reached for your account. Build will enter queue once a concurrency becomes available. Add additional concurrencies at https://expo.dev/accounts/osvaldodelfina02/settings/billing.| Build concurrency limit reached for your account. Build will enter queue once a concurrency becomes available. Add additional concurrencies at https://expo.dev/accounts/osvaldodelfina02/settings/billing./ Build concurrency limit reached for your account. Build will enter queue once a concurrency becomes available. Add additional concurrencies at https://expo.dev/accounts/osvaldodelfina02/settings/billing.- Build concurrency limit reached for your account. Build will enter queue once a concurrency becomes available. Add additional concurrencies at https://expo.dev/accounts/osvaldodelfina02/settings/billing.\ Build concurrency limit reached for your account. Build will enter queue once a concurrency becomes available. Add additional concurrencies at https://expo.dev/accounts/osvaldodelfina02/settings/billing.| Build concurrency limit reached for your account. Build will enter queue once a concurrency becomes available. Add additional concurrencies at https://expo.dev/accounts/osvaldodelfina02/settings/billing./ Build concurrency limit reached for your account. Build will enter queue once a concurrency becomes available. Add additional concurrencies at https://expo.dev/accounts/osvaldodelfina02/settings/billing.- Build concurrency limit reached for your account. Build will enter queue once a concurrency becomes available. Add additional concurrencies at https://expo.dev/accounts/osvaldodelfina02/settings/billing.\ Build concurrency limit reached for your account. Build will enter queue once a concurrency becomes available. Add additional concurrencies at https://expo.dev/accounts/osvaldodelfina02/settings/billing.| Build concurrency limit reached for your account. Build will enter queue once a concurrency becomes available. Add additional concurrencies at https://expo.dev/accounts/osvaldodelfina02/settings/billing./ Build concurrency limit reached for your account. Build will enter queue once a concurrency becomes available. Add additional concurrencies at https://expo.dev/accounts/osvaldodelfina02/settings/billing.- Build concurrency limit reached for your account. Build will enter queue once a concurrency becomes available. Add additional concurrencies at https://expo.dev/accounts/osvaldodelfina02/settings/billing.\ Build concurrency limit reached for your account. Build will enter queue once a concurrency becomes available. Add additional concurrencies at https://expo.dev/accounts/osvaldodelfina02/settings/billing.| Build concurrency limit reached for your account. Build will enter queue once a concurrency becomes available. Add additional concurrencies at https://expo.dev/accounts/osvaldodelfina02/settings/billing./ Build concurrency limit reached for your account. Build will enter queue once a concurrency becomes available. Add additional concurrencies at https://expo.dev/accounts/osvaldodelfina02/settings/billing.- Build concurrency limit reached for your account. Build will enter queue once a concurrency becomes available. Add additional concurrencies at https://expo.dev/accounts/osvaldodelfina02/settings/billing.\ Build concurrency limit reached for your account. Build will enter queue once a concurrency becomes available. Add additional concurrencies at https://expo.dev/accounts/osvaldodelfina02/settings/billing.| Build concurrency limit reached for your account. Build will enter queue once a concurrency becomes available. Add additional concurrencies at https://expo.dev/accounts/osvaldodelfina02/settings/billing./ Build concurrency limit reached for your account. Build will enter queue once a concurrency becomes available. Add additional concurrencies at https://expo.dev/accounts/osvaldodelfina02/settings/billing.- Build concurrency limit reached for your account. Build will enter queue once a concurrency becomes available. Add additional concurrencies at https://expo.dev/accounts/osvaldodelfina02/settings/billing.\ Build concurrency limit reached for your account. Build will enter queue once a concurrency becomes available. Add additional concurrencies at https://expo.dev/accounts/osvaldodelfina02/settings/billing.| Build concurrency limit reached for your account. Build will enter queue once a concurrency becomes available. Add additional concurrencies at https://expo.dev/accounts/osvaldodelfina02/settings/billing./ Build concurrency limit reached for your account. Build will enter queue once a concurrency becomes available. Add additional concurrencies at https://expo.dev/accounts/osvaldodelfina02/settings/billing.- Build concurrency limit reached for your account. Build will enter queue once a concurrency becomes available. Add additional concurrencies at https://expo.dev/accounts/osvaldodelfina02/settings/billing.\ Build concurrency limit reached for your account. Build will enter queue once a concurrency becomes available. Add additional concurrencies at https://expo.dev/accounts/osvaldodelfina02/settings/billing.| Build concurrency limit reached for your account. Build will enter queue once a concurrency becomes available. Add additional concurrencies at https://expo.dev/accounts/osvaldodelfina02/settings/billing./ Build concurrency limit reached for your account. Build will enter queue once a concurrency becomes available. Add additional concurrencies at https://expo.dev/accounts/osvaldodelfina02/settings/billing.- Build concurrency limit reached for your account. Build will enter queue once a concurrency becomes available. Add additional concurrencies at https://expo.dev/accounts/osvaldodelfina02/settings/billing.\ Build concurrency limit reached for your account. Build will enter queue once a concurrency becomes available. Add additional concurrencies at https://expo.dev/accounts/osvaldodelfina02/settings/billing.| Build concurrency limit reached for your account. Build will enter queue once a concurrency becomes available. Add additional concurrencies at https://expo.dev/accounts/osvaldodelfina02/settings/billing./ Build concurrency limit reached for your account. Build will enter queue once a concurrency becomes available. Add additional concurrencies at https://expo.dev/accounts/osvaldodelfina02/settings/billing.- Build concurrency limit reached for your account. Build will enter queue once a concurrency becomes available. Add additional concurrencies at https://expo.dev/accounts/osvaldodelfina02/settings/billing.\ Build concurrency limit reached for your account. Build will enter queue once a concurrency becomes available. Add additional concurrencies at https://expo.dev/accounts/osvaldodelfina02/settings/billing.| Build concurrency limit reached for your account. Build will enter queue once a concurrency becomes available. Add additional concurrencies at https://expo.dev/accounts/osvaldodelfina02/settings/billing./ Build concurrency limit reached for your account. Build will enter queue once a concurrency becomes available. Add additional concurrencies at https://expo.dev/accounts/osvaldodelfina02/settings/billing.- Build concurrency limit reached for your account. Build will enter queue once a concurrency becomes available. Add additional concurrencies at https://expo.dev/accounts/osvaldodelfina02/settings/billing.\ Build concurrency limit reached for your account. Build will enter queue once a concurrency becomes available. Add additional concurrencies at https://expo.dev/accounts/osvaldodelfina02/settings/billing.| Build concurrency limit reached for your account. Build will enter queue once a concurrency becomes available. Add additional concurrencies at https://expo.dev/accounts/osvaldodelfina02/settings/billing./ Build concurrency limit reached for your account. Build will enter queue once a concurrency becomes available. Add additional concurrencies at https://expo.dev/accounts/osvaldodelfina02/settings/billing.- Build concurrency limit reached for your account. Build will enter queue once a concurrency becomes available. Add additional concurrencies at https://expo.dev/accounts/osvaldodelfina02/settings/billing.\ Build concurrency limit reached for your account. Build will enter queue once a concurrency becomes available. Add additional concurrencies at https://expo.dev/accounts/osvaldodelfina02/settings/billing.| Build concurrency limit reached for your account. Build will enter queue once a concurrency becomes available. Add additional concurrencies at https://expo.dev/accounts/osvaldodelfina02/settings/billing./ Build concurrency limit reached for your account. Build will enter queue once a concurrency becomes available. Add additional concurrencies at https://expo.dev/accounts/osvaldodelfina02/settings/billing.- Build concurrency limit reached for your account. Build will enter queue once a concurrency becomes available. Add additional concurrencies at https://expo.dev/accounts/osvaldodelfina02/settings/billing.\ Build concurrency limit reached for your account. Build will enter queue once a concurrency becomes available. Add additional concurrencies at https://expo.dev/accounts/osvaldodelfina02/settings/billing.| Build concurrency limit reached for your account. Build will enter queue once a concurrency becomes available. Add additional concurrencies at https://expo.dev/accounts/osvaldodelfina02/settings/billing./ Build concurrency limit reached for your account. Build will enter queue once a concurrency becomes available. Add additional concurrencies at https://expo.dev/accounts/osvaldodelfina02/settings/billing.- Build concurrency limit reached for your account. Build will enter queue once a concurrency becomes available. Add additional concurrencies at https://expo.dev/accounts/osvaldodelfina02/settings/billing.\ Build concurrency limit reached for your account. Build will enter queue once a concurrency becomes available. Add additional concurrencies at https://expo.dev/accounts/osvaldodelfina02/settings/billing.| Build concurrency limit reached for your account. Build will enter queue once a concurrency becomes available. Add additional concurrencies at https://expo.dev/accounts/osvaldodelfina02/settings/billing./ Build concurrency limit reached for your account. Build will enter queue once a concurrency becomes available. Add additional concurrencies at https://expo.dev/accounts/osvaldodelfina02/settings/billing.- Build concurrency limit reached for your account. Build will enter queue once a concurrency becomes available. Add additional concurrencies at https://expo.dev/accounts/osvaldodelfina02/settings/billing.\ Build concurrency limit reached for your account. Build will enter queue once a concurrency becomes available. Add additional concurrencies at https://expo.dev/accounts/osvaldodelfina02/settings/billing.| Build concurrency limit reached for your account. Build will enter queue once a concurrency becomes available. Add additional concurrencies at https://expo.dev/accounts/osvaldodelfina02/settings/billing./ Build concurrency limit reached for your account. Build will enter queue once a concurrency becomes available. Add additional concurrencies at https://expo.dev/accounts/osvaldodelfina02/settings/billing.- Build concurrency limit reached for your account. Build will enter queue once a concurrency becomes available. Add additional concurrencies at https://expo.dev/accounts/osvaldodelfina02/settings/billing.\ Build concurrency limit reached for your account. Build will enter queue once a concurrency becomes available. Add additional concurrencies at https://expo.dev/accounts/osvaldodelfina02/settings/billing.| Build concurrency limit reached for your account. Build will enter queue once a concurrency becomes available. Add additional concurrencies at https://expo.dev/accounts/osvaldodelfina02/settings/billing./ Build concurrency limit reached for your account. Build will enter queue once a concurrency becomes available. Add additional concurrencies at https://expo.dev/accounts/osvaldodelfina02/settings/billing.- Build concurrency limit reached for your account. Build will enter queue once a concurrency becomes available. Add additional concurrencies at https://expo.dev/accounts/osvaldodelfina02/settings/billing.\ Build concurrency limit reached for your account. Build will enter queue once a concurrency becomes available. Add additional concurrencies at https://expo.dev/accounts/osvaldodelfina02/settings/billing.| Build concurrency limit reached for your account. Build will enter queue once a concurrency becomes available. Add additional concurrencies at https://expo.dev/accounts/osvaldodelfina02/settings/billing./ Build concurrency limit reached for your account. Build will enter queue once a concurrency becomes available. Add additional concurrencies at https://expo.dev/accounts/osvaldodelfina02/settings/billing.- Build concurrency limit reached for your account. Build will enter queue once a concurrency becomes available. Add additional concurrencies at https://expo.dev/accounts/osvaldodelfina02/settings/billing.\ Build concurrency limit reached for your account. Build will enter queue once a concurrency becomes available. Add additional concurrencies at https://expo.dev/accounts/osvaldodelfina02/settings/billing.| Build concurrency limit reached for your account. Build will enter queue once a concurrency becomes available. Add additional concurrencies at https://expo.dev/accounts/osvaldodelfina02/settings/billing./ Build concurrency limit reached for your account. Build will enter queue once a concurrency becomes available. Add additional concurrencies at https://expo.dev/accounts/osvaldodelfina02/settings/billing.- Build concurrency limit reached for your account. Build will enter queue once a concurrency becomes available. Add additional concurrencies at https://expo.dev/accounts/osvaldodelfina02/settings/billing.\ Build in progress...| Build in progress.../ Build in progress...- Build in progress...\ Build in progress...| Build in progress.../ Build in progress...- Build in progress...\ Build in progress...| Build in progress.../ Build in progress...- Build in progress...\ Build in progress...| Build in progress.../ Build in progress...- Build in progress...\ Build in progress...| Build in progress.../ Build in progress...- Build in progress...\ Build in progress...| Build in progress.../ Build in progress...- Build in progress...\ Build in progress...| Build in progress.../ Build in progress...- Build in progress...\ Build in progress...| Build in progress.../ Build in progress...- Build in progress...\ Build in progress...| Build in progress.../ Build in progress...- Build in progress...\ Build in progress...| Build in progress.../ Build in progress...- Build in progress...\ Build in progress...| Build in progress.../ Build in progress...- Build in progress...\ Build in progress...| Build in progress.../ Build in progress...- Build in progress...\ Build in progress...| Build in progress.../ Build in progress...- Build in progress...\ Build in progress...| Build in progress.../ Build in progress...- Build in progress...\ Build in progress...| Build in progress.../ Build in progress...- Build in progress...\ Build in progress...| Build in progress.../ Build in progress...- Build in progress...\ Build in progress...| Build in progress.../ Build in progress...- Build in progress...\ Build in progress...| Build in progress.../ Build in progress...- Build in progress...\ Build in progress...| Build in progress.../ Build in progress...- Build in progress...\ Build in progress...| Build in progress.../ Build in progress...- Build in progress...\ Build in progress...| Build in progress.../ Build in progress...- Build in progress...\ Build in progress...| Build in progress.../ Build in progress...- Build in progress...\ Build in progress...| Build in progress.../ Build in progress...- Build in progress...\ Build in progress...| Build in progress.../ Build in progress...- Build in progress...\ Build in progress...| Build in progress.../ Build in progress...- Build in progress...\ Build in progress...| Build in progress.../ Build in progress...- Build in progress...\ Build in progress...| Build in progress.../ Build in progress...- Build in progress...\ Build in progress...| Build in progress.../ Build in progress...- Build in progress...\ Build in progress...| Build in progress.../ Build in progress...- Build in progress...\ Build in progress...| Build in progress.../ Build in progress...- Build in progress...\ Build in progress...| Build in progress.../ Build in progress...- Build in progress...\ Build in progress...| Build in progress.../ Build in progress...- Build in progress...\ Build in progress...| Build in progress.../ Build in progress...- Build in progress...\ Build in progress...| Build in progress.../ Build in progress...- Build in progress...\ Build in progress...| Build in progress.../ Build in progress...- Build in progress...\ Build in progress...| Build in progress.../ Build in progress...- Build in progress...\ Build in progress...| Build in progress.../ Build in progress...- Build in progress...\ Build in progress...| Build in progress.../ Build in progress...- Build in progress...\ Build in progress...| Build in progress.../ Build in progress...- Build in progress...\ Build in progress...| Build in progress.../ Build in progress...- Build in progress...\ Build in progress...| Build in progress.../ Build in progress...- Build in progress...\ Build in progress...| Build in progress.../ Build in progress...- Build in progress...\ Build in progress...| Build in progress.../ Build in progress...- Build in progress...\ Build in progress...| Build in progress.../ Build in progress...- Build in progress...\ Build in progress...| Build in progress.../ Build in progress...- Build in progress...\ Build in progress...| Build in progress.../ Build in progress...- Build in progress...\ Build in progress...| Build in progress.../ Build in progress...- Build in progress...\ Build in progress...| Build in progress.../ Build in progress...- Build in progress...\ Build in progress...| Build in progress.../ Build in progress...- Build in progress...\ Build in progress...| Build in progress.../ Build in progress...- Build in progress...\ Build in progress...| Build in progress.../ Build in progress...- Build in progress...\ Build in progress...| Build in progress.../ Build in progress...- Build in progress...\ Build in progress...| Build in progress.../ Build in progress...- Build in progress...\ Build in progress...| Build in progress.../ Build in progress...- Build in progress...\ Build in progress...| Build in progress.../ Build in progress...- Build in progress...\ Build in progress...| Build in progress.../ Build in progress...- Build in progress...\ Build in progress...| Build in progress.../ Build in progress...- Build in progress...\ Build in progress...| Build in progress.../ Build in progress...- Build in progress...\ Build in progress...| Build in progress.../ Build in progress...- Build in progress...\ Build in progress...| Build in progress.../ Build in progress...- Build in progress...\ Build in progress...| Build in progress.../ Build in progress...- Build in progress...\ Build in progress...| Build in progress.../ Build in progress...- Build in progress...\ Build in progress...| Build in progress.../ Build in progress...- Build in progress...\ Build in progress...| Build in progress.../ Build in progress...- Build in progress...\ Build in progress...| Build in progress.../ Build in progress...- Build in progress...\ Build in progress...| Build in progress.../ Build in progress...- Build in progress...\ Build in progress...| Build in progress.../ Build in progress...- Build in progress...\ Build in progress...| Build in progress.../ Build in progress...- Build in progress...\ Build in progress...| Build in progress.../ Build in progress...- Build in progress...\ Build in progress...| Build in progress.../ Build in progress...- Build in progress...\ Build in progress...| Build in progress.../ Build in progress...- Build in progress...\ Build in progress...| Build in progress.../ Build in progress...- Build in progress...\ Build in progress...| Build in progress.../ Build in progress...- Build in progress...\ Build in progress...| Build in progress.../ Build in progress...- Build in progress...\ Build in progress...| Build in progress.../ Build in progress...- Build in progress...\ Build in progress...| Build in progress.../ Build in progress...- Build in progress...\ Build in progress...| Build in progress.../ Build in progress...- Build in progress...\ Build in progress...| Build in progress.../ Build in progress...- Build in progress...\ Build in progress...| Build in progress.../ Build in progress...- Build in progress...\ Build in progress...| Build in progress.../ Build in progress...- Build in progress...\ Build in progress...| Build in progress.../ Build in progress...- Build in progress...\ Build in progress...| Build in progress.../ Build in progress...- Build in progress...\ Build in progress...| Build in progress.../ Build in progress...- Build in progress...\ Build in progress...| Build in progress.../ Build in progress...- Build in progress...\ Build in progress...| Build in progress.../ Build in progress...- Build in progress...\ Build in progress...| Build in progress.../ Build in progress...- Build in progress...\ Build in progress...| Build in progress.../ Build in progress...- Build in progress...\ Build in progress...| Build in progress.../ Build in progress...- Build in progress...\ Build in progress...| Build in progress.../ Build in progress...- Build in progress...\ Build in progress...| Build in progress.../ Build in progress...- Build in progress...\ Build in progress...| Build in progress.../ Build in progress...- Build in progress...\ Build in progress...| Build in progress.../ Build in progress...- Build in progress...\ Build in progress...| Build in progress.../ Build in progress...- Build in progress...\ Build in progress...| Build in progress.../ Build in progress...- Build in progress...\ Build in progress...| Build in progress.../ Build in progress...- Build in progress...\ Build in progress...| Build in progress.../ Build in progress...- Build in progress...\ Build in progress...| Build in progress.../ Build in progress...- Build in progress...\ Build in progress...| Build in progress.../ Build in progress...- Build in progress...\ Build in progress...| Build in progress.../ Build in progress...- Build in progress...\ Build in progress...| Build in progress.../ Build in progress...- Build in progress...\ Build in progress...| Build in progress.../ Build in progress...- Build in progress...\ Build in progress...| Build in progress.../ Build in progress...- Build in progress...\ Build in progress...| Build in progress.../ Build in progress...- Build in progress...\ Build in progress...| Build in progress.../ Build in progress...- Build in progress...\ Build in progress...| Build in progress.../ Build in progress...- Build in progress...\ Build in progress...| Build in progress.../ Build in progress...- Build in progress...\ Build in progress...| Build in progress.../ Build in progress...- Build in progress...\ Build in progress...| Build in progress.../ Build in progress...- Build in progress...\ Build in progress...| Build in progress.../ Build in progress...- Build in progress...\ Build in progress...| Build in progress.../ Build in progress...- Build in progress...\ Build in progress...| Build in progress.../ Build in progress...- Build in progress...\ Build in progress...| Build in progress.../ Build in progress...- Build in progress...\ Build in progress...| Build in progress.../ Build in progress...- Build in progress...\ Build in progress...| Build in progress.../ Build in progress...- Build in progress...\ Build in progress...| Build in progress.../ Build in progress...- Build in progress...\ Build in progress...| Build in progress.../ Build in progress...- Build in progress...\ Build in progress...| Build in progress.../ Build in progress...- Build in progress...\ Build in progress...| Build in progress.../ Build in progress...- Build in progress...\ Build in progress...| Build in progress.../ Build in progress...- Build in progress...\ Build in progress...| Build in progress.../ Build in progress...- Build in progress...\ Build in progress...| Build in progress.../ Build in progress...- Build in progress...\ Build in progress...| Build in progress.../ Build in progress...- Build in progress...\ Build in progress...| Build in progress.../ Build in progress...- Build in progress...\ Build in progress...| Build in progress.../ Build in progress...- Build in progress...\ Build in progress...| Build in progress.../ Build in progress...- Build in progress...\ Build in progress...| Build in progress.../ Build in progress...- Build in progress...\ Build in progress...| Build in progress.../ Build in progress...- Build in progress...\ Build in progress...| Build in progress.../ Build in progress...- Build in progress...\ Build in progress...| Build in progress.../ Build in progress...- Build in progress...\ Build in progress...| Build in progress.../ Build in progress...- Build in progress...\ Build in progress...| Build in progress.../ Build in progress...- Build in progress...\ Build in progress...| Build in progress.../ Build in progress...- Build in progress...\ Build in progress...| Build in progress.../ Build in progress...- Build in progress...\ Build in progress...| Build in progress.../ Build in progress...- Build in progress...\ Build in progress...| Build in progress.../ Build in progress...- Build in progress...\ Build in progress...| Build in progress.../ Build in progress...- Build in progress...\ Build in progress...| Build in progress.../ Build in progress...- Build in progress...\ Build in progress...| Build in progress.../ Build in progress...- Build in progress...\ Build in progress...| Build in progress.../ Build in progress...- Build in progress...\ Build in progress...| Build in progress.../ Build in progress...- Build in progress...\ Build in progress...| Build in progress.../ Build in progress...- Build in progress...\ Build in progress...| Build in progress.../ Build in progress...- Build in progress...\ Build in progress...| Build in progress.../ Build in progress...- Build in progress...\ Build in progress...| Build in progress.../ Build in progress...- Build in progress...\ Build in progress...| Build in progress.../ Build in progress...- Build in progress...\ Build in progress...| Build in progress.../ Build in progress...- Build in progress...\ Build in progress...| Build in progress.../ Build in progress...- Build in progress...\ Build in progress...| Build in progress.../ Build in progress...- Build in progress...\ Build in progress...| Build in progress.../ Build in progress...- Build in progress...\ Build in progress...| Build in progress.../ Build in progress...- Build in progress...\ Build in progress...| Build in progress.../ Build in progress...- Build in progress...\ Build in progress...| Build in progress.../ Build in progress...- Build in progress...\ Build in progress...| Build in progress.../ Build in progress...- Build in progress...\ Build in progress...| Build in progress.../ Build in progress...- Build in progress...\ Build in progress...| Build in progress.../ Build in progress...- Build in progress...\ Build in progress...| Build in progress.../ Build in progress...- Build in progress...\ Build in progress...| Build in progress.../ Build in progress...- Build in progress...\ Build in progress...| Build in progress.../ Build in progress...- Build in progress...\ Build in progress...| Build in progress.../ Build in progress...- Build in progress...\ Build in progress...| Build in progress.../ Build in progress...- Build in progress...\ Build in progress...| Build in progress.../ Build in progress...- Build in progress...\ Build in progress...| Build in progress.../ Build in progress...- Build in progress...\ Build in progress...| Build in progress.../ Build in progress...- Build in progress...\ Build in progress...| Build in progress.../ Build in progress...- Build in progress...\ Build in progress...| Build in progress.../ Build in progress...- Build in progress...\ Build in progress...| Build in progress.../ Build in progress...- Build in progress...\ Build in progress...| Build in progress.../ Build in progress...- Build in progress...\ Build in progress...| Build in progress.../ Build in progress...- Build in progress...\ Build in progress...| Build in progress.../ Build in progress...- Build in progress...\ Build in progress...| Build in progress.../ Build in progress...- Build in progress...\ Build in progress...| Build in progress.../ Build in progress...- Build in progress...\ Build in progress...| Build in progress.../ Build in progress...- Build in progress...\ Build in progress...| Build in progress.../ Build in progress...- Build in progress...\ Build in progress...| Build in progress.../ Build in progress...- Build in progress...\ Build in progress...| Build in progress.../ Build in progress...- Build in progress...\ Build in progress...| Build in progress.../ Build in progress...- Build in progress...\ Build in progress...| Build in progress.../ Build in progress...- Build in progress...\ Build in progress...| Build in progress.../ Build in progress...- Build in progress...\ Build in progress...| Build in progress.../ Build in progress...- Build in progress...\ Build in progress...| Build in progress.../ Build in progress...- Build in progress...\ Build in progress...| Build in progress.../ Build in progress...- Build in progress...\ Build in progress...| Build in progress.../ Build in progress...- Build in progress...\ Build in progress...| Build in progress.../ Build in progress...- Build in progress...\ Build in progress...| Build in progress.../ Build in progress...- Build in progress...\ Build in progress...| Build in progress.../ Build in progress...- Build in progress...\ Build in progress...| Build in progress.../ Build in progress...- Build in progress...\ Build in progress...| Build in progress.../ Build in progress...- Build in progress...\ Build in progress...| Build in progress.../ Build in progress...- Build in progress...\ Build in progress...| Build in progress.../ Build in progress...- Build in progress...\ Build in progress...| Build in progress.../ Build in progress...- Build in progress...\ Build in progress...| Build in progress.../ Build in progress...- Build in progress...\ Build in progress...| Build in progress.../ Build in progress...- Build in progress...\ Build in progress...| Build in progress.../ Build in progress...- Build in progress...\ Build in progress...| Build in progress.../ Build in progress...- Build in progress...\ Build in progress...| Build in progress.../ Build in progress...- Build in progress...\ Build in progress...| Build in progress.../ Build in progress...- Build in progress...\ Build in progress...| Build in progress.../ Build in progress...- Build in progress...\ Build in progress...| Build in progress.../ Build in progress...- Build in progress...\ Build in progress...| Build in progress.../ Build in progress...- Build in progress...\ Build in progress...| Build in progress.../ Build in progress...- Build in progress...\ Build in progress...| Build in progress.../ Build in progress...- Build in progress...\ Build in progress...| Build in progress.../ Build in progress...- Build in progress...\ Build in progress...| Build in progress.../ Build in progress...- Build in progress...\ Build in progress...| Build in progress.../ Build in progress...- Build in progress...\ Build in progress...| Build in progress.../ Build in progress...- Build in progress...\ Build in progress...| Build in progress.../ Build in progress...- Build in progress...\ Build in progress...| Build in progress.../ Build in progress...- Build in progress...\ Build in progress...| Build in progress.../ Build in progress...- Build in progress...\ Build in progress...| Build in progress.../ Build in progress...- Build in progress...\ Build in progress...| Build in progress.../ Build in progress...- Build in progress...\ Build in progress...| Build in progress.../ Build in progress...- Build in progress...\ Build in progress...| Build in progress.../ Build in progress...- Build in progress...\ Build in progress...| Build in progress.../ Build in progress...- Build in progress...\ Build in progress...| Build in progress.../ Build in progress...- Build in progress...\ Build in progress...| Build in progress.../ Build in progress...- Build in progress...\ Build in progress...| Build in progress.../ Build in progress...- Build in progress...\ Build in progress...| Build in progress.../ Build in progress...- Build in progress...\ Build in progress...| Build in progress.../ Build in progress...- Build in progress...\ Build in progress...| Build in progress.../ Build in progress...- Build in progress...\ Build in progress...| Build in progress.../ Build in progress...- Build in progress...\ Build in progress...| Build in progress.../ Build in progress...- Build in progress...\ Build in progress...| Build in progress.../ Build in progress...- Build in progress...\ Build in progress...| Build in progress.../ Build in progress...- Build in progress...\ Build in progress...| Build in progress.../ Build in progress...- Build in progress...\ Build in progress...| Build in progress.../ Build in progress...- Build in progress...\ Build in progress...| Build in progress.../ Build in progress...- Build in progress...\ Build in progress...| Build in progress.../ Build in progress...- Build in progress...\ Build in progress...| Build in progress.../ Build in progress...- Build in progress...\ Build in progress...| Build in progress.../ Build in progress...- Build in progress...\ Build in progress...| Build in progress.../ Build in progress...- Build in progress...\ Build in progress...| Build in progress.../ Build in progress...- Build in progress...\ Build in progress...| Build in progress.../ Build in progress...- Build in progress...\ Build in progress...| Build in progress.../ Build in progress...- Build in progress...\ Build in progress...| Build in progress.../ Build in progress...- Build in progress...\ Build in progress...| Build in progress.../ Build in progress...- Build in progress...\ Build in progress...| Build in progress.../ Build in progress...- Build in progress...\ Build in progress...| Build in progress.../ Build in progress...- Build in progress...\ Build in progress...| Build in progress.../ Build in progress...- Build in progress...\ Build in progress...| Build in progress.../ Build in progress...- Build in progress...\ Build in progress...| Build in progress.../ Build in progress...- Build in progress...\ Build in progress...| Build in progress.../ Build in progress...- Build in progress...\ Build in progress...| Build in progress.../ Build in progress...- Build in progress...\ Build in progress...| Build in progress.../ Build in progress...- Build in progress...\ Build in progress...| Build in progress.../ Build in progress...- Build in progress...\ Build in progress...| Build in progress.../ Build in progress...- Build in progress...\ Build in progress...| Build in progress.../ Build in progress...- Build in progress...\ Build in progress...| Build in progress.../ Build in progress...- Build in progress...\ Build in progress...| Build in progress.../ Build in progress...- Build in progress...\ Build in progress...| Build in progress.../ Build in progress...- Build in progress...\ Build in progress...| Build in progress.../ Build in progress...- Build in progress...\ Build in progress...| Build in progress.../ Build in progress...- Build in progress...\ Build in progress...| Build in progress.../ Build in progress...- Build in progress...\ Build in progress...| Build in progress.../ Build in progress...- Build in progress...\ Build in progress...| Build in progress.../ Build in progress...- Build in progress...\ Build in progress...| Build in progress.../ Build in progress...- Build in progress...\ Build in progress...| Build in progress.../ Build in progress...- Build in progress...\ Build in progress...| Build in progress.../ Build in progress...- Build in progress...\ Build in progress...| Build in progress.../ Build in progress...- Build in progress...\ Build in progress...| Build in progress.../ Build in progress...- Build in progress...\ Build in progress...| Build in progress.../ Build in progress...- Build in progress...\ Build in progress...| Build in progress.../ Build in progress...- Build in progress...\ Build in progress...| Build in progress.../ Build in progress...- Build in progress...\ Build in progress...| Build in progress.../ Build in progress...- Build in progress...\ Build in progress...| Build in progress.../ Build in progress...- Build in progress...\ Build in progress...| Build in progress.../ Build in progress...- Build in progress...\ Build in progress...| Build in progress.../ Build in progress...- Build in progress...\ Build in progress...| Build in progress.../ Build in progress...- Build in progress...\ Build in progress...| Build in progress.../ Build in progress...- Build in progress...\ Build in progress...| Build in progress.../ Build in progress...- Build in progress...\ Build in progress...| Build in progress.../ Build in progress...- Build in progress...\ Build in progress...| Build in progress.../ Build in progress...- Build in progress...\ Build in progress...| Build in progress.../ Build in progress...- Build in progress...\ Build in progress...| Build in progress.../ Build in progress...- Build in progress...\ Build in progress...| Build in progress.../ Build in progress...- Build in progress...\ Build in progress...| Build in progress.../ Build in progress...- Build in progress...\ Build in progress...| Build in progress.../ Build in progress...- Build in progress...\ Build in progress...| Build in progress.../ Build in progress...- Build in progress...\ Build in progress...| Build in progress.../ Build in progress...- Build in progress...\ Build in progress...| Build in progress.../ Build in progress...- Build in progress...\ Build in progress...| Build in progress.../ Build in progress...- Build in progress...\ Build in progress...| Build in progress.../ Build in progress...- Build in progress...\ Build in progress...| Build in progress.../ Build in progress...- Build in progress...\ Build in progress...| Build in progress.../ Build in progress...- Build in progress...\ Build in progress...| Build in progress.../ Build in progress...- Build in progress...\ Build in progress...| Build in progress.../ Build in progress...- Build in progress...\ Build in progress...| Build in progress.../ Build in progress...- Build in progress...\ Build in progress...| Build in progress.../ Build in progress...- Build in progress...\ Build in progress...| Build in progress.../ Build in progress...- Build in progress...\ Build in progress...| Build in progress.../ Build in progress...- Build in progress...\ Build in progress...| Build in progress.../ Build in progress...- Build in progress...\ Build in progress...| Build in progress.../ Build in progress...- Build in progress...\ Build in progress...| Build in progress.../ Build in progress...- Build in progress...\ Build in progress...| Build in progress.../ Build in progress...- Build in progress...\ Build in progress...| Build in progress.../ Build in progress...- Build in progress...\ Build in progress...| Build in progress.../ Build in progress...- Build in progress...\ Build in progress...| Build in progress.../ Build in progress...- Build in progress...\ Build in progress...| Build in progress.../ Build in progress...- Build in progress...\ Build in progress...| Build in progress.../ Build in progress...- Build in progress...\ Build in progress...| Build in progress.../ Build in progress...- Build in progress...\ Build in progress...| Build in progress.../ Build in progress...- Build in progress...\ Build in progress...| Build in progress.../ Build in progress...- Build in progress...\ Build in progress...| Build in progress.../ Build in progress...- Build in progress...\ Build in progress...| Build in progress.../ Build in progress...- Build in progress...\ Build in progress...| Build in progress.../ Build in progress...- Build in progress...\ Build in progress...| Build in progress.../ Build in progress...- Build in progress...\ Build in progress...| Build in progress.../ Build in progress...- Build in progress...\ Build in progress...| Build in progress.../ Build in progress...- Build in progress...\ Build in progress...| Build in progress.../ Build in progress...- Build in progress...\ Build in progress...| Build in progress.../ Build in progress...- Build in progress...\ Build in progress...| Build in progress.../ Build in progress...- Build in progress...\ Build in progress...| Build in progress.../ Build in progress...- Build in progress...\ Build in progress...| Build in progress.../ Build in progress...- Build in progress...\ Build in progress...| Build in progress.../ Build in progress...- Build in progress...\ Build in progress...| Build in progress.../ Build in progress...- Build in progress...\ Build in progress...| Build in progress.../ Build in progress...- Build in progress...\ Build in progress...| Build in progress.../ Build in progress...- Build in progress...\ Build in progress...| Build in progress.../ Build in progress...- Build in progress...\ Build in progress...| Build in progress.../ Build in progress...- Build in progress...\ Build in progress...| Build in progress.../ Build in progress...- Build in progress...\ Build in progress...| Build in progress.../ Build in progress...- Build in progress...\ Build in progress...| Build in progress.../ Build in progress...- Build in progress...\ Build in progress...| Build in progress.../ Build in progress...- Build in progress...\ Build in progress...| Build in progress.../ Build in progress...- Build in progress...\ Build in progress...| Build in progress.../ Build in progress...- Build in progress...\ Build in progress...| Build in progress.../ Build in progress...- Build in progress...\ Build in progress...| Build in progress.../ Build in progress...- Build in progress...\ Build in progress...| Build in progress.../ Build in progress...- Build in progress...\ Build in progress...| Build in progress.../ Build in progress...- Build in progress...\ Build in progress...| Build in progress.../ Build in progress...- Build in progress...\ Build in progress...| Build in progress.../ Build in progress...- Build in progress...\ Build in progress...| Build in progress.../ Build in progress...- Build in progress...\ Build in progress...| Build in progress.../ Build in progress...- Build in progress...\ Build in progress...| Build in progress.../ Build in progress...- Build in progress...\ Build in progress...| Build in progress.../ Build in progress...- Build in progress...\ Build in progress...| Build in progress.../ Build in progress...- Build in progress...\ Build in progress...| Build in progress.../ Build in progress...- Build in progress...\ Build in progress...| Build in progress.../ Build in progress...- Build in progress...\ Build in progress...| Build in progress.../ Build in progress...- Build in progress...\ Build in progress...| Build in progress.../ Build in progress...- Build in progress...\ Build in progress...| Build in progress.../ Build in progress...- Build in progress...\ Build in progress...| Build in progress.../ Build in progress...- Build in progress...\ Build in progress...| Build in progress.../ Build in progress...- Build in progress...\ Build in progress...| Build in progress.../ Build in progress...- Build in progress...\ Build in progress...| Build in progress.../ Build in progress...- Build in progress...\ Build in progress...| Build in progress.../ Build in progress...- Build in progress...\ Build in progress...| Build in progress.../ Build in progress...- Build in progress...\ Build in progress...| Build in progress.../ Build in progress...- Build in progress...\ Build in progress...| Build in progress.../ Build in progress...- Build in progress...\ Build in progress...| Build in progress.../ Build in progress...- Build in progress...\ Build in progress...| Build in progress.../ Build in progress...- Build in progress...\ Build in progress...| Build in progress.../ Build in progress...- Build in progress...\ Build in progress...| Build in progress.../ Build in progress...- Build in progress...\ Build in progress...| Build in progress.../ Build in progress...- Build in progress...\ Build in progress...| Build in progress.../ Build in progress...- Build in progress...\ Build in progress...| Build in progress.../ Build in progress...- Build in progress...\ Build in progress...| Build in progress.../ Build in progress...- Build in progress...\ Build in progress...| Build in progress.../ Build in progress...- Build in progress...\ Build in progress...| Build in progress.../ Build in progress...- Build in progress...\ Build in progress...| Build in progress.../ Build in progress...- Build in progress...\ Build in progress...| Build in progress.../ Build in progress...- Build in progress...\ Build in progress...| Build in progress.../ Build in progress...- Build in progress...\ Build in progress...| Build in progress.../ Build in progress...- Build in progress...\ Build in progress...| Build in progress.../ Build in progress...- Build in progress...\ Build in progress...| Build in progress.../ Build in progress...- Build in progress...\ Build in progress...| Build in progress.../ Build in progress...- Build in progress...\ Build in progress...| Build in progress.../ Build in progress...- Build in progress...\ Build in progress...| Build in progress.../ Build in progress...- Build in progress...\ Build in progress...| Build in progress.../ Build in progress...- Build in progress...\ Build in progress...| Build in progress.../ Build in progress...- Build in progress...\ Build in progress...| Build in progress.../ Build in progress...- Build in progress...\ Build in progress...| Build in progress.../ Build in progress...- Build in progress...\ Build in progress...| Build in progress.../ Build in progress...- Build in progress...\ Build in progress...| Build in progress.../ Build in progress...- Build in progress...\ Build in progress...| Build in progress.../ Build in progress...- Build in progress...\ Build in progress...| Build in progress.../ Build in progress...- Build in progress...\ Build in progress...| Build in progress.../ Build in progress...- Build in progress...\ Build in progress...| Build in progress.../ Build in progress...- Build in progress...\ Build in progress...| Build in progress.../ Build in progress...- Build in progress...\ Build in progress...| Build in progress.../ Build in progress...- Build in progress...\ Build in progress...| Build in progress.../ Build in progress...- Build in progress...\ Build in progress...| Build in progress.../ Build in progress...- Build in progress...\ Build in progress...| Build in progress.../ Build in progress...- Build in progress...\ Build in progress...| Build in progress.../ Build in progress...- Build in progress...\ Build in progress...| Build in progress.../ Build in progress...- Build in progress...\ Build in progress...| Build in progress.../ Build in progress...- Build in progress...\ Build in progress...| Build in progress.../ Build in progress...- Build in progress...\ Build in progress...| Build in progress.../ Build in progress...- Build in progress...\ Build in progress...| Build in progress.../ Build in progress...- Build in progress...\ Build in progress...| Build in progress.../ Build in progress...- Build in progress...\ Build in progress...| Build in progress.../ Build in progress...- Build in progress...\ Build in progress...| Build in progress.../ Build in progress...- Build in progress...\ Build in progress...| Build in progress.../ Build in progress...- Build in progress...\ Build in progress...| Build in progress.../ Build in progress...- Build in progress...\ Build in progress...| Build in progress.../ Build in progress...- Build in progress...\ Build in progress...| Build in progress.../ Build in progress...- Build in progress...\ Build in progress...| Build in progress.../ Build in progress...- Build in progress...\ Build in progress...| Build in progress.../ Build in progress...- Build in progress...\ Build in progress...| Build in progress.../ Build in progress...- Build in progress...\ Build in progress...| Build in progress.../ Build in progress...- Build in progress...\ Build in progress...| Build in progress.../ Build in progress...- Build in progress...\ Build in progress...| Build in progress.../ Build in progress...- Build in progress...\ Build in progress...| Build in progress.../ Build in progress...- Build in progress...\ Build in progress...| Build in progress.../ Build in progress...- Build in progress...\ Build in progress...| Build in progress.../ Build in progress...- Build in progress...\ Build in progress...| Build in progress.../ Build in progress...- Build in progress...\ Build in progress...| Build in progress.../ Build in progress...- Build in progress...\ Build in progress...| Build in progress.../ Build in progress...- Build in progress...\ Build in progress...| Build in progress.../ Build in progress...- Build in progress...\ Build in progress...| Build in progress.../ Build in progress...- Build in progress...\ Build in progress...| Build in progress.../ Build in progress...- Build in progress...\ Build in progress...| Build in progress.../ Build in progress...- Build in progress...\ Build in progress...| Build in progress.../ Build in progress...- Build in progress...\ Build in progress...| Build in progress.../ Build in progress...- Build in progress...\ Build in progress...| Build in progress.../ Build in progress...- Build in progress...\ Build in progress...| Build in progress.../ Build in progress...- Build in progress...\ Build in progress...| Build in progress.../ Build in progress...- Build in progress...\ Build in progress...| Build in progress.../ Build in progress...- Build in progress...\ Build in progress...| Build in progress.../ Build in progress...- Build in progress...\ Build in progress...| Build in progress.../ Build in progress...- Build in progress...\ Build in progress...| Build in progress.../ Build in progress...- Build in progress...\ Build in progress...| Build in progress.../ Build in progress...- Build in progress...\ Build in progress...| Build in progress.../ Build in progress...- Build in progress...\ Build in progress...| Build in progress.../ Build in progress...- Build in progress...\ Build in progress...| Build in progress.../ Build in progress...- Build in progress...\ Build in progress...| Build in progress.../ Build in progress...- Build in progress...\ Build in progress...| Build in progress.../ Build in progress...- Build in progress...\ Build in progress...| Build in progress.../ Build in progress...- Build in progress...\ Build in progress...| Build in progress.../ Build in progress...- Build in progress...\ Build in progress...| Build in progress.../ Build in progress...- Build in progress...\ Build in progress...| Build in progress.../ Build in progress...- Build in progress...\ Build in progress...| Build in progress.../ Build in progress...- Build in progress...\ Build in progress...| Build in progress.../ Build in progress...- Build in progress...\ Build in progress...| Build in progress.../ Build in progress...- Build in progress...\ Build in progress...| Build in progress.../ Build in progress...- Build in progress...\ Build in progress...| Build in progress.../ Build in progress...- Build in progress...\ Build in progress...| Build in progress.../ Build in progress...- Build in progress...\ Build in progress...| Build in progress.../ Build in progress...- Build in progress...\ Build in progress...| Build in progress.../ Build in progress...- Build in progress...\ Build in progress...| Build in progress.../ Build in progress...- Build in progress...\ Build in progress...| Build in progress.../ Build in progress...- Build in progress...\ Build in progress...| Build in progress.../ Build in progress...- Build in progress...\ Build in progress...| Build in progress.../ Build in progress...- Build in progress...\ Build in progress...| Build in progress.../ Build in progress...- Build in progress...\ Build in progress...| Build in progress.../ Build in progress...- Build in progress...\ Build in progress...| Build in progress.../ Build in progress...- Build in progress...\ Build in progress...| Build in progress.../ Build in progress...- Build in progress...\ Build in progress...| Build in progress.../ Build in progress...- Build in progress...\ Build in progress...| Build in progress.../ Build in progress...- Build in progress...\ Build in progress...| Build in progress.../ Build in progress...- Build in progress...\ Build in progress...| Build in progress.../ Build in progress...- Build in progress...\ Build in progress...| Build in progress.../ Build in progress...- Build in progress...\ Build in progress...| Build in progress.../ Build in progress...- Build in progress...\ Build in progress...| Build in progress.../ Build in progress...- Build in progress...\ Build in progress...| Build in progress.../ Build in progress...- Build in progress...\ Build in progress...| Build in progress.../ Build in progress...- Build in progress...\ Build in progress...| Build in progress.../ Build in progress...- Build in progress...\ Build in progress...| Build in progress.../ Build in progress...- Build in progress...\ Build in progress...| Build in progress.../ Build in progress...- Build in progress...\ Build in progress...| Build in progress.../ Build in progress...- Build in progress...\ Build in progress...| Build in progress.../ Build in progress...- Build in progress...\ Build in progress...| Build in progress.../ Build in progress...- Build in progress...\ Build in progress...| Build in progress.../ Build in progress...- Build in progress...\ Build in progress...| Build in progress.../ Build in progress...- Build in progress...\ Build in progress...| Build in progress.../ Build in progress...- Build in progress...\ Build in progress...| Build in progress.../ Build in progress...- Build in progress...\ Build in progress...| Build in progress.../ Build in progress...- Build in progress...\ Build in progress...| Build in progress.../ Build in progress...- Build in progress...\ Build in progress...| Build in progress.../ Build in progress...- Build in progress...\ Build in progress...| Build in progress.../ Build in progress...- Build in progress...\ Build in progress...| Build in progress.../ Build in progress...- Build in progress...\ Build in progress...| Build in progress.../ Build in progress...- Build in progress...\ Build in progress...| Build in progress.../ Build in progress...- Build in progress...\ Build in progress...| Build in progress.../ Build in progress...- Build in progress...\ Build in progress...| Build in progress.../ Build in progress...- Build in progress...\ Build in progress...| Build in progress.../ Build in progress...- Build in progress...\ Build in progress...| Build in progress.../ Build in progress...- Build in progress...\ Build in progress...| Build in progress.../ Build in progress...- Build in progress...\ Build in progress...| Build in progress.../ Build in progress...- Build in progress...\ Build in progress...| Build in progress.../ Build in progress...- Build in progress...\ Build in progress...| Build in progress.../ Build in progress...- Build in progress...\ Build in progress...| Build in progress.../ Build in progress...- Build in progress...\ Build in progress...| Build in progress.../ Build in progress...- Build in progress...\ Build in progress...| Build in progress.../ Build in progress...- Build in progress...\ Build in progress...| Build in progress.../ Build in progress...- Build in progress...\ Build in progress...| Build in progress.../ Build in progress...- Build in progress...\ Build in progress...| Build in progress.../ Build in progress...- Build in progress...\ Build in progress...| Build in progress.../ Build in progress...- Build in progress...\ Build in progress...| Build in progress.../ Build in progress...- Build in progress...\ Build in progress...| Build in progress.../ Build in progress...- Build in progress...\ Build in progress...| Build in progress.../ Build in progress...- Build in progress...\ Build in progress...| Build in progress.../ Build in progress...- Build in progress...\ Build in progress...| Build in progress.../ Build in progress...- Build in progress...\ Build in progress...| Build in progress.../ Build in progress...- Build in progress...\ Build in progress...| Build in progress.../ Build in progress...- Build in progress...\ Build in progress...| Build in progress.../ Build in progress...- Build in progress...\ Build in progress...| Build in progress.../ Build in progress...- Build in progress...\ Build in progress...| Build in progress.../ Build in progress...- Build in progress...\ Build in progress...| Build in progress.../ Build in progress...- Build in progress...\ Build in progress...| Build in progress.../ Build in progress...- Build in progress...\ Build in progress...| Build in progress.../ Build in progress...- Build in progress...\ Build in progress...| Build in progress.../ Build in progress...- Build in progress...\ Build in progress...| Build in progress.../ Build in progress...- Build in progress...\ Build in progress...| Build in progress.../ Build in progress...- Build in progress...\ Build in progress...| Build in progress.../ Build in progress...- Build in progress...\ Build in progress...| Build in progress.../ Build in progress...- Build in progress...\ Build in progress...| Build in progress.../ Build in progress...- Build in progress...\ Build in progress...| Build in progress.../ Build in progress...- Build in progress...\ Build in progress...| Build in progress.../ Build in progress...- Build in progress...\ Build in progress...| Build in progress.../ Build in progress...- Build in progress...\ Build in progress...| Build in progress.../ Build in progress...- Build in progress...\ Build in progress...| Build in progress.../ Build in progress...- Build in progress...\ Build in progress...| Build in progress.../ Build in progress...- Build in progress...\ Build in progress...| Build in progress.../ Build in progress...- Build in progress...\ Build in progress...| Build in progress.../ Build in progress...- Build in progress...\ Build in progress...| Build in progress.../ Build in progress...- Build in progress...\ Build in progress...| Build in progress.../ Build in progress...- Build in progress...\ Build in progress...| Build in progress.../ Build in progress...- Build in progress...\ Build in progress...| Build in progress.../ Build in progress...- Build in progress...\ Build in progress...| Build in progress.../ Build in progress...- Build in progress...\ Build in progress...| Build in progress.../ Build in progress...- Build in progress...\ Build in progress...| Build in progress.../ Build in progress...- Build in progress...\ Build in progress...| Build in progress.../ Build in progress...- Build in progress...\ Build in progress...| Build in progress.../ Build in progress...- Build in progress...\ Build in progress...| Build in progress.../ Build in progress...- Build in progress...\ Build in progress...| Build in progress.../ Build in progress...- Build in progress...\ Build in progress...| Build in progress.../ Build in progress...- Build in progress...\ Build in progress...| Build in progress.../ Build in progress...- Build in progress...\ Build in progress...| Build in progress.../ Build in progress...- Build in progress...\ Build in progress...| Build in progress.../ Build in progress...- Build in progress...\ Build in progress...| Build in progress.../ Build in progress...- Build in progress...\ Build in progress...| Build in progress.../ Build in progress...- Build in progress...\ Build in progress...| Build in progress.../ Build in progress...- Build in progress...\ Build in progress...| Build in progress.../ Build in progress...- Build in progress...\ Build in progress...| Build in progress.../ Build in progress...- Build in progress...\ Build in progress...| Build in progress.../ Build in progress...- Build in progress...\ Build in progress...| Build in progress.../ Build in progress...- Build in progress...\ Build in progress...| Build in progress.../ Build in progress...- Build in progress...\ Build in progress...| Build in progress.../ Build in progress...- Build in progress...\ Build in progress...| Build in progress.../ Build in progress...- Build in progress...\ Build in progress...| Build in progress.../ Build in progress...- Build in progress...\ Build in progress...| Build in progress.../ Build in progress...- Build in progress...\ Build in progress...| Build in progress.../ Build in progress...- Build in progress...\ Build in progress...| Build in progress.../ Build in progress...- Build in progress...\ Build in progress...| Build in progress.../ Build in progress...- Build in progress...\ Build in progress...| Build in progress.../ Build in progress...- Build in progress...\ Build in progress...| Build in progress.../ Build in progress...- Build in progress...\ Build in progress...| Build in progress.../ Build in progress...- Build in progress...\ Build in progress...| Build in progress.../ Build in progress...- Build in progress...\ Build in progress...| Build in progress.../ Build in progress...- Build in progress...\ Build in progress...| Build in progress.../ Build in progress...- Build in progress...\ Build in progress...| Build in progress.../ Build in progress...- Build in progress...\ Build in progress...| Build in progress.../ Build in progress...- Build in progress...\ Build in progress...| Build in progress.../ Build in progress...- Build in progress...\ Build in progress...| Build in progress.../ Build in progress...- Build in progress...\ Build in progress...| Build in progress.../ Build in progress...- Build in progress...\ Build in progress...| Build in progress.../ Build in progress...- Build in progress...\ Build in progress...| Build in progress.../ Build in progress...- Build in progress...\ Build in progress...| Build in progress.../ Build in progress...- Build in progress...\ Build in progress...| Build in progress.../ Build in progress...- Build in progress...\ Build in progress...| Build in progress.../ Build in progress...- Build in progress...\ Build in progress...| Build in progress.../ Build in progress...- Build in progress...\ Build in progress...| Build in progress.../ Build in progress...- Build in progress...\ Build in progress...| Build in progress.../ Build in progress...- Build in progress...\ Build in progress...| Build in progress.../ Build in progress...- Build in progress...\ Build in progress...| Build in progress.../ Build in progress...- Build in progress...\ Build in progress...| Build in progress.../ Build in progress...- Build in progress...\ Build in progress...| Build in progress.../ Build in progress...- Build in progress...\ Build in progress...| Build in progress.../ Build in progress...- Build in progress...\ Build in progress...| Build in progress.../ Build in progress...- Build in progress...\ Build in progress...| Build in progress.../ Build in progress...- Build in progress...\ Build in progress...| Build in progress.../ Build in progress...- Build in progress...\ Build in progress...| Build in progress.../ Build in progress...- Build in progress...\ Build in progress...| Build in progress.../ Build in progress...- Build in progress...\ Build in progress...| Build in progress.../ Build in progress...- Build in progress...\ Build in progress...| Build in progress.../ Build in progress...- Build in progress...\ Build in progress...| Build in progress.../ Build in progress...- Build in progress...\ Build in progress...| Build in progress.../ Build in progress...- Build in progress...\ Build in progress...| Build in progress.../ Build in progress...- Build in progress...\ Build in progress...| Build in progress.../ Build in progress...- Build in progress...\ Build in progress...| Build in progress.../ Build in progress...- Build in progress...\ Build in progress...| Build in progress.../ Build in progress...- Build in progress...\ Build in progress...| Build in progress.../ Build in progress...- Build in progress...\ Build in progress...| Build in progress.../ Build in progress...- Build in progress...\ Build in progress...| Build in progress.../ Build in progress...- Build in progress...\ Build in progress...| Build in progress.../ Build in progress...- Build in progress...\ Build in progress...| Build in progress.../ Build in progress...- Build in progress...\ Build in progress...| Build in progress.../ Build in progress...- Build in progress...\ Build in progress...| Build in progress.../ Build in progress...- Build in progress...\ Build in progress...| Build in progress.../ Build in progress...- Build in progress...\ Build in progress...| Build in progress.../ Build in progress...- Build in progress...\ Build in progress...| Build in progress.../ Build in progress...- Build in progress...\ Build in progress...| Build in progress.../ Build in progress...- Build in progress...\ Build in progress...| Build in progress.../ Build in progress...- Build in progress...\ Build in progress...| Build in progress.../ Build in progress...- Build in progress...\ Build in progress...| Build in progress.../ Build in progress...- Build in progress...\ Build in progress...| Build in progress.../ Build in progress...- Build in progress...\ Build in progress...| Build in progress.../ Build in progress...- Build in progress...\ Build in progress...| Build in progress.../ Build in progress...- Build in progress...\ Build in progress...| Build in progress.../ Build in progress...- Build in progress...\ Build in progress...| Build in progress.../ Build in progress...- Build in progress...\ Build in progress...| Build in progress.../ Build in progress...- Build in progress...\ Build in progress...| Build in progress.../ Build in progress...- Build in progress...\ Build in progress...| Build in progress.../ Build in progress...- Build in progress...\ Build in progress...| Build in progress.../ Build in progress...- Build in progress...\ Build in progress...| Build in progress.../ Build in progress...- Build in progress...\ Build in progress...| Build in progress.../ Build in progress...- Build in progress...\ Build in progress...| Build in progress.../ Build in progress...- Build in progress...\ Build in progress...| Build in progress.../ Build in progress...- Build in progress...\ Build in progress...| Build in progress.../ Build in progress...- Build in progress...\ Build in progress...| Build in progress.../ Build in progress...- Build in progress...\ Build in progress...| Build in progress.../ Build in progress...- Build in progress...\ Build in progress...| Build in progress.../ Build in progress...- Build in progress...\ Build in progress...| Build in progress.../ Build in progress...- Build in progress...\ Build in progress...| Build in progress.../ Build in progress...- Build in progress...\ Build in progress...| Build in progress.../ Build in progress...- Build in progress...\ Build in progress...| Build in progress.../ Build in progress...- Build in progress...\ Build in progress...| Build in progress.../ Build in progress...- Build in progress...\ Build in progress...| Build in progress.../ Build in progress...- Build in progress...\ Build in progress...| Build in progress.../ Build in progress...- Build in progress...\ Build in progress...| Build in progress.../ Build in progress...- Build in progress...\ Build in progress...| Build in progress.../ Build in progress...- Build in progress...\ Build in progress...| Build in progress.../ Build in progress...- Build in progress...\ Build in progress...| Build in progress.../ Build in progress...- Build in progress...\ Build in progress...| Build in progress.../ Build in progress...- Build in progress...\ Build in progress...| Build in progress.../ Build in progress...- Build in progress...\ Build in progress...| Build in progress.../ Build in progress...- Build in progress...\ Build in progress...| Build in progress.../ Build in progress...- Build in progress...\ Build in progress...| Build in progress.../ Build in progress...- Build in progress...\ Build in progress...| Build in progress.../ Build in progress...- Build in progress...\ Build in progress...| Build in progress.../ Build in progress...- Build in progress...\ Build in progress...| Build in progress.../ Build in progress...- Build in progress...\ Build in progress...| Build in progress.../ Build in progress...- Build in progress...\ Build in progress...| Build in progress.../ Build in progress...- Build in progress...\ Build in progress...| Build in progress.../ Build in progress...- Build in progress...\ Build in progress...| Build in progress.../ Build in progress...- Build in progress...\ Build in progress...| Build in progress.../ Build in progress...- Build in progress...\ Build in progress...| Build in progress.../ Build in progress...- Build in progress...\ Build in progress...| Build in progress.../ Build in progress...- Build in progress...\ Build in progress...| Build in progress.../ Build in progress...- Build in progress...\ Build in progress...| Build in progress.../ Build in progress...- Build in progress...\ Build in progress...| Build in progress.../ Build in progress...- Build in progress...\ Build in progress...| Build in progress.../ Build in progress...- Build in progress...\ Build in progress...| Build in progress.../ Build in progress...- Build in progress...\ Build in progress...| Build in progress.../ Build in progress...- Build in progress...\ Build in progress...| Build in progress.../ Build in progress...- Build in progress...\ Build in progress...| Build in progress.../ Build in progress...- Build in progress...\ Build in progress...| Build in progress.../ Build in progress...- Build in progress...\ Build in progress...| Build in progress.../ Build in progress...- Build in progress...\ Build in progress...| Build in progress.../ Build in progress...- Build in progress...\ Build in progress...| Build in progress.../ Build in progress...- Build in progress...\ Build in progress...| Build in progress.../ Build in progress...- Build in progress...\ Build in progress...| Build in progress.../ Build in progress...- Build in progress...\ Build in progress...| Build in progress.../ Build in progress...- Build in progress...\ Build in progress...| Build in progress.../ Build in progress...- Build in progress...\ Build in progress...| Build in progress.../ Build in progress...- Build in progress...\ Build in progress...| Build in progress.../ Build in progress...- Build in progress...\ Build in progress...| Build in progress.../ Build in progress...- Build in progress...\ Build in progress...| Build in progress.../ Build in progress...- Build in progress...\ Build in progress...| Build in progress.../ Build in progress...- Build in progress...\ Build in progress...| Build in progress.../ Build in progress...- Build in progress...\ Build in progress...| Build in progress.../ Build in progress...- Build in progress...\ Build in progress...| Build in progress.../ Build in progress...- Build in progress...\ Build in progress...| Build in progress.../ Build in progress...- Build in progress...\ Build in progress...| Build in progress.../ Build in progress...- Build in progress...\ Build in progress...| Build in progress.../ Build in progress...- Build in progress...\ Build in progress...| Build in progress.../ Build in progress...- Build in progress...\ Build in progress...| Build in progress.../ Build in progress...- Build in progress...\ Build in progress...| Build in progress.../ Build in progress...- Build in progress...\ Build in progress...| Build in progress.../ Build in progress...- Build in progress...\ Build in progress...| Build in progress.../ Build in progress...- Build in progress...\ Build in progress...| Build in progress.../ Build in progress...- Build in progress...\ Build in progress...| Build in progress.../ Build in progress...- Build in progress...\ Build in progress...| Build in progress.../ Build in progress...- Build in progress...\ Build in progress...| Build in progress.../ Build in progress...- Build in progress...\ Build in progress...| Build in progress.../ Build in progress...- Build in progress...\ Build in progress...| Build in progress.../ Build in progress...- Build in progress...\ Build in progress...| Build in progress.../ Build in progress...- Build in progress...\ Build in progress...| Build in progress.../ Build in progress...- Build in progress...\ Build in progress...| Build in progress.../ Build in progress...- Build in progress...\ Build in progress...| Build in progress.../ Build in progress...- Build in progress...\ Build in progress...| Build in progress.../ Build in progress...- Build in progress...\ Build in progress...| Build in progress.../ Build in progress...- Build in progress...\ Build in progress...| Build in progress.../ Build in progress...- Build in progress...\ Build in progress...| Build in progress.../ Build in progress...- Build in progress...\ Build in progress...| Build in progress.../ Build in progress...- Build in progress...\ Build in progress...| Build in progress.../ Build in progress...- Build in progress...\ Build in progress...| Build in progress.../ Build in progress...- Build in progress...\ Build in progress...| Build in progress.../ Build in progress...- Build in progress...\ Build in progress...| Build in progress.../ Build in progress...- Build in progress...\ Build in progress...| Build in progress.../ Build in progress...- Build in progress...\ Build in progress...| Build in progress.../ Build in progress...- Build in progress...\ Build in progress...| Build in progress.../ Build in progress...- Build in progress...\ Build in progress...| Build in progress.../ Build in progress...- Build in progress...\ Build in progress...| Build in progress.../ Build in progress...- Build in progress...\ Build in progress...| Build in progress.../ Build in progress...- Build in progress...\ Build in progress...| Build in progress.../ Build in progress...- Build in progress...\ Build in progress...| Build in progress.../ Build in progress...- Build in progress...\ Build in progress...| Build in progress.../ Build in progress...- Build in progress...\ Build in progress...| Build in progress.../ Build in progress...- Build in progress...\ Build in progress...| Build in progress.../ Build in progress...- Build in progress...\ Build in progress...| Build in progress.../ Build in progress...- Build in progress...\ Build in progress...| Build in progress.../ Build in progress...- Build in progress...\ Build in progress...| Build in progress.../ Build in progress...- Build in progress...\ Build in progress...| Build in progress.../ Build in progress...- Build in progress...\ Build in progress...| Build in progress.../ Build in progress...- Build in progress...\ Build in progress...| Build in progress.../ Build in progress...- Build in progress...\ Build in progress...| Build in progress.../ Build in progress...- Build in progress...\ Build in progress...| Build in progress.../ Build in progress...- Build in progress...\ Build in progress...| Build in progress.../ Build in progress...- Build in progress...\ Build in progress...| Build in progress.../ Build in progress...- Build in progress...\ Build in progress...| Build in progress.../ Build in progress...- Build in progress...\ Build in progress...| Build in progress.../ Build in progress...- Build in progress...\ Build in progress...| Build in progress.../ Build in progress...- Build in progress...\ Build in progress...| Build in progress.../ Build in progress...- Build in progress...\ Build in progress...| Build in progress.../ Build in progress...- Build in progress...\ Build in progress...| Build in progress.../ Build in progress...- Build in progress...\ Build in progress...| Build in progress.../ Build in progress...- Build in progress...\ Build in progress...| Build in progress.../ Build in progress...- Build in progress...\ Build in progress...| Build in progress.../ Build in progress...- Build in progress...\ Build in progress...| Build in progress.../ Build in progress...- Build in progress...\ Build in progress...| Build in progress.../ Build in progress...- Build in progress...\ Build in progress...| Build in progress.../ Build in progress...- Build in progress...\ Build in progress...| Build in progress.../ Build in progress...- Build in progress...\ Build in progress...| Build in progress.../ Build in progress...- Build in progress...\ Build in progress...| Build in progress.../ Build in progress...- Build in progress...\ Build in progress...| Build in progress.../ Build in progress...- Build in progress...\ Build in progress...| Build in progress.../ Build in progress...- Build in progress...\ Build in progress...| Build in progress.../ Build in progress...- Build in progress...\ Build in progress...| Build in progress.../ Build in progress...- Build in progress...\ Build in progress...| Build in progress.../ Build in progress...- Build in progress...\ Build in progress...| Build in progress.../ Build in progress...- Build in progress...\ Build in progress...| Build in progress.../ Build in progress...- Build in progress...\ Build in progress...| Build in progress.../ Build in progress...- Build in progress...\ Build in progress...| Build in progress.../ Build in progress...- Build in progress...\ Build in progress...| Build in progress.../ Build in progress...- Build in progress...\ Build in progress...| Build in progress.../ Build in progress...- Build in progress...\ Build in progress...| Build in progress.../ Build in progress...- Build in progress...\ Build in progress...| Build in progress.../ Build in progress...- Build in progress...\ Build in progress...| Build in progress.../ Build in progress...- Build in progress...\ Build in progress...| Build in progress.../ Build in progress...- Build in progress...\ Build in progress...| Build in progress.../ Build in progress...- Build in progress...\ Build in progress...| Build in progress.../ Build in progress...- Build in progress...\ Build in progress...| Build in progress.../ Build in progress...- Build in progress...\ Build in progress...| Build in progress.../ Build in progress...- Build in progress...\ Build in progress...| Build in progress.../ Build in progress...- Build in progress...\ Build in progress...| Build in progress.../ Build in progress...- Build in progress...\ Build in progress...| Build in progress.../ Build in progress...- Build in progress...\ Build in progress...| Build in progress.../ Build in progress...- Build in progress...\ Build in progress...| Build in progress.../ Build in progress...- Build in progress...\ Build in progress...| Build in progress.../ Build in progress...- Build in progress...\ Build in progress...| Build in progress.../ Build in progress...- Build in progress...\ Build in progress...| Build in progress.../ Build in progress...- Build in progress...\ Build in progress...| Build in progress.../ Build in progress...- Build in progress...\ Build in progress...| Build in progress.../ Build in progress...- Build in progress...\ Build in progress...| Build in progress.../ Build in progress...- Build in progress...\ Build in progress...| Build in progress.../ Build in progress...- Build in progress...\ Build in progress...| Build in progress.../ Build in progress...- Build in progress...\ Build in progress...| Build in progress.../ Build in progress...- Build in progress...\ Build in progress...| Build in progress.../ Build in progress...- Build in progress...\ Build in progress...| Build in progress.../ Build in progress...- Build in progress...\ Build in progress...| Build in progress.../ Build in progress...- Build in progress...\ Build in progress...| Build in progress.../ Build in progress...- Build in progress...\ Build in progress...| Build in progress.../ Build in progress...- Build in progress...\ Build in progress...| Build in progress.../ Build in progress...- Build in progress...\ Build in progress...| Build in progress.../ Build in progress...- Build in progress...\ Build in progress...| Build in progress.../ Build in progress...- Build in progress...\ Build in progress...| Build in progress.../ Build in progress...- Build in progress...\ Build in progress...| Build in progress.../ Build in progress...- Build in progress...\ Build in progress...| Build in progress.../ Build in progress...- Build in progress...\ Build in progress...| Build in progress.../ Build in progress...- Build in progress...\ Build in progress...| Build in progress.../ Build in progress...- Build in progress...\ Build in progress...| Build in progress.../ Build in progress...- Build in progress...\ Build in progress...| Build in progress.../ Build in progress...- Build in progress...\ Build in progress...| Build in progress.../ Build in progress...- Build in progress...\ Build in progress...| Build in progress.../ Build in progress...- Build in progress...\ Build in progress...| Build in progress.../ Build in progress...- Build in progress...\ Build in progress...| Build in progress.../ Build in progress...- Build in progress...\ Build in progress...| Build in progress.../ Build in progress...- Build in progress...\ Build in progress...| Build in progress.../ Build in progress...- Build in progress...\ Build in progress...| Build in progress.../ Build in progress...- Build in progress...\ Build in progress...| Build in progress.../ Build in progress...- Build in progress...\ Build in progress...| Build in progress.../ Build in progress...- Build in progress...\ Build in progress...| Build in progress.../ Build in progress...- Build in progress...\ Build in progress...| Build in progress.../ Build in progress...- Build in progress...\ Build in progress...| Build in progress.../ Build in progress...- Build in progress...\ Build in progress...| Build in progress.../ Build in progress...- Build in progress...\ Build in progress...| Build in progress.../ Build in progress...- Build in progress...\ Build in progress...| Build in progress.../ Build in progress...- Build in progress...\ Build in progress...| Build in progress.../ Build in progress...- Build in progress...\ Build in progress...| Build in progress.../ Build in progress...- Build in progress...\ Build in progress...| Build in progress.../ Build in progress...- Build in progress...\ Build in progress...| Build in progress.../ Build in progress...- Build in progress...\ Build in progress...| Build in progress.../ Build in progress...- Build in progress...\ Build in progress...| Build in progress.../ Build in progress...- Build in progress...\ Build in progress...| Build in progress.../ Build in progress...- Build in progress...\ Build in progress...| Build in progress.../ Build in progress...- Build in progress...\ Build in progress...| Build in progress.../ Build in progress...- Build in progress...\ Build in progress...| Build in progress.../ Build in progress...- Build in progress...\ Build in progress...| Build in progress.../ Build in progress...- Build in progress...\ Build in progress...| Build in progress.../ Build in progress...- Build in progress...\ Build in progress...| Build in progress.../ Build in progress...- Build in progress...\ Build in progress...| Build in progress.../ Build in progress...- Build in progress...\ Build in progress...| Build in progress.../ Build in progress...- Build in progress...\ Build in progress...| Build in progress.../ Build in progress...- Build in progress...\ Build in progress...| Build in progress.../ Build in progress...- Build in progress...\ Build in progress...| Build in progress.../ Build in progress...- Build in progress...\ Build in progress...| Build in progress.../ Build in progress...- Build in progress...\ Build in progress...| Build in progress.../ Build in progress...- Build in progress...\ Build in progress...| Build in progress.../ Build in progress...- Build in progress...\ Build in progress...| Build in progress.../ Build in progress...- Build in progress...\ Build in progress...| Build in progress.../ Build in progress...- Build in progress...\ Build in progress...| Build in progress.../ Build in progress...- Build in progress...\ Build in progress...| Build in progress.../ Build in progress...- Build in progress...\ Build in progress...| Build in progress.../ Build in progress...- Build in progress...\ Build in progress...| Build in progress.../ Build in progress...- Build in progress...\ Build in progress...| Build in progress.../ Build in progress...- Build in progress...\ Build in progress...| Build in progress.../ Build in progress...- Build in progress...\ Build in progress...| Build in progress.../ Build in progress...- Build in progress...\ Build in progress...| Build in progress.../ Build in progress...- Build in progress...\ Build in progress...| Build in progress.../ Build in progress...- Build in progress...\ Build in progress...| Build in progress.../ Build in progress...- Build in progress...\ Build in progress...| Build in progress.../ Build in progress...- Build in progress...\ Build in progress...| Build in progress.../ Build in progress...- Build in progress...\ Build in progress...| Build in progress.../ Build in progress...- Build in progress...\ Build in progress...| Build in progress.../ Build in progress...- Build in progress...\ Build in progress...| Build in progress.../ Build in progress...- Build in progress...\ Build in progress...| Build in progress.../ Build in progress...- Build in progress...\ Build in progress...| Build in progress.../ Build in progress...- Build in progress...\ Build in progress...| Build in progress.../ Build in progress...- Build in progress...\ Build in progress...| Build in progress.../ Build in progress...- Build in progress...\ Build in progress...| Build in progress.../ Build in progress...- Build in progress...\ Build in progress...| Build in progress.../ Build in progress...- Build in progress...\ Build in progress...| Build in progress.../ Build in progress...- Build in progress...\ Build in progress...| Build in progress.../ Build in progress...- Build in progress...\ Build in progress...| Build in progress.../ Build in progress...- Build in progress...\ Build in progress...| Build in progress.../ Build in progress...- Build in progress...\ Build in progress...| Build in progress.../ Build in progress...- Build in progress...\ Build in progress...| Build in progress.../ Build in progress...- Build in progress...\ Build in progress...| Build in progress.../ Build in progress...- Build in progress...\ Build in progress...| Build in progress.../ Build in progress...- Build in progress...\ Build in progress...| Build in progress.../ Build in progress...- Build in progress...\ Build in progress...| Build in progress.../ Build in progress...- Build in progress...\ Build in progress...| Build in progress.../ Build in progress...- Build in progress...\ Build in progress...| Build in progress.../ Build in progress...- Build in progress...\ Build in progress...| Build in progress.../ Build in progress...- Build in progress...\ Build in progress...| Build in progress.../ Build in progress...- Build in progress...\ Build in progress...| Build in progress.../ Build in progress...- Build in progress...\ Build in progress...| Build in progress.../ Build in progress...- Build in progress...\ Build in progress...| Build in progress.../ Build in progress...- Build in progress...\ Build in progress...| Build in progress.../ Build in progress...- Build in progress...\ Build in progress...| Build in progress.../ Build in progress...- Build in progress...\ Build in progress...| Build in progress.../ Build in progress...- Build in progress...\ Build in progress...| Build in progress.../ Build in progress...- Build in progress...\ Build in progress...| Build in progress.../ Build in progress...- Build in progress...\ Build in progress...| Build in progress.../ Build in progress...- Build in progress...\ Build in progress...| Build in progress.../ Build in progress...- Build in progress...\ Build in progress...| Build in progress.../ Build in progress...- Build in progress...\ Build in progress...| Build in progress.../ Build in progress...- Build in progress...\ Build in progress...| Build in progress.../ Build in progress...- Build in progress...\ Build in progress...| Build in progress.../ Build in progress...- Build in progress...\ Build in progress...| Build in progress.../ Build in progress...- Build in progress...\ Build in progress...| Build in progress.../ Build in progress...- Build in progress...\ Build in progress...| Build in progress.../ Build in progress...- Build in progress...\ Build in progress...| Build in progress.../ Build in progress...- Build in progress...\ Build in progress...| Build in progress.../ Build in progress...- Build in progress...\ Build in progress...| Build in progress.../ Build in progress...- Build in progress...\ Build in progress...| Build in progress.../ Build in progress...- Build in progress...\ Build in progress...| Build in progress.../ Build in progress...- Build in progress...\ Build in progress...| Build in progress.../ Build in progress...- Build in progress...\ Build in progress...| Build in progress.../ Build in progress...- Build in progress...\ Build in progress...| Build in progress.../ Build in progress...- Build in progress...\ Build in progress...| Build in progress.../ Build in progress...- Build in progress...\ Build in progress...| Build in progress.../ Build in progress...- Build in progress...\ Build in progress...| Build in progress.../ Build in progress...- Build in progress...\ Build in progress...| Build in progress.../ Build in progress...- Build in progress...\ Build in progress...| Build in progress.../ Build in progress...- Build in progress...\ Build in progress...| Build in progress.../ Build in progress...- Build in progress...\ Build in progress...| Build in progress.../ Build in progress...- Build in progress...\ Build in progress...| Build in progress.../ Build in progress...- Build in progress...\ Build in progress...| Build in progress.../ Build in progress...- Build in progress...\ Build in progress...| Build in progress.../ Build in progress...- Build in progress...\ Build in progress...| Build in progress.../ Build in progress...- Build in progress...\ Build in progress...| Build in progress.../ Build in progress...- Build in progress...\ Build in progress...| Build in progress.../ Build in progress...- Build in progress...\ Build in progress...| Build in progress.../ Build in progress...- Build in progress...\ Build in progress...| Build in progress.../ Build in progress...- Build in progress...\ Build in progress...| Build in progress.../ Build in progress...- Build in progress...\ Build in progress...| Build in progress.../ Build in progress...- Build in progress...\ Build in progress...| Build in progress.../ Build in progress...- Build in progress...\ Build in progress...| Build in progress.../ Build in progress...- Build in progress...\ Build in progress...| Build in progress.../ Build in progress...- Build in progress...\ Build in progress...| Build in progress.../ Build in progress...- Build in progress...\ Build in progress...| Build in progress.../ Build in progress...- Build in progress...\ Build in progress...| Build in progress.../ Build in progress...- Build in progress...\ Build in progress...| Build in progress.../ Build in progress...- Build in progress...\ Build in progress...| Build in progress.../ Build in progress...- Build in progress...\ Build in progress...| Build in progress.../ Build in progress...- Build in progress...\ Build in progress...| Build in progress.../ Build in progress...- Build in progress...\ Build in progress...| Build in progress.../ Build in progress...- Build in progress...\ Build in progress...| Build in progress.../ Build in progress...- Build in progress...\ Build in progress...| Build in progress.../ Build in progress...- Build in progress...\ Build in progress...| Build in progress.../ Build in progress...- Build in progress...\ Build in progress...| Build in progress.../ Build in progress...- Build in progress...\ Build in progress...| Build in progress.../ Build in progress...- Build in progress...\ Build in progress...| Build in progress.../ Build in progress...- Build in progress...\ Build in progress...| Build in progress.../ Build in progress...- Build in progress...\ Build in progress...| Build in progress.../ Build in progress...- Build in progress...\ Build in progress...| Build in progress.../ Build in progress...- Build in progress...\ Build in progress...| Build in progress.../ Build in progress...- Build in progress...\ Build in progress...| Build in progress.../ Build in progress...- Build in progress...\ Build in progress...| Build in progress.../ Build in progress...- Build in progress...\ Build in progress...| Build in progress.../ Build in progress...- Build in progress...\ Build in progress...| Build in progress.../ Build in progress...- Build in progress...\ Build in progress...| Build in progress.../ Build in progress...- Build in progress...\ Build in progress...| Build in progress.../ Build in progress...- Build in progress...\ Build in progress...| Build in progress.../ Build in progress...- Build in progress...\ Build in progress...| Build in progress.../ Build in progress...- Build in progress...\ Build in progress...| Build in progress.../ Build in progress...- Build in progress...\ Build in progress...| Build in progress.../ Build in progress...- Build in progress...\ Build in progress...| Build in progress.../ Build in progress...- Build in progress...\ Build in progress...| Build in progress.../ Build in progress...- Build in progress...\ Build in progress...| Build in progress.../ Build in progress...- Build in progress...\ Build in progress...| Build in progress.../ Build in progress...- Build in progress...\ Build in progress...| Build in progress.../ Build in progress...- Build in progress...\ Build in progress...| Build in progress.../ Build in progress...- Build in progress...\ Build in progress...| Build in progress.../ Build in progress...- Build in progress...\ Build in progress...| Build in progress.../ Build in progress...- Build in progress...\ Build in progress...| Build in progress.../ Build in progress...- Build in progress...\ Build in progress...| Build in progress.../ Build in progress...- Build in progress...\ Build in progress...| Build in progress.../ Build in progress...- Build in progress...\ Build in progress...| Build in progress.../ Build in progress...- Build in progress...\ Build in progress...| Build in progress.../ Build in progress...- Build in progress...\ Build in progress...| Build in progress.../ Build in progress...- Build in progress...\ Build in progress...| Build in progress.../ Build in progress...- Build in progress...\ Build in progress...| Build in progress.../ Build in progress...- Build in progress...\ Build in progress...| Build in progress.../ Build in progress...- Build in progress...\ Build in progress...| Build in progress.../ Build in progress...- Build in progress...\ Build in progress...| Build in progress.../ Build in progress...- Build in progress...\ Build in progress...| Build in progress.../ Build in progress...- Build in progress...\ Build in progress...| Build in progress.../ Build in progress...- Build in progress...\ Build in progress...| Build in progress.../ Build in progress...- Build in progress...\ Build in progress...| Build in progress.../ Build in progress...- Build in progress...\ Build in progress...| Build in progress.../ Build in progress...- Build in progress...\ Build in progress...| Build in progress.../ Build in progress...- Build in progress...\ Build in progress...| Build in progress.../ Build in progress...- Build in progress...\ Build in progress...| Build in progress.../ Build in progress...- Build in progress...\ Build in progress...| Build in progress.../ Build in progress...- Build in progress...\ Build in progress...| Build in progress.../ Build in progress...- Build in progress...\ Build in progress...| Build in progress.../ Build in progress...- Build in progress...\ Build in progress...| Build in progress.../ Build in progress...- Build in progress...\ Build in progress...| Build in progress.../ Build in progress...- Build in progress...\ Build in progress...| Build in progress.../ Build in progress...- Build in progress...\ Build in progress...| Build in progress.../ Build in progress...- Build in progress...\ Build in progress...| Build in progress.../ Build in progress...- Build in progress...\ Build in progress...| Build in progress.../ Build in progress...- Build in progress...\ Build in progress...| Build in progress.../ Build in progress...- Build in progress...\ Build in progress...| Build in progress.../ Build in progress...- Build in progress...\ Build in progress...| Build in progress.../ Build in progress...- Build in progress...\ Build in progress...| Build in progress.../ Build in progress...Ô£ö Build finished
[?25l[2K[1G[36m?[39m [1mInstall and run the Android build on an emulator?[22m [90m┬╗[39m [90m(Y/n)[39m
